
> mushafplus@1.1.0 build
> vite build && node scripts/generate-shell-manifest.mjs && node scripts/purge-css.mjs && node scripts/generate-seo-pages.mjs && node scripts/check-seo-output.mjs && node scripts/audit-performance.mjs

[36mvite v8.2.0 [32mbuilding client environment for production...[36m[39m
[2Ktransforming...Found 22 warnings while optimizing generated CSS:

Issue #1:
[2m│   color: var(--tajwid-idgham-warsh);[22m
[2m│ }[22m
[2m│[22m ::highlight(tajwid-ghunna) {
[2m┆[22m             [33m[2m^--[22m 'highlight' is not recognized as a valid pseudo-element. Did you mean ':highlight' (pseudo-class) or is this a typo?[39m
[2m┆[22m
[2m│   color: var(--tajwid-ghunna);[22m
[2m│ }[22m

Issue #2:
[2m│   color: var(--tajwid-ghunna);[22m
[2m│ }[22m
[2m│[22m ::highlight(tajwid-ikhfa) {
[2m┆[22m             [33m[2m^--[22m 'highlight' is not recognized as a valid pseudo-element. Did you mean ':highlight' (pseudo-class) or is this a typo?[39m
[2m┆[22m
[2m│   color: var(--tajwid-ikhfa);[22m
[2m│ }[22m

Issue #3:
[2m│   color: var(--tajwid-ikhfa);[22m
[2m│ }[22m
[2m│[22m ::highlight(tajwid-qalqala) {
[2m┆[22m             [33m[2m^--[22m 'highlight' is not recognized as a valid pseudo-element. Did you mean ':highlight' (pseudo-class) or is this a typo?[39m
[2m┆[22m
[2m│   color: var(--tajwid-qalqala);[22m
[2m│ }[22m

Issue #4:
[2m│   color: var(--tajwid-qalqala);[22m
[2m│ }[22m
[2m│[22m ::highlight(tajwid-idgham) {
[2m┆[22m             [33m[2m^--[22m 'highlight' is not recognized as a valid pseudo-element. Did you mean ':highlight' (pseudo-class) or is this a typo?[39m
[2m┆[22m
[2m│   color: var(--tajwid-idgham);[22m
[2m│ }[22m

Issue #5:
[2m│   color: var(--tajwid-idgham);[22m
[2m│ }[22m
[2m│[22m ::highlight(tajwid-iqlab) {
[2m┆[22m             [33m[2m^--[22m 'highlight' is not recognized as a valid pseudo-element. Did you mean ':highlight' (pseudo-class) or is this a typo?[39m
[2m┆[22m
[2m│   color: var(--tajwid-iqlab);[22m
[2m│ }[22m

Issue #6:
[2m│   color: var(--tajwid-iqlab);[22m
[2m│ }[22m
[2m│[22m ::highlight(tajwid-madd-normal) {
[2m┆[22m             [33m[2m^--[22m 'highlight' is not recognized as a valid pseudo-element. Did you mean ':highlight' (pseudo-class) or is this a typo?[39m
[2m┆[22m
[2m│   color: var(--tajwid-madd-normal);[22m
[2m│ }[22m

Issue #7:
[2m│   color: var(--tajwid-madd-normal);[22m
[2m│ }[22m
[2m│[22m ::highlight(tajwid-madd-separated) {
[2m┆[22m             [33m[2m^--[22m 'highlight' is not recognized as a valid pseudo-element. Did you mean ':highlight' (pseudo-class) or is this a typo?[39m
[2m┆[22m
[2m│   color: var(--tajwid-madd-separated);[22m
[2m│ }[22m

Issue #8:
[2m│   color: var(--tajwid-madd-separated);[22m
[2m│ }[22m
[2m│[22m ::highlight(tajwid-madd-connected) {
[2m┆[22m             [33m[2m^--[22m 'highlight' is not recognized as a valid pseudo-element. Did you mean ':highlight' (pseudo-class) or is this a typo?[39m
[2m┆[22m
[2m│   color: var(--tajwid-madd-connected);[22m
[2m│ }[22m

Issue #9:
[2m│   color: var(--tajwid-madd-connected);[22m
[2m│ }[22m
[2m│[22m ::highlight(tajwid-madd) {
[2m┆[22m             [33m[2m^--[22m 'highlight' is not recognized as a valid pseudo-element. Did you mean ':highlight' (pseudo-class) or is this a typo?[39m
[2m┆[22m
[2m│   color: var(--tajwid-madd);[22m
[2m│ }[22m

Issue #10:
[2m│   color: var(--tajwid-madd);[22m
[2m│ }[22m
[2m│[22m ::highlight(tajwid-madd-necessary) {
[2m┆[22m             [33m[2m^--[22m 'highlight' is not recognized as a valid pseudo-element. Did you mean ':highlight' (pseudo-class) or is this a typo?[39m
[2m┆[22m
[2m│   color: var(--tajwid-madd-necessary);[22m
[2m│ }[22m

Issue #11:
[2m│   color: var(--tajwid-madd-necessary);[22m
[2m│ }[22m
[2m│[22m ::highlight(tajwid-madd-badal) {
[2m┆[22m             [33m[2m^--[22m 'highlight' is not recognized as a valid pseudo-element. Did you mean ':highlight' (pseudo-class) or is this a typo?[39m
[2m┆[22m
[2m│   color: var(--tajwid-madd-badal);[22m
[2m│ }[22m

Issue #12:
[2m│   color: var(--tajwid-madd-badal);[22m
[2m│ }[22m
[2m│[22m ::highlight(tajwid-lam-shamsiyya) {
[2m┆[22m             [33m[2m^--[22m 'highlight' is not recognized as a valid pseudo-element. Did you mean ':highlight' (pseudo-class) or is this a typo?[39m
[2m┆[22m
[2m│   color: var(--tajwid-lam-shamsiyya);[22m
[2m│ }[22m

Issue #13:
[2m│   color: var(--tajwid-lam-shamsiyya);[22m
[2m│ }[22m
[2m│[22m ::highlight(tajwid-silent) {
[2m┆[22m             [33m[2m^--[22m 'highlight' is not recognized as a valid pseudo-element. Did you mean ':highlight' (pseudo-class) or is this a typo?[39m
[2m┆[22m
[2m│   color: var(--tajwid-silent);[22m
[2m│ }[22m

Issue #14:
[2m│   color: var(--tajwid-silent);[22m
[2m│ }[22m
[2m│[22m ::highlight(tajwid-tafkhim) {
[2m┆[22m             [33m[2m^--[22m 'highlight' is not recognized as a valid pseudo-element. Did you mean ':highlight' (pseudo-class) or is this a typo?[39m
[2m┆[22m
[2m│   color: var(--tajwid-tafkhim);[22m
[2m│ }[22m

Issue #15:
[2m│   color: var(--tajwid-tafkhim);[22m
[2m│ }[22m
[2m│[22m ::highlight(tajwid-naql) {
[2m┆[22m             [33m[2m^--[22m 'highlight' is not recognized as a valid pseudo-element. Did you mean ':highlight' (pseudo-class) or is this a typo?[39m
[2m┆[22m
[2m│   color: var(--tajwid-naql);[22m
[2m│ }[22m

Issue #16:
[2m│   color: var(--tajwid-naql);[22m
[2m│ }[22m
[2m│[22m ::highlight(tajwid-tashil) {
[2m┆[22m             [33m[2m^--[22m 'highlight' is not recognized as a valid pseudo-element. Did you mean ':highlight' (pseudo-class) or is this a typo?[39m
[2m┆[22m
[2m│   color: var(--tajwid-tashil);[22m
[2m│ }[22m

Issue #17:
[2m│   color: var(--tajwid-tashil);[22m
[2m│ }[22m
[2m│[22m ::highlight(tajwid-ibdal) {
[2m┆[22m             [33m[2m^--[22m 'highlight' is not recognized as a valid pseudo-element. Did you mean ':highlight' (pseudo-class) or is this a typo?[39m
[2m┆[22m
[2m│   color: var(--tajwid-ibdal);[22m
[2m│ }[22m

Issue #18:
[2m│   color: var(--tajwid-ibdal);[22m
[2m│ }[22m
[2m│[22m ::highlight(tajwid-sila-kubra) {
[2m┆[22m             [33m[2m^--[22m 'highlight' is not recognized as a valid pseudo-element. Did you mean ':highlight' (pseudo-class) or is this a typo?[39m
[2m┆[22m
[2m│   color: var(--tajwid-sila-kubra);[22m
[2m│ }[22m

Issue #19:
[2m│   color: var(--tajwid-sila-kubra);[22m
[2m│ }[22m
[2m│[22m ::highlight(tajwid-tarqiq-ra) {
[2m┆[22m             [33m[2m^--[22m 'highlight' is not recognized as a valid pseudo-element. Did you mean ':highlight' (pseudo-class) or is this a typo?[39m
[2m┆[22m
[2m│   color: var(--tajwid-tarqiq-ra);[22m
[2m│ }[22m

Issue #20:
[2m│   color: var(--tajwid-tarqiq-ra);[22m
[2m│ }[22m
[2m│[22m ::highlight(tajwid-idgham-warsh) {
[2m┆[22m             [33m[2m^--[22m 'highlight' is not recognized as a valid pseudo-element. Did you mean ':highlight' (pseudo-class) or is this a typo?[39m
[2m┆[22m
[2m│   color: var(--tajwid-idgham-warsh);[22m
[2m│ }[22m

Issue #21:
[2m│   color: var(--tajwid-idgham-warsh);[22m
[2m│ }[22m
[2m│[22m ::highlight(tajwid-hover) {
[2m┆[22m             [33m[2m^--[22m 'highlight' is not recognized as a valid pseudo-element. Did you mean ':highlight' (pseudo-class) or is this a typo?[39m
[2m┆[22m
[2m│   background-color: rgba(var(--primary-rgb), 0.14);[22m
[2m│ }[22m

Issue #22:
[2m│   background-color: rgba(var(--primary-rgb), 0.14);[22m
[2m│ }[22m
[2m│[22m ::highlight(tajwid-playing) {
[2m┆[22m             [33m[2m^--[22m 'highlight' is not recognized as a valid pseudo-element. Did you mean ':highlight' (pseudo-class) or is this a typo?[39m
[2m┆[22m
[2m│   background-color: rgba(var(--primary-rgb), 0.16);[22m
[2m│ }[22m

[33m[33m[PLUGIN_TIMINGS] [0mYour build spent significant time in plugin `vite:asset`. See https://rolldown.rs/reference/InputOptions.checks#plugintimings for more details.
[39m
✓ 2052 modules transformed.
rendering chunks...
computing gzip size...
dist/index.html                              15.40 kB │ gzip:   4.07 kB
dist/assets/searchQuery.worker-CJr6f7V7.js   17.32 kB
dist/.vite/manifest.json                     17.95 kB │ gzip:   2.40 kB
dist/assets/B6ZHQdcM.css                      1.02 kB │ gzip:   0.47 kB
dist/assets/CtxcU65_.css                      7.83 kB │ gzip:   1.96 kB
dist/assets/CpJAhvHo.css                      7.96 kB │ gzip:   1.81 kB
dist/assets/QX8j7yuu.css                     10.46 kB │ gzip:   2.29 kB
dist/assets/DyzGxGNz.css                     15.53 kB │ gzip:   3.49 kB
dist/assets/DiQASXeM.css                     16.51 kB │ gzip:   3.52 kB
dist/assets/5VpcSb5e.css                     27.88 kB │ gzip:   5.61 kB
dist/assets/CBHt_HZR.css                     47.62 kB │ gzip:   6.15 kB
dist/assets/-JMonmbK.css                     60.66 kB │ gzip:   9.37 kB
dist/assets/DeazVooG.css                     84.20 kB │ gzip:  13.59 kB
dist/assets/ByFrp53n.css                    266.50 kB │ gzip:  39.16 kB
dist/assets/DQTjLDRu.css                    322.51 kB │ gzip:  50.09 kB
dist/assets/Jw44bqU0.css                    754.95 kB │ gzip: 123.78 kB
dist/assets/C7xhTAbS2.js                      0.05 kB │ gzip:   0.07 kB
dist/assets/p5mvA6Hr.js                       0.33 kB │ gzip:   0.22 kB
dist/assets/B5mE2qJ-.js                       0.36 kB │ gzip:   0.25 kB
dist/assets/D-BT4nt_.js                       0.74 kB │ gzip:   0.45 kB
dist/assets/M1wmqa_Y2.js                      0.80 kB │ gzip:   0.42 kB
dist/assets/DCLj4XDt2.js                      1.07 kB │ gzip:   0.51 kB
dist/assets/Dd_uD5pT.js                       1.10 kB │ gzip:   0.62 kB
dist/assets/CffO-1hT.js                       1.55 kB │ gzip:   0.68 kB
dist/assets/BlxHmhlA.js                       1.57 kB │ gzip:   0.78 kB
dist/assets/CmGox3sj.js                       1.61 kB │ gzip:   0.93 kB
dist/assets/BlVoRe_j2.js                      1.70 kB │ gzip:   0.89 kB
dist/assets/Bhr3ut-y.js                       1.78 kB │ gzip:   0.85 kB
dist/assets/BWFep92n.js                       1.93 kB │ gzip:   0.86 kB
dist/assets/Bkvo8293.js                       2.57 kB │ gzip:   1.22 kB
dist/assets/BsjxqR5p2.js                      2.67 kB │ gzip:   1.24 kB
dist/assets/B9ZVxm_P.js                       2.82 kB │ gzip:   1.18 kB
dist/assets/Cg_mnTFF.js                       2.82 kB │ gzip:   1.10 kB
dist/assets/DcyEpcy22.js                      3.14 kB │ gzip:   1.33 kB
dist/assets/BtcNfqYj.js                       3.32 kB │ gzip:   1.34 kB
dist/assets/CMh3Glre2.js                      4.06 kB │ gzip:   1.35 kB
dist/assets/D5y38FhP.js                       4.40 kB │ gzip:   1.62 kB
dist/assets/SlWkd1j8.js                       4.45 kB │ gzip:   1.92 kB
dist/assets/Dza6XaFp.js                       5.32 kB │ gzip:   1.54 kB
dist/assets/CTfVfDBT.js                       5.51 kB │ gzip:   2.28 kB
dist/assets/DER1vSv42.js                      6.77 kB │ gzip:   2.82 kB
dist/assets/Dbul6Kof.js                       6.87 kB │ gzip:   2.48 kB
dist/assets/D6cKg2Eb.js                       7.77 kB │ gzip:   3.71 kB
dist/assets/CdTEFxt52.js                      8.97 kB │ gzip:   3.49 kB
dist/assets/frKdGJ9l2.js                      9.20 kB │ gzip:   2.91 kB
dist/assets/VmJANBMa2.js                      9.40 kB │ gzip:   2.90 kB
dist/assets/DXQn8Kiu2.js                     10.07 kB │ gzip:   3.75 kB
dist/assets/CXOoKPu1.js                      10.59 kB │ gzip:   3.63 kB
dist/assets/BhxMmrBC2.js                     12.06 kB │ gzip:   4.62 kB
dist/assets/gBcuNiMu2.js                     13.90 kB │ gzip:   4.56 kB
dist/assets/7WctNPoI2.js                     14.53 kB │ gzip:   4.62 kB
dist/assets/J3cIt8AX.js                      15.47 kB │ gzip:   5.73 kB
dist/assets/CWkgyUQw.js                      15.61 kB │ gzip:   5.91 kB
dist/assets/bY1QPrMz2.js                     15.88 kB │ gzip:   5.00 kB
dist/assets/BSsdW6-P2.js                     16.19 kB │ gzip:   5.36 kB
dist/assets/CBRsOhJr2.js                     16.49 kB │ gzip:   5.82 kB
dist/assets/Bj2iSUEB.js                      20.19 kB │ gzip:   6.39 kB
dist/assets/BS-pgDEI.js                      23.93 kB │ gzip:   8.70 kB
dist/assets/BL2n6bz5.js                      24.80 kB │ gzip:   6.89 kB
dist/assets/B4ItEjL4.js                      24.96 kB │ gzip:   8.92 kB
dist/assets/EnNdThHD2.js                     25.20 kB │ gzip:   6.71 kB
dist/assets/BbV1xr_y.js                      26.02 kB │ gzip:  10.04 kB
dist/assets/Dobg_Joq2.js                     26.71 kB │ gzip:   9.01 kB
dist/assets/CeV4Zaty.js                      27.46 kB │ gzip:   8.81 kB
dist/assets/VrLeoKeH.js                      31.01 kB │ gzip:  10.37 kB
dist/assets/CtlOVN0x.js                      33.09 kB │ gzip:  11.48 kB
dist/assets/B5N7adAi2.js                     33.50 kB │ gzip:  10.88 kB
dist/assets/D7TuIhly2.js                     49.94 kB │ gzip:  16.76 kB
dist/assets/B7mxK0iG.js                      53.52 kB │ gzip:  17.42 kB
dist/assets/vWnCAOC72.js                     58.31 kB │ gzip:  19.13 kB
dist/assets/B4Y2GZUW.js                      61.40 kB │ gzip:  17.60 kB
dist/assets/jb4jfE6C.js                      69.03 kB │ gzip:  22.94 kB
dist/assets/BRqB6mWQ2.js                     73.44 kB │ gzip:  19.23 kB
dist/assets/DBS6dEDT.js                     139.58 kB │ gzip:  45.23 kB
dist/assets/Bxe5dw_G.js                     211.78 kB │ gzip:  61.02 kB

[33m[33m[INEFFECTIVE_DYNAMIC_IMPORT] [0msrc/i18n/index.js is dynamically imported by src/services/storageService.js, src/utils/wordAudio.js but also statically imported by src/App.jsx, src/components/AudioLoadingIndicator.jsx, src/components/AudioPlayer.jsx, src/components/AyahActions.jsx, src/components/AyahSharePanel.jsx, ..., dynamic import will not move module into another chunk.
[39m
[33m[33m[PLUGIN_TIMINGS] [0mYour build spent significant time in plugins. Here is a breakdown:
  - vite:css (88%)
  - vite:css-post (5%)
See https://rolldown.rs/reference/InputOptions.checks#plugintimings for more details.
[39m
[32m✓ built in 41.66s[39m
[shell-manifest] Wrote 38 app-shell assets.
[purge-css] Starting CSS purge...
[purge-css] Found 13 CSS files
[purge-css] Expanding content paths...
[purge-css] Found 61 content files

[purge-css] Processing -JMonmbK.css...
   Original size: 59.24 KB
   New size: 52.34 KB
   Reduction: 11.6%
   Removed selectors: 57

[purge-css] Processing 5VpcSb5e.css...
   Original size: 27.23 KB
   New size: 26.73 KB
   Reduction: 1.8%
   Removed selectors: 3

[purge-css] Processing B6ZHQdcM.css...
   Original size: 1.00 KB
   New size: 1.00 KB
   Reduction: 0.0%
   Removed selectors: 0

[purge-css] Processing ByFrp53n.css...
   Original size: 260.26 KB
   New size: 202.25 KB
   Reduction: 22.3%
   Removed selectors: 379

[purge-css] Processing CBHt_HZR.css...
   Original size: 46.51 KB
   New size: 46.23 KB
   Reduction: 0.6%
   Removed selectors: 8

[purge-css] Processing CpJAhvHo.css...
   Original size: 7.78 KB
   New size: 7.78 KB
   Reduction: 0.0%
   Removed selectors: 0

[purge-css] Processing CtxcU65_.css...
   Original size: 7.65 KB
   New size: 7.65 KB
   Reduction: 0.0%
   Removed selectors: 0

[purge-css] Processing DeazVooG.css...
   Original size: 82.23 KB
   New size: 54.89 KB
   Reduction: 33.2%
   Removed selectors: 167

[purge-css] Processing DiQASXeM.css...
   Original size: 16.13 KB
   New size: 12.23 KB
   Reduction: 24.2%
   Removed selectors: 22

[purge-css] Processing DQTjLDRu.css...
   Original size: 314.96 KB
   New size: 251.67 KB
   Reduction: 20.1%
   Removed selectors: 379

[purge-css] Processing DyzGxGNz.css...
   Original size: 15.17 KB
   New size: 14.29 KB
   Reduction: 5.8%
   Removed selectors: 10

[purge-css] Processing Jw44bqU0.css...
   Original size: 737.26 KB
   New size: 385.29 KB
   Reduction: 47.7%
   Removed selectors: 2699

[purge-css] Processing QX8j7yuu.css...
   Original size: 10.22 KB
   New size: 8.17 KB
   Reduction: 20.1%
   Removed selectors: 10
[purge-css] Live dynamic attribute selectors preserved across 13 files.

[purge-css] CSS purge complete.
[seo] 120 pages indexables + 404 générées, 120 URLs dans le sitemap.
[seo-check] OK — 120 indexable URLs, OG image 77.8 kB.

[perf-audit] Build asset summary
- CSS total: 1070.5 kB
- JS total: 1247.0 kB
- Largest asset: Jw44bqU0.css (385.3 kB)
- Largest asset: DQTjLDRu.css (251.7 kB)
- Largest asset: Bxe5dw_G.js (206.8 kB)
- Largest asset: ByFrp53n.css (202.3 kB)
- Largest asset: DBS6dEDT.js (136.3 kB)
[perf-audit] Warning: CSS bundle is still above 500 kB.

[perf-audit] Network probes
- API metadata: 200 in 661 ms
- Quran.com audio CDN: 200 in 379 ms
- QuranPedia Warsh audio: 200 in 481 ms
- EveryAyah CDN audio: 200 in 354 ms
