✔ Arabic typography clamps unsafe preferences (2.1322ms)
✔ Arabic typography scales progressively with the connected device (Phone, Tablet, Desktop) (1.1079ms)
✔ Arabic typography preserves user reductions and increases on every device (0.2449ms)
✔ Mushaf typography stays responsive without exceeding layout safety caps (0.1544ms)
✔ continuous Mushaf line height stays compact for every exposed Quran font (0.3319ms)
✔ page routes keep the same compact leading as continuous Mushaf routes (0.1751ms)
✔ every exposed Hafs text path removes internal dotted-circle anchors (0.9698ms)
✔ Yusuf 12:11 keeps its Quranic sign in the form each reading face can draw (0.2806ms)
✔ a silent letter keeps the QPC sukun in the Hafs face and the rounded zero elsewhere (0.2608ms)
✔ Al-Mulk pause signs stay attached to the preceding Uthmani glyph (0.3067ms)
✔ font-locked Hafs payloads stay out of generic word chains (0.2586ms)
✔ all supported embedded ayah marker forms collapse to one generated marker (2.2377ms)
✔ waqf signs remain Quran content while the standalone medallion stays canonical (0.9414ms)
✔ mobile playback requests a playback audio session and advances without animation frames (47.3934ms)
✔ a blocked native play is reported as paused, never as successful playback (1.4322ms)
✔ flat equalizer preserves the native audio path (0.4162ms)
✔ OS pause and resume events update the controls without forcing playback (0.7376ms)
✔ audio navigation scopes identify surah, page and juz playlists (1.1921ms)
✔ a stale playlist end cannot navigate a newly selected reading scope (0.2369ms)
✔ audio utils: formats playback time safely (3.1264ms)
✔ audio utils: reciter cooldown grows within defined bounds (0.2827ms)
✔ audio labels: core controls are available in every UI language (0.8898ms)
✔ audio player exposes only compact and expanded positions (17.4464ms)
✔ audio defaults stay in settings while advanced controls adapt inside the player (1.53ms)
✔ retired audio maker and reciter comparator components are deleted (0.5266ms)
✔ karaoke frame loop cancels all animation work while paused (11.269ms)
✔ each riwaya gets its own canonical basmala spelling (1.5008ms)
✔ Hafs basmala uses alif-wasl, Warsh basmala uses the Warsh wasla marks (0.2422ms)
✔ the Warsh basmala stays verbatim from the project Warsh source (2.6237ms)
✔ mushaf page and continuous reader resolve basmala through the riwaya (1.0366ms)
✔ crypto: authenticated device envelopes reject tampering (24.7327ms)
✔ crypto: protected migrations can purge the persisted fallback device key (0.4721ms)
✔ crypto: protected mode locks the key and validates the passphrase (401.9188ms)
✔ crypto: passphrases enforce a meaningful minimum and plaintext migrates (0.4697ms)
✔ crypto: locked settings cannot be overwritten by defaults (247.1461ms)
✔ editorial hub exposes the five published destinations and real actions (12.8041ms)
✔ privacy and source copy match the implemented local-first behavior (2.0529ms)
✔ English and Arabic editorial copy remains complete and cacheable (5.5748ms)
✔ complete Quran downloads merge progress from concurrent workers (161.0017ms)
✔ French, English and Arabic locale trees expose exactly the same keys (2.8799ms)
✔ all translated leaf values are usable strings or plural maps (0.8525ms)
✔ new accessibility labels resolve without falling back to their keys (0.4129ms)
✔ navigation: parses reading, duas and legal routes safely (3.7955ms)
✔ navigation: rejects invalid route numbers (0.3909ms)
✔ navigation: rejects partial route matches (0.2022ms)
✔ storage: settings round-trip encrypted and sanitized (16.9879ms)
✔ storage: retired comparison pins are discarded (4.2015ms)
✔ storage: preserves per-riwaya Quran font choices (18.487ms)
✔ storage: migrates removed local-only Warsh font aliases (20.1438ms)
✔ fonts: exposes riwaya-safe native ayah markers (1.0233ms)
✔ fonts: appends native ayah markers without duplicates (2.7689ms)
✔ fonts: strips source markers before a separate ayah marker is rendered (0.9867ms)
✔ fonts: selects Quran.com text compatible with the active Hafs font (0.6447ms)
✔ network policy disables background work and audio warming with data saver (2.6251ms)
✔ network policy scales audio warming to the connection (0.5065ms)
✔ low performance detection combines device and viewport signals (0.3893ms)
✔ performance metrics remain local and aggregate repeated samples (3.1452ms)
✔ performance metrics reject unsafe names and non-finite values (1.0096ms)
✔ removed progression tools are not mounted by the application (3.9734ms)
✔ reader keeps only the resume position and records no progression metrics (1.2028ms)
✔ service worker waits for user confirmation before activating an update (7.7488ms)
✔ service worker accepts commands only from a same-origin scoped client (0.2889ms)
✔ service worker keeps an installable entry shell when the shell manifest is unavailable (0.2117ms)
✔ service worker bounds runtime caches and awaits cache writes (0.2222ms)
✔ runtime cache does not persist opaque network responses (142.1234ms)
✔ service worker does not precache optional PWA gallery screenshots (0.4586ms)
✔ deployment headers allow same-origin device features for explicit opt-in (0.7736ms)
✔ PWA manifest exposes stable identity, coherent colors and dedicated install assets (0.9306ms)
✔ iOS startup images are declared and available for phone and tablet formats (1.9137ms)
✔ online audio still streams when Cache Storage is unavailable (67.7898ms)
✔ offline audio serves a usable body for bytes=0-999 (4.8839ms)
✔ offline audio serves a usable body for bytes=-3 (1.7878ms)
✔ offline audio serves a usable body for bytes=4- (1.8741ms)
✔ offline audio serves a usable body for bytes=20- (2.3133ms)
✔ offline audio serves a usable body for bytes=invalid (1.2679ms)
✔ offline audio serves a usable body for bytes=0-1,4-5 (1.5406ms)
✔ boot recovery preserves cached data when network is unavailable (online hint: false) (8.0009ms)
✔ boot recovery preserves cached data when network is unavailable (online hint: true) (1.9005ms)
✔ worker uses the correct Vary policy for https://qa.test/assets/app.js (3.4882ms)
✔ worker uses the correct Vary policy for https://api.alquran.cloud/v1/surah/1 (1.3434ms)
✔ note: rejects a record whose key points to another verse (1.9026ms)
✔ bookmark: rejects a record whose key points to another verse (1.2917ms)
✔ fetch timeout: an already cancelled navigation never sends a request (3.8153ms)
✔ fetch timeout: caller cancellation retains AbortError (1.4418ms)
✔ fetch timeout: finished requests release their cancellation listeners (62.3976ms)
✔ fetch timeout: actual timeout is still reported (10.2221ms)
✔ surah information is normalized before reaching the UI (71.925ms)
✔ an aborted reader does not cancel a shared Quran.com request (3.7031ms)
✔ healthy reader sources stay out of the reading interface (2.7867ms)
✔ reader typography controls remain explicit and mobile-accessible (0.904ms)
✔ the unified reader header remains available in mobile QCF4 Mushaf mode (1.1542ms)
✔ dua cards keep a single compact reader action (1.6966ms)
✔ surah information opens as an accessible responsive dossier (1.0448ms)
✔ reciter cards keep technical providers in the detail view (0.5645ms)
✔ verse action modal renders a reduced, responsive action grid (1.3373ms)
✔ Tajweed legend groups rules without compressing their labels (0.6501ms)
✔ page atmospheres remain contextual, theme-aware and asset-free (1.1185ms)
✔ mobile reader shell follows the Tajweed card and keeps an explicit home logo (1.2768ms)
✔ verse reference and primary actions keep one production-safe row (0.9588ms)
✔ home mobile hierarchy progressively discloses secondary content (1.1014ms)
✔ Mushaf pages keep a compact, theme-aware reading hierarchy (21.7068ms)
✔ reciter details expose a resumable complete Quran offline download (1.1146ms)
✔ immersive Mushaf opens on the verse in view and leafs right to left like a printed book (16.6954ms)
✔ immersive Mushaf keeps a quiet chrome: dialog, close, zoom and page controls (1.2906ms)
✔ immersive Mushaf is edge-to-edge and theme-aware through the portal sheet (1.5453ms)
✔ surah headings keep an accessible Arabic title while calligraphic selectors stay hidden from assistive tech (1.386ms)
✔ the active surah name keeps its meaning animated without harming accessibility (0.6822ms)
✔ home quick suggestions stay compact and available responsively (0.5778ms)
✔ home surah play controls expose and toggle the real playback state (1.254ms)
✔ retired word analysis CSS is absent from the application shell (2.0467ms)
✔ continuous Mushaf text strips embedded markers before rendering its marker (0.505ms)
✔ Warsh page data and fullscreen share one renderer with one marker owner (0.98ms)
✔ continuous Mushaf markers leave a readable gap before the next ayah (0.7696ms)
✔ ayah numbers keep one canonical glyph regardless of the reading font (0.5262ms)
✔ Tajweed legend and Quran.com markup share the same eight rule families (1.3544ms)
✔ the visual system separates brand, gold, Warsh and transliteration roles (1.5053ms)
✔ the application-wide design system owns themes, surfaces and responsive fallbacks (0.7772ms)
✔ the printed Mushaf page carries no translation band and its controls say so (0.8564ms)
✔ recitation performance: Warsh playlists are built locally without text fetches (2.0249ms)
✔ recitation performance: surah-stream radio keeps one item per surah (1.1642ms)
✔ audio sync: a full-surah stream exposes and advances the active ayah (3.6548ms)
✔ audio sync: selecting an ayah seeks within a full-surah stream (14.5811ms)
✔ audio performance: a rapid verse change supersedes the stale load cleanly (1.4333ms)
✔ audio performance: rapid reciter changes are serialized and latest wins (1.3735ms)
✔ audio correctness: switching reciter never reuses the previous reciter timing URL (1.0146ms)
✔ audio resilience: EveryAyah primary failure falls back to its mirror (0.5813ms)
✔ audio lifecycle: play and pause subscribers drive pausable consumers (3.2138ms)
✔ reciters: supplemental Hafs and Warsh entries are available (1.418ms)
✔ reciters: ids are unique and metadata is compatible with the player (5.2331ms)
✔ reciters: every catalogue entry has a visual and localized biography (0.5889ms)
✔ reciters: all 59 catalogue entries use curated portrait URLs, not known text thumbnails (0.4288ms)
✔ reciters: portrait attribution matches the actual image host (0.7389ms)
✔ reciters: Al-Matrood and Al-Sudais have verified biography sources (0.1965ms)
✔ reciters: requested voices are discoverable through common spellings (0.2753ms)
✔ reciters: every biography exposes a reviewed HTTPS source (0.4349ms)
✔ reciters: attributed portraits and biography sources are wired (1.1952ms)
✔ reciters: Warsh additions are marked as verified Warsh (0.3457ms)
✔ audio: everyayah and mp3quran reciter URLs are built as mp3 URLs (20.4914ms)
✔ all 114 surah routes resolve without clamping or redirection (3.9171ms)
✔ invalid reading routes return a real not-found state (0.5508ms)
✔ published transparency routes resolve explicitly (0.2909ms)
✔ search preparation sanitizes input and resolves candidates without a worker (5.376ms)
✔ search preparation falls back when worker messaging is unavailable (1.1071ms)
✔ security: allows only whitelisted https hosts (1.8085ms)
✔ security: production CSP excludes dev-only and unused risky sources (0.9403ms)
✔ fonts: the Hafs and Warsh faces are self-hosted as valid WOFF2 assets (1.2189ms)
✔ security: the HTML meta CSP stays compatible with local WebKit previews (0.4901ms)
✔ security: deployment CSP headers match the generated production policy (0.7619ms)
✔ security: all deployable root headers match the centralized policy (2.1416ms)
✔ security: deployment assets use CORP and unused browser capabilities are denied (0.6014ms)
✔ security: reader failures do not expose raw provider errors to the UI (0.8902ms)
✔ security: SVG sanitizer strips active content and external references (8.7248ms)
✔ security: sanitizers reject encoded SVG URLs and dangerous HTML (3.373ms)
✔ security: source avoids raw HTML injection sinks (29.5901ms)
✔ storage: rejects invalid localStorage key format (0.4926ms)
✔ storage: validates a saved note and returns fallback on corruption (0.4949ms)
✔ storage: keeps a valid offline download registry across reloads (0.5148ms)
✔ storage: accepts an explicitly cancelled offline download (0.246ms)
✔ storage quota reports usage, remaining capacity and persistence (1.9372ms)
✔ storage quota blocks a download that would consume the reserve (0.4038ms)
✔ audio estimates account for stream and verse downloads (0.2096ms)
✔ tafsir: exposes stable keys for selector values (1.2927ms)
✔ tafsir: accepts numeric resource ids and keeps selected source (1.3914ms)
✔ tafsir: falls back when the selected resource fails (1.297ms)
✔ tajwid segments keep leading Arabic marks attached to their base glyph (2.1508ms)
✔ tajwid segments retain the coloured base after moving a leading harakah (0.3286ms)
✔ stand-in superscript alef is normalized without creating an isolated mark (0.2147ms)
✔ QPC dotted-circle anchors never leak into the rendered Quran text (0.2988ms)
✔ QPC filled fallback dots are normalized to the canonical Quranic sign (0.1962ms)
✔ Al-Mulk waqf marks cannot be isolated by a zero-width separator (0.2547ms)
✔ interactive waqf signs preserve their canonical Quran code point on a safe anchor (0.2074ms)
✔ Hafs and Warsh use the shared Quran.com Tajweed color semantics (0.3271ms)
✔ shared modal.jsx close control follows the active language (1.9956ms)
✔ shared sheet.jsx close control follows the active language (0.4734ms)
✔ compact mobile player uses the safe-area dock and a visible progress rail (3.7015ms)
✔ reader and mobile settings keep a compact, labelled hierarchy (1.3545ms)
✔ feature-level accessibility labels use the active locale (1.0386ms)
✔ verse sharing: builds a stable MushafPlus deep link (3.3425ms)
✔ verse sharing: creates clean localized content (2.5154ms)
✔ verse sharing: provides valid destinations for every supported network (0.7206ms)
✔ verse sharing: strips markup and normalizes whitespace (0.1752ms)
✔ verse sharing: the product flow is image-first (1.1604ms)
✔ voice recognition follows the selected search language (1.54ms)
✔ voice recognition supports standard and prefixed browser APIs (0.3409ms)
✔ search modal exposes an accessible voice control and live feedback (1.124ms)
✔ segments are well-formed ranges without overlaps (2.6863ms)
✔ per-surah segment coverage reconciles both ayah totals (0.4782ms)
✔ Al-Fatiha: the ornamental basmala has no numbered Warsh ayah (1.1486ms)
✔ Al-Baqarah: Alif-Lam-Mim merges with the following verse in Warsh (0.271ms)
✔ Ar-Rum: one Warsh ayah recites the first three Hafs verses (0.178ms)
✔ Al-Haqqah: the split of hafs 25 shows both pieces as that verse (0.1379ms)
✔ Ar-Rahman refrain pairs stay mapped through the merge at the top (0.1444ms)
✔ Al-Inshiqaq: the hafs 16 split keeps both Warsh pieces on hafs 16 (0.1709ms)
✔ pure identity surahs map to themselves; offset surahs shift after the first divergence (0.1844ms)
✔ invalid coordinates return null instead of guessing a verse (0.241ms)
✔ round-tripping a warsh ayah through hafs returns its own neighbourhood (7.3275ms)
✔ warshRangeToHafsRange spans merged endpoints (0.2557ms)
✔ every surah reports a reliable mapping (0.2247ms)
✔ legacy Warsh corpus: stripping the marker never removes a Quran letter (72.1304ms)
✔ legacy Warsh corpus: markers attach in every whitespace form (14.0896ms)
✔ presentation forms are content unless they are the proven ayah number (0.3154ms)
✔ without ayah-number evidence no presentation form is stripped (0.433ms)
✔ digit and bracketed marker forms still collapse (0.2647ms)
✔ waqf and recitation signs survive marker stripping (0.1763ms)
✔ append then strip round-trips for Warsh ayahs (5.3932ms)
✔ the new Unicode Warsh source carries no presentation forms to strip (3.6196ms)
✔ WCAG: action sheets expose dialog semantics and focus management (2.7716ms)
✔ WCAG: forms, tabs and audio status keep programmatic names (1.3587ms)
✔ WCAG: the unified library dialog isolates its interactions (0.4515ms)
✔ WCAG: splash respects language, reduced motion and target size (2.0948ms)
✔ WCAG: reinforced reading colors meet AA contrast on light surfaces (0.5489ms)
ℹ tests 211
ℹ suites 0
ℹ pass 211
ℹ fail 0
ℹ cancelled 0
ℹ skipped 0
ℹ todo 0
ℹ duration_ms 1081.6604
