
> mushafplus@1.1.0 build:ci
> vite build && node scripts/generate-shell-manifest.mjs && node scripts/purge-css.mjs && node scripts/generate-seo-pages.mjs && node scripts/check-seo-output.mjs && node scripts/audit-performance.mjs && node scripts/check-screen-budget.mjs && node scripts/check-bundle-budget.mjs && node scripts/audit-css-architecture.mjs --check && node scripts/check-security-headers.mjs

[36mvite v8.2.0 [32mbuilding client environment for production...[36m[39m
[2Ktransforming...Found 22 warnings while optimizing generated CSS:

Issue #1:
[2m│   color: var(--tajwid-idgham-warsh);[22m
[2m│ }[22m
[2m│[22m ::highlight(tajwid-ghunna) {
[2m┆[22m             [33m[2m^--[22m 'highlight' is not recognized as a valid pseudo-element. Did you mean ':highlight' (pseudo-class) or is this a typo?[39m
[2m┆[22m
[2m│   color: var(--tajwid-ghunna);[22m
[2m│ }[22m

Issue #2:
[2m│   color: var(--tajwid-ghunna);[22m
[2m│ }[22m
[2m│[22m ::highlight(tajwid-ikhfa) {
[2m┆[22m             [33m[2m^--[22m 'highlight' is not recognized as a valid pseudo-element. Did you mean ':highlight' (pseudo-class) or is this a typo?[39m
[2m┆[22m
[2m│   color: var(--tajwid-ikhfa);[22m
[2m│ }[22m

Issue #3:
[2m│   color: var(--tajwid-ikhfa);[22m
[2m│ }[22m
[2m│[22m ::highlight(tajwid-qalqala) {
[2m┆[22m             [33m[2m^--[22m 'highlight' is not recognized as a valid pseudo-element. Did you mean ':highlight' (pseudo-class) or is this a typo?[39m
[2m┆[22m
[2m│   color: var(--tajwid-qalqala);[22m
[2m│ }[22m

Issue #4:
[2m│   color: var(--tajwid-qalqala);[22m
[2m│ }[22m
[2m│[22m ::highlight(tajwid-idgham) {
[2m┆[22m             [33m[2m^--[22m 'highlight' is not recognized as a valid pseudo-element. Did you mean ':highlight' (pseudo-class) or is this a typo?[39m
[2m┆[22m
[2m│   color: var(--tajwid-idgham);[22m
[2m│ }[22m

Issue #5:
[2m│   color: var(--tajwid-idgham);[22m
[2m│ }[22m
[2m│[22m ::highlight(tajwid-iqlab) {
[2m┆[22m             [33m[2m^--[22m 'highlight' is not recognized as a valid pseudo-element. Did you mean ':highlight' (pseudo-class) or is this a typo?[39m
[2m┆[22m
[2m│   color: var(--tajwid-iqlab);[22m
[2m│ }[22m

Issue #6:
[2m│   color: var(--tajwid-iqlab);[22m
[2m│ }[22m
[2m│[22m ::highlight(tajwid-madd-normal) {
[2m┆[22m             [33m[2m^--[22m 'highlight' is not recognized as a valid pseudo-element. Did you mean ':highlight' (pseudo-class) or is this a typo?[39m
[2m┆[22m
[2m│   color: var(--tajwid-madd-normal);[22m
[2m│ }[22m

Issue #7:
[2m│   color: var(--tajwid-madd-normal);[22m
[2m│ }[22m
[2m│[22m ::highlight(tajwid-madd-separated) {
[2m┆[22m             [33m[2m^--[22m 'highlight' is not recognized as a valid pseudo-element. Did you mean ':highlight' (pseudo-class) or is this a typo?[39m
[2m┆[22m
[2m│   color: var(--tajwid-madd-separated);[22m
[2m│ }[22m

Issue #8:
[2m│   color: var(--tajwid-madd-separated);[22m
[2m│ }[22m
[2m│[22m ::highlight(tajwid-madd-connected) {
[2m┆[22m             [33m[2m^--[22m 'highlight' is not recognized as a valid pseudo-element. Did you mean ':highlight' (pseudo-class) or is this a typo?[39m
[2m┆[22m
[2m│   color: var(--tajwid-madd-connected);[22m
[2m│ }[22m

Issue #9:
[2m│   color: var(--tajwid-madd-connected);[22m
[2m│ }[22m
[2m│[22m ::highlight(tajwid-madd) {
[2m┆[22m             [33m[2m^--[22m 'highlight' is not recognized as a valid pseudo-element. Did you mean ':highlight' (pseudo-class) or is this a typo?[39m
[2m┆[22m
[2m│   color: var(--tajwid-madd);[22m
[2m│ }[22m

Issue #10:
[2m│   color: var(--tajwid-madd);[22m
[2m│ }[22m
[2m│[22m ::highlight(tajwid-madd-necessary) {
[2m┆[22m             [33m[2m^--[22m 'highlight' is not recognized as a valid pseudo-element. Did you mean ':highlight' (pseudo-class) or is this a typo?[39m
[2m┆[22m
[2m│   color: var(--tajwid-madd-necessary);[22m
[2m│ }[22m

Issue #11:
[2m│   color: var(--tajwid-madd-necessary);[22m
[2m│ }[22m
[2m│[22m ::highlight(tajwid-madd-badal) {
[2m┆[22m             [33m[2m^--[22m 'highlight' is not recognized as a valid pseudo-element. Did you mean ':highlight' (pseudo-class) or is this a typo?[39m
[2m┆[22m
[2m│   color: var(--tajwid-madd-badal);[22m
[2m│ }[22m

Issue #12:
[2m│   color: var(--tajwid-madd-badal);[22m
[2m│ }[22m
[2m│[22m ::highlight(tajwid-lam-shamsiyya) {
[2m┆[22m             [33m[2m^--[22m 'highlight' is not recognized as a valid pseudo-element. Did you mean ':highlight' (pseudo-class) or is this a typo?[39m
[2m┆[22m
[2m│   color: var(--tajwid-lam-shamsiyya);[22m
[2m│ }[22m

Issue #13:
[2m│   color: var(--tajwid-lam-shamsiyya);[22m
[2m│ }[22m
[2m│[22m ::highlight(tajwid-silent) {
[2m┆[22m             [33m[2m^--[22m 'highlight' is not recognized as a valid pseudo-element. Did you mean ':highlight' (pseudo-class) or is this a typo?[39m
[2m┆[22m
[2m│   color: var(--tajwid-silent);[22m
[2m│ }[22m

Issue #14:
[2m│   color: var(--tajwid-silent);[22m
[2m│ }[22m
[2m│[22m ::highlight(tajwid-tafkhim) {
[2m┆[22m             [33m[2m^--[22m 'highlight' is not recognized as a valid pseudo-element. Did you mean ':highlight' (pseudo-class) or is this a typo?[39m
[2m┆[22m
[2m│   color: var(--tajwid-tafkhim);[22m
[2m│ }[22m

Issue #15:
[2m│   color: var(--tajwid-tafkhim);[22m
[2m│ }[22m
[2m│[22m ::highlight(tajwid-naql) {
[2m┆[22m             [33m[2m^--[22m 'highlight' is not recognized as a valid pseudo-element. Did you mean ':highlight' (pseudo-class) or is this a typo?[39m
[2m┆[22m
[2m│   color: var(--tajwid-naql);[22m
[2m│ }[22m

Issue #16:
[2m│   color: var(--tajwid-naql);[22m
[2m│ }[22m
[2m│[22m ::highlight(tajwid-tashil) {
[2m┆[22m             [33m[2m^--[22m 'highlight' is not recognized as a valid pseudo-element. Did you mean ':highlight' (pseudo-class) or is this a typo?[39m
[2m┆[22m
[2m│   color: var(--tajwid-tashil);[22m
[2m│ }[22m

Issue #17:
[2m│   color: var(--tajwid-tashil);[22m
[2m│ }[22m
[2m│[22m ::highlight(tajwid-ibdal) {
[2m┆[22m             [33m[2m^--[22m 'highlight' is not recognized as a valid pseudo-element. Did you mean ':highlight' (pseudo-class) or is this a typo?[39m
[2m┆[22m
[2m│   color: var(--tajwid-ibdal);[22m
[2m│ }[22m

Issue #18:
[2m│   color: var(--tajwid-ibdal);[22m
[2m│ }[22m
[2m│[22m ::highlight(tajwid-sila-kubra) {
[2m┆[22m             [33m[2m^--[22m 'highlight' is not recognized as a valid pseudo-element. Did you mean ':highlight' (pseudo-class) or is this a typo?[39m
[2m┆[22m
[2m│   color: var(--tajwid-sila-kubra);[22m
[2m│ }[22m

Issue #19:
[2m│   color: var(--tajwid-sila-kubra);[22m
[2m│ }[22m
[2m│[22m ::highlight(tajwid-tarqiq-ra) {
[2m┆[22m             [33m[2m^--[22m 'highlight' is not recognized as a valid pseudo-element. Did you mean ':highlight' (pseudo-class) or is this a typo?[39m
[2m┆[22m
[2m│   color: var(--tajwid-tarqiq-ra);[22m
[2m│ }[22m

Issue #20:
[2m│   color: var(--tajwid-tarqiq-ra);[22m
[2m│ }[22m
[2m│[22m ::highlight(tajwid-idgham-warsh) {
[2m┆[22m             [33m[2m^--[22m 'highlight' is not recognized as a valid pseudo-element. Did you mean ':highlight' (pseudo-class) or is this a typo?[39m
[2m┆[22m
[2m│   color: var(--tajwid-idgham-warsh);[22m
[2m│ }[22m

Issue #21:
[2m│   color: var(--tajwid-idgham-warsh);[22m
[2m│ }[22m
[2m│[22m ::highlight(tajwid-hover) {
[2m┆[22m             [33m[2m^--[22m 'highlight' is not recognized as a valid pseudo-element. Did you mean ':highlight' (pseudo-class) or is this a typo?[39m
[2m┆[22m
[2m│   background-color: rgba(var(--primary-rgb), 0.14);[22m
[2m│ }[22m

Issue #22:
[2m│   background-color: rgba(var(--primary-rgb), 0.14);[22m
[2m│ }[22m
[2m│[22m ::highlight(tajwid-playing) {
[2m┆[22m             [33m[2m^--[22m 'highlight' is not recognized as a valid pseudo-element. Did you mean ':highlight' (pseudo-class) or is this a typo?[39m
[2m┆[22m
[2m│   background-color: rgba(var(--primary-rgb), 0.16);[22m
[2m│ }[22m

✓ 2048 modules transformed.
rendering chunks...
computing gzip size...
dist/index.html                              15.08 kB │ gzip:   3.72 kB
dist/assets/searchQuery.worker-DpdIbfTj.js   16.65 kB
dist/.vite/manifest.json                     17.77 kB │ gzip:   2.34 kB
dist/assets/B6ZHQdcM.css                      1.02 kB │ gzip:   0.47 kB
dist/assets/AE0l3Cjz.css                      7.82 kB │ gzip:   1.96 kB
dist/assets/C9ynrcZf.css                      7.83 kB │ gzip:   1.79 kB
dist/assets/QX8j7yuu.css                     10.46 kB │ gzip:   2.29 kB
dist/assets/DyzGxGNz.css                     15.53 kB │ gzip:   3.49 kB
dist/assets/CtLdyjX9.css                     16.44 kB │ gzip:   3.50 kB
dist/assets/DODHpFEq.css                     27.48 kB │ gzip:   5.54 kB
dist/assets/HqH0aq0G.css                     47.44 kB │ gzip:   6.12 kB
dist/assets/BLKEXLb0.css                     60.40 kB │ gzip:   9.33 kB
dist/assets/xr7C9OCn.css                     83.11 kB │ gzip:  13.46 kB
dist/assets/CaAiotjL.css                    264.98 kB │ gzip:  38.98 kB
dist/assets/C0yFySuq.css                    316.59 kB │ gzip:  49.22 kB
dist/assets/CUrQjL5h.css                    674.09 kB │ gzip: 113.60 kB
dist/assets/BRG9DmoO2.js                      0.05 kB │ gzip:   0.07 kB
dist/assets/p5mvA6Hr.js                       0.33 kB │ gzip:   0.22 kB
dist/assets/B5mE2qJ-.js                       0.36 kB │ gzip:   0.25 kB
dist/assets/D-BT4nt_.js                       0.74 kB │ gzip:   0.45 kB
dist/assets/MhwpfPnZ2.js                      0.80 kB │ gzip:   0.42 kB
dist/assets/DCLj4XDt2.js                      1.07 kB │ gzip:   0.51 kB
dist/assets/Dd_uD5pT.js                       1.10 kB │ gzip:   0.62 kB
dist/assets/CffO-1hT.js                       1.55 kB │ gzip:   0.68 kB
dist/assets/lEArJhDY.js                       1.57 kB │ gzip:   0.78 kB
dist/assets/CmGox3sj.js                       1.61 kB │ gzip:   0.93 kB
dist/assets/BlVoRe_j2.js                      1.70 kB │ gzip:   0.89 kB
dist/assets/DGIuv5_6.js                       1.96 kB │ gzip:   0.87 kB
dist/assets/D-rRBcKV.js                       2.57 kB │ gzip:   1.22 kB
dist/assets/CEloqnjL2.js                      2.68 kB │ gzip:   1.24 kB
dist/assets/DlI9Fv3H.js                       2.82 kB │ gzip:   1.18 kB
dist/assets/CRTHR4TS.js                       2.82 kB │ gzip:   1.10 kB
dist/assets/DIiNxhop.js                       3.13 kB │ gzip:   1.10 kB
dist/assets/DcyEpcy22.js                      3.14 kB │ gzip:   1.33 kB
dist/assets/BtcNfqYj.js                       3.32 kB │ gzip:   1.34 kB
dist/assets/D8HvTkW72.js                      4.06 kB │ gzip:   1.35 kB
dist/assets/D5y38FhP.js                       4.40 kB │ gzip:   1.62 kB
dist/assets/SlWkd1j8.js                       4.45 kB │ gzip:   1.92 kB
dist/assets/CnxmK0XE.js                       5.47 kB │ gzip:   2.26 kB
dist/assets/DER1vSv42.js                      6.77 kB │ gzip:   2.82 kB
dist/assets/DDQzidt4.js                       6.81 kB │ gzip:   3.28 kB
dist/assets/B4BNPS4i.js                       6.87 kB │ gzip:   2.48 kB
dist/assets/CEw--nXx2.js                      8.97 kB │ gzip:   3.49 kB
dist/assets/BhpN2KFL.js                       9.20 kB │ gzip:   2.92 kB
dist/assets/C_-BvgqD2.js                      9.70 kB │ gzip:   3.02 kB
dist/assets/BN9QCheu2.js                     10.45 kB │ gzip:   3.93 kB
dist/assets/CXOoKPu1.js                      10.59 kB │ gzip:   3.63 kB
dist/assets/sGguGHYF2.js                     12.00 kB │ gzip:   4.59 kB
dist/assets/BSHe1o182.js                     13.47 kB │ gzip:   4.73 kB
dist/assets/DYCYuFm42.js                     14.05 kB │ gzip:   4.63 kB
dist/assets/BM5KTpgK2.js                     14.30 kB │ gzip:   4.82 kB
dist/assets/DVdn9a7p2.js                     14.53 kB │ gzip:   4.62 kB
dist/assets/DY-iiVay.js                      14.76 kB │ gzip:   5.52 kB
dist/assets/CLetp2ig2.js                     15.63 kB │ gzip:   4.88 kB
dist/assets/GUI3Mitu.js                      17.12 kB │ gzip:   6.51 kB
dist/assets/Cd157EZx.js                      20.07 kB │ gzip:   6.38 kB
dist/assets/Da_K4A4z.js                      21.97 kB │ gzip:   7.98 kB
dist/assets/DflvMZOK.js                      24.80 kB │ gzip:   6.89 kB
dist/assets/B4ItEjL4.js                      24.96 kB │ gzip:   8.92 kB
dist/assets/CvOMN05H2.js                     25.18 kB │ gzip:   6.70 kB
dist/assets/BbV1xr_y.js                      26.02 kB │ gzip:  10.04 kB
dist/assets/t8eeo9922.js                     26.71 kB │ gzip:   9.01 kB
dist/assets/CeV4Zaty.js                      27.46 kB │ gzip:   8.81 kB
dist/assets/CHXLtRhI.js                      31.29 kB │ gzip:  10.45 kB
dist/assets/CtlOVN0x.js                      33.09 kB │ gzip:  11.48 kB
dist/assets/CaoYHtNj2.js                     33.35 kB │ gzip:  10.85 kB
dist/assets/B7mxK0iG.js                      53.52 kB │ gzip:  17.42 kB
dist/assets/D1_T01X22.js                     57.98 kB │ gzip:  19.03 kB
dist/assets/Da2pyZZx2.js                     58.16 kB │ gzip:  19.05 kB
dist/assets/D3xIi0h3.js                      62.45 kB │ gzip:  17.93 kB
dist/assets/lwxmbNBP2.js                     64.11 kB │ gzip:  16.41 kB
dist/assets/CQm8t_TZ.js                      68.69 kB │ gzip:  22.94 kB
dist/assets/DBS6dEDT.js                     139.58 kB │ gzip:  45.23 kB
dist/assets/315ShMMA.js                     195.73 kB │ gzip:  58.50 kB

[33m[33m[INEFFECTIVE_DYNAMIC_IMPORT] [0msrc/i18n/index.js is dynamically imported by src/services/storageService.js, src/utils/wordAudio.js but also statically imported by src/App.jsx, src/components/AudioLoadingIndicator.jsx, src/components/AudioPlayer.jsx, src/components/AyahActions.jsx, src/components/AyahSharePanel.jsx, ..., dynamic import will not move module into another chunk.
[39m
[33m[33m[PLUGIN_TIMINGS] [0mYour build spent significant time in plugins. Here is a breakdown:
  - vite:css (68%)
  - vite:css-post (15%)
  - @tailwindcss/vite:generate:build (10%)
See https://rolldown.rs/reference/InputOptions.checks#plugintimings for more details.
[39m
[32m✓ built in 6.69s[39m
[shell-manifest] Wrote 37 app-shell assets.
[purge-css] Starting CSS purge...
[purge-css] Found 13 CSS files
[purge-css] Expanding content paths...
[purge-css] Found 60 content files

[purge-css] Processing AE0l3Cjz.css...
   Original size: 7.64 KB
   New size: 7.64 KB
   Reduction: 0.0%
   Removed selectors: 0

[purge-css] Processing B6ZHQdcM.css...
   Original size: 1.00 KB
   New size: 1.00 KB
   Reduction: 0.0%
   Removed selectors: 0

[purge-css] Processing BLKEXLb0.css...
   Original size: 58.99 KB
   New size: 52.09 KB
   Reduction: 11.7%
   Removed selectors: 57

[purge-css] Processing C0yFySuq.css...
   Original size: 309.18 KB
   New size: 247.19 KB
   Reduction: 20.0%
   Removed selectors: 370

[purge-css] Processing C9ynrcZf.css...
   Original size: 7.65 KB
   New size: 7.65 KB
   Reduction: 0.0%
   Removed selectors: 0

[purge-css] Processing CaAiotjL.css...
   Original size: 258.78 KB
   New size: 200.66 KB
   Reduction: 22.5%
   Removed selectors: 381

[purge-css] Processing CtLdyjX9.css...
   Original size: 16.06 KB
   New size: 12.16 KB
   Reduction: 24.3%
   Removed selectors: 22

[purge-css] Processing CUrQjL5h.css...
   Original size: 658.29 KB
   New size: 380.18 KB
   Reduction: 42.2%
   Removed selectors: 1911

[purge-css] Processing DODHpFEq.css...
   Original size: 26.84 KB
   New size: 24.02 KB
   Reduction: 10.5%
   Removed selectors: 16

[purge-css] Processing DyzGxGNz.css...
   Original size: 15.17 KB
   New size: 14.29 KB
   Reduction: 5.8%
   Removed selectors: 10

[purge-css] Processing HqH0aq0G.css...
   Original size: 46.33 KB
   New size: 46.04 KB
   Reduction: 0.6%
   Removed selectors: 8

[purge-css] Processing QX8j7yuu.css...
   Original size: 10.22 KB
   New size: 8.17 KB
   Reduction: 20.1%
   Removed selectors: 10

[purge-css] Processing xr7C9OCn.css...
   Original size: 81.16 KB
   New size: 53.98 KB
   Reduction: 33.5%
   Removed selectors: 166
[purge-css] Live dynamic attribute selectors preserved across 13 files.

[purge-css] CSS purge complete.
[seo] 120 pages indexables + 404 générées, 120 URLs dans le sitemap.
[seo-check] OK — 120 indexable URLs, OG image 77.8 kB.

[perf-audit] Build asset summary
- CSS total: 1055.1 kB
- JS total: 1219.7 kB
- Largest asset: CUrQjL5h.css (380.2 kB)
- Largest asset: C0yFySuq.css (247.2 kB)
- Largest asset: CaAiotjL.css (200.7 kB)
- Largest asset: 315ShMMA.js (191.1 kB)
- Largest asset: DBS6dEDT.js (136.3 kB)
[perf-audit] Warning: CSS bundle is still above 500 kB.

[perf-audit] Network probes
- API metadata: 200 in 627 ms
- Quran.com audio CDN: 200 in 365 ms
- QuranPedia Warsh audio: 200 in 1313 ms
- EveryAyah CDN audio: 200 in 363 ms
[screen-budget] src/components/HomePage.jsx: 31.8 kB (limit 40 kB) -> OK
[screen-budget] src/components/QuranDisplay.jsx: 20.6 kB (limit 24 kB) -> OK
[screen-budget] src/components/AudioPlayer.jsx: 38.6 kB (limit 42 kB) -> OK
[screen-budget] src/components/SettingsModal.jsx: 34.7 kB (limit 44 kB) -> OK
[screen-budget] src/components/LibraryModal.jsx: 14.3 kB (limit 24 kB) -> OK
[screen-budget] src/components/AyahActions.jsx: 46.1 kB (limit 90 kB) -> OK
[screen-budget] src/services/audioService.js: 44.2 kB (limit 45 kB) -> OK
[screen-budget] src/context/AppContext.jsx: 29.6 kB (limit 34 kB) -> OK
[screen-budget] src/services/quranAPI.js: 27.7 kB (limit 29 kB) -> OK
[screen-budget] src/services/quranComAPI.js: 19.3 kB (limit 20 kB) -> OK
[budget] Aggregate CSS: 1055.1 kB (limit 1060 kB)
[budget] Aggregate JS: 1219.7 kB (limit 1275 kB)
[budget] Aggregate CSS+JS: 2274.8 kB (limit 2275 kB)
[budget] Initial entry: 799.1 kB (JS 418.9 kB, CSS 380.2 kB, gzip 198.7 kB)
[budget] Largest CSS: CUrQjL5h.css (380.2 kB, limit 395 kB)
[budget] Largest JS: 315ShMMA.js (191.1 kB, limit 225 kB)
[budget] deferred CSS: 200.7 kB (limit 205 kB)
[budget] home CSS: 54.0 kB (limit 58 kB)
[budget] reader CSS: 247.2 kB (limit 252 kB)
[budget] OK
[css-audit] Largest retained source layers
- src\styles\tailwind.css: 164.5 kB retained (38%), 305 !important, 1430 selectors removable
- src\styles\home-audio-ux-refonte.css: 79.6 kB retained (75%), 945 !important, 144 selectors removable
- src\styles\domains\reading-platform.css: 75.3 kB retained (63%), 534 !important, 238 selectors removable
- src\styles\domains\reader-consolidation.css: 74.4 kB retained (75%), 437 !important, 143 selectors removable
- src\styles\domains\search-home-polish.css: 67.3 kB retained (65%), 175 !important, 177 selectors removable
- src\styles\device-responsive.css: 59.0 kB retained (99%), 577 !important, 14 selectors removable
- src\styles\responsive-all.css: 51.0 kB retained (88%), 406 !important, 95 selectors removable
- src\styles\settings-enhanced.css: 49.6 kB retained (99%), 785 !important, 8 selectors removable
- src\styles\app-system.css: 44.5 kB retained (99%), 52 !important, 14 selectors removable
- src\styles\mushaf-page-polish.css: 42.6 kB retained (99%), 273 !important, 4 selectors removable
- src\styles\mushaf-book.css: 42.0 kB retained (100%), 15 !important, 1 selectors removable
- src\styles\audio-player-simple.css: 39.1 kB retained (99%), 270 !important, 5 selectors removable
- src\styles\domains\reader-premium.css: 35.5 kB retained (98%), 213 !important, 10 selectors removable
- src\styles\header-enhanced.css: 34.5 kB retained (94%), 265 !important, 22 selectors removable
- src\styles\experience-polish.css: 33.1 kB retained (81%), 166 !important, 51 selectors removable
[css-audit] Source summary
- Source CSS: 1760.5 kB
- Retained against the production app: 1238.3 kB
- !important declarations: 6843
- Removable selectors: 3088
- Exact duplicate rules: 0 (0.0 kB)
- Cross-file exact duplicate rules: 0
[css-audit] Budget OK
Security headers: Netlify and Vercel match the centralized policy.
