
> mushafplus@1.1.0 build:ci
> vite build && node scripts/generate-shell-manifest.mjs && node scripts/purge-css.mjs && node scripts/generate-seo-pages.mjs && node scripts/check-seo-output.mjs && node scripts/audit-performance.mjs && node scripts/check-screen-budget.mjs && node scripts/check-bundle-budget.mjs && node scripts/audit-css-architecture.mjs --check && node scripts/check-security-headers.mjs

[36mvite v8.2.0 [32mbuilding client environment for production...[36m[39m
[2Ktransforming...Found 22 warnings while optimizing generated CSS:

Issue #1:
[2m│   color: var(--tajwid-idgham-warsh);[22m
[2m│ }[22m
[2m│[22m ::highlight(tajwid-ghunna) {
[2m┆[22m             [33m[2m^--[22m 'highlight' is not recognized as a valid pseudo-element. Did you mean ':highlight' (pseudo-class) or is this a typo?[39m
[2m┆[22m
[2m│   color: var(--tajwid-ghunna);[22m
[2m│ }[22m

Issue #2:
[2m│   color: var(--tajwid-ghunna);[22m
[2m│ }[22m
[2m│[22m ::highlight(tajwid-ikhfa) {
[2m┆[22m             [33m[2m^--[22m 'highlight' is not recognized as a valid pseudo-element. Did you mean ':highlight' (pseudo-class) or is this a typo?[39m
[2m┆[22m
[2m│   color: var(--tajwid-ikhfa);[22m
[2m│ }[22m

Issue #3:
[2m│   color: var(--tajwid-ikhfa);[22m
[2m│ }[22m
[2m│[22m ::highlight(tajwid-qalqala) {
[2m┆[22m             [33m[2m^--[22m 'highlight' is not recognized as a valid pseudo-element. Did you mean ':highlight' (pseudo-class) or is this a typo?[39m
[2m┆[22m
[2m│   color: var(--tajwid-qalqala);[22m
[2m│ }[22m

Issue #4:
[2m│   color: var(--tajwid-qalqala);[22m
[2m│ }[22m
[2m│[22m ::highlight(tajwid-idgham) {
[2m┆[22m             [33m[2m^--[22m 'highlight' is not recognized as a valid pseudo-element. Did you mean ':highlight' (pseudo-class) or is this a typo?[39m
[2m┆[22m
[2m│   color: var(--tajwid-idgham);[22m
[2m│ }[22m

Issue #5:
[2m│   color: var(--tajwid-idgham);[22m
[2m│ }[22m
[2m│[22m ::highlight(tajwid-iqlab) {
[2m┆[22m             [33m[2m^--[22m 'highlight' is not recognized as a valid pseudo-element. Did you mean ':highlight' (pseudo-class) or is this a typo?[39m
[2m┆[22m
[2m│   color: var(--tajwid-iqlab);[22m
[2m│ }[22m

Issue #6:
[2m│   color: var(--tajwid-iqlab);[22m
[2m│ }[22m
[2m│[22m ::highlight(tajwid-madd-normal) {
[2m┆[22m             [33m[2m^--[22m 'highlight' is not recognized as a valid pseudo-element. Did you mean ':highlight' (pseudo-class) or is this a typo?[39m
[2m┆[22m
[2m│   color: var(--tajwid-madd-normal);[22m
[2m│ }[22m

Issue #7:
[2m│   color: var(--tajwid-madd-normal);[22m
[2m│ }[22m
[2m│[22m ::highlight(tajwid-madd-separated) {
[2m┆[22m             [33m[2m^--[22m 'highlight' is not recognized as a valid pseudo-element. Did you mean ':highlight' (pseudo-class) or is this a typo?[39m
[2m┆[22m
[2m│   color: var(--tajwid-madd-separated);[22m
[2m│ }[22m

Issue #8:
[2m│   color: var(--tajwid-madd-separated);[22m
[2m│ }[22m
[2m│[22m ::highlight(tajwid-madd-connected) {
[2m┆[22m             [33m[2m^--[22m 'highlight' is not recognized as a valid pseudo-element. Did you mean ':highlight' (pseudo-class) or is this a typo?[39m
[2m┆[22m
[2m│   color: var(--tajwid-madd-connected);[22m
[2m│ }[22m

Issue #9:
[2m│   color: var(--tajwid-madd-connected);[22m
[2m│ }[22m
[2m│[22m ::highlight(tajwid-madd) {
[2m┆[22m             [33m[2m^--[22m 'highlight' is not recognized as a valid pseudo-element. Did you mean ':highlight' (pseudo-class) or is this a typo?[39m
[2m┆[22m
[2m│   color: var(--tajwid-madd);[22m
[2m│ }[22m

Issue #10:
[2m│   color: var(--tajwid-madd);[22m
[2m│ }[22m
[2m│[22m ::highlight(tajwid-madd-necessary) {
[2m┆[22m             [33m[2m^--[22m 'highlight' is not recognized as a valid pseudo-element. Did you mean ':highlight' (pseudo-class) or is this a typo?[39m
[2m┆[22m
[2m│   color: var(--tajwid-madd-necessary);[22m
[2m│ }[22m

Issue #11:
[2m│   color: var(--tajwid-madd-necessary);[22m
[2m│ }[22m
[2m│[22m ::highlight(tajwid-madd-badal) {
[2m┆[22m             [33m[2m^--[22m 'highlight' is not recognized as a valid pseudo-element. Did you mean ':highlight' (pseudo-class) or is this a typo?[39m
[2m┆[22m
[2m│   color: var(--tajwid-madd-badal);[22m
[2m│ }[22m

Issue #12:
[2m│   color: var(--tajwid-madd-badal);[22m
[2m│ }[22m
[2m│[22m ::highlight(tajwid-lam-shamsiyya) {
[2m┆[22m             [33m[2m^--[22m 'highlight' is not recognized as a valid pseudo-element. Did you mean ':highlight' (pseudo-class) or is this a typo?[39m
[2m┆[22m
[2m│   color: var(--tajwid-lam-shamsiyya);[22m
[2m│ }[22m

Issue #13:
[2m│   color: var(--tajwid-lam-shamsiyya);[22m
[2m│ }[22m
[2m│[22m ::highlight(tajwid-silent) {
[2m┆[22m             [33m[2m^--[22m 'highlight' is not recognized as a valid pseudo-element. Did you mean ':highlight' (pseudo-class) or is this a typo?[39m
[2m┆[22m
[2m│   color: var(--tajwid-silent);[22m
[2m│ }[22m

Issue #14:
[2m│   color: var(--tajwid-silent);[22m
[2m│ }[22m
[2m│[22m ::highlight(tajwid-tafkhim) {
[2m┆[22m             [33m[2m^--[22m 'highlight' is not recognized as a valid pseudo-element. Did you mean ':highlight' (pseudo-class) or is this a typo?[39m
[2m┆[22m
[2m│   color: var(--tajwid-tafkhim);[22m
[2m│ }[22m

Issue #15:
[2m│   color: var(--tajwid-tafkhim);[22m
[2m│ }[22m
[2m│[22m ::highlight(tajwid-naql) {
[2m┆[22m             [33m[2m^--[22m 'highlight' is not recognized as a valid pseudo-element. Did you mean ':highlight' (pseudo-class) or is this a typo?[39m
[2m┆[22m
[2m│   color: var(--tajwid-naql);[22m
[2m│ }[22m

Issue #16:
[2m│   color: var(--tajwid-naql);[22m
[2m│ }[22m
[2m│[22m ::highlight(tajwid-tashil) {
[2m┆[22m             [33m[2m^--[22m 'highlight' is not recognized as a valid pseudo-element. Did you mean ':highlight' (pseudo-class) or is this a typo?[39m
[2m┆[22m
[2m│   color: var(--tajwid-tashil);[22m
[2m│ }[22m

Issue #17:
[2m│   color: var(--tajwid-tashil);[22m
[2m│ }[22m
[2m│[22m ::highlight(tajwid-ibdal) {
[2m┆[22m             [33m[2m^--[22m 'highlight' is not recognized as a valid pseudo-element. Did you mean ':highlight' (pseudo-class) or is this a typo?[39m
[2m┆[22m
[2m│   color: var(--tajwid-ibdal);[22m
[2m│ }[22m

Issue #18:
[2m│   color: var(--tajwid-ibdal);[22m
[2m│ }[22m
[2m│[22m ::highlight(tajwid-sila-kubra) {
[2m┆[22m             [33m[2m^--[22m 'highlight' is not recognized as a valid pseudo-element. Did you mean ':highlight' (pseudo-class) or is this a typo?[39m
[2m┆[22m
[2m│   color: var(--tajwid-sila-kubra);[22m
[2m│ }[22m

Issue #19:
[2m│   color: var(--tajwid-sila-kubra);[22m
[2m│ }[22m
[2m│[22m ::highlight(tajwid-tarqiq-ra) {
[2m┆[22m             [33m[2m^--[22m 'highlight' is not recognized as a valid pseudo-element. Did you mean ':highlight' (pseudo-class) or is this a typo?[39m
[2m┆[22m
[2m│   color: var(--tajwid-tarqiq-ra);[22m
[2m│ }[22m

Issue #20:
[2m│   color: var(--tajwid-tarqiq-ra);[22m
[2m│ }[22m
[2m│[22m ::highlight(tajwid-idgham-warsh) {
[2m┆[22m             [33m[2m^--[22m 'highlight' is not recognized as a valid pseudo-element. Did you mean ':highlight' (pseudo-class) or is this a typo?[39m
[2m┆[22m
[2m│   color: var(--tajwid-idgham-warsh);[22m
[2m│ }[22m

Issue #21:
[2m│   color: var(--tajwid-idgham-warsh);[22m
[2m│ }[22m
[2m│[22m ::highlight(tajwid-hover) {
[2m┆[22m             [33m[2m^--[22m 'highlight' is not recognized as a valid pseudo-element. Did you mean ':highlight' (pseudo-class) or is this a typo?[39m
[2m┆[22m
[2m│   background-color: rgba(var(--primary-rgb), 0.14);[22m
[2m│ }[22m

Issue #22:
[2m│   background-color: rgba(var(--primary-rgb), 0.14);[22m
[2m│ }[22m
[2m│[22m ::highlight(tajwid-playing) {
[2m┆[22m             [33m[2m^--[22m 'highlight' is not recognized as a valid pseudo-element. Did you mean ':highlight' (pseudo-class) or is this a typo?[39m
[2m┆[22m
[2m│   background-color: rgba(var(--primary-rgb), 0.16);[22m
[2m│ }[22m

✓ 2049 modules transformed.
rendering chunks...
computing gzip size...
dist/index.html                              15.08 kB │ gzip:   3.72 kB
dist/assets/searchQuery.worker-DpdIbfTj.js   16.65 kB
dist/.vite/manifest.json                     17.90 kB │ gzip:   2.39 kB
dist/assets/B6ZHQdcM.css                      1.02 kB │ gzip:   0.47 kB
dist/assets/CtxcU65_.css                      7.83 kB │ gzip:   1.96 kB
dist/assets/CpJAhvHo.css                      7.96 kB │ gzip:   1.81 kB
dist/assets/QX8j7yuu.css                     10.46 kB │ gzip:   2.29 kB
dist/assets/DyzGxGNz.css                     15.53 kB │ gzip:   3.49 kB
dist/assets/DiQASXeM.css                     16.51 kB │ gzip:   3.52 kB
dist/assets/5VpcSb5e.css                     27.88 kB │ gzip:   5.61 kB
dist/assets/BXflkoKA.css                     47.43 kB │ gzip:   6.12 kB
dist/assets/Cgh9ymQA.css                     60.41 kB │ gzip:   9.33 kB
dist/assets/xr7C9OCn.css                     83.11 kB │ gzip:  13.46 kB
dist/assets/Ds3ZIgDZ.css                    266.12 kB │ gzip:  39.16 kB
dist/assets/yMmTGgy2.css                    317.84 kB │ gzip:  49.43 kB
dist/assets/D25WmQA6.css                    675.01 kB │ gzip: 113.76 kB
dist/assets/BiRz1yAw2.js                      0.05 kB │ gzip:   0.07 kB
dist/assets/p5mvA6Hr.js                       0.33 kB │ gzip:   0.22 kB
dist/assets/B5mE2qJ-.js                       0.36 kB │ gzip:   0.25 kB
dist/assets/D-BT4nt_.js                       0.74 kB │ gzip:   0.45 kB
dist/assets/1techLDN2.js                      0.80 kB │ gzip:   0.42 kB
dist/assets/DCLj4XDt2.js                      1.07 kB │ gzip:   0.51 kB
dist/assets/Dd_uD5pT.js                       1.10 kB │ gzip:   0.62 kB
dist/assets/CffO-1hT.js                       1.55 kB │ gzip:   0.68 kB
dist/assets/BLqn47dt.js                       1.57 kB │ gzip:   0.78 kB
dist/assets/CmGox3sj.js                       1.61 kB │ gzip:   0.93 kB
dist/assets/BlVoRe_j2.js                      1.70 kB │ gzip:   0.89 kB
dist/assets/Bhr3ut-y.js                       1.78 kB │ gzip:   0.85 kB
dist/assets/D76Fvwnp.js                       1.96 kB │ gzip:   0.87 kB
dist/assets/BQAAm4sr.js                       2.57 kB │ gzip:   1.22 kB
dist/assets/BnxqKAPU2.js                      2.68 kB │ gzip:   1.24 kB
dist/assets/CTyzPChq.js                       2.82 kB │ gzip:   1.18 kB
dist/assets/CJhABokD.js                       2.82 kB │ gzip:   1.10 kB
dist/assets/DcyEpcy22.js                      3.14 kB │ gzip:   1.33 kB
dist/assets/BtcNfqYj.js                       3.32 kB │ gzip:   1.34 kB
dist/assets/Cq8duZ822.js                      4.06 kB │ gzip:   1.35 kB
dist/assets/D5y38FhP.js                       4.40 kB │ gzip:   1.62 kB
dist/assets/SlWkd1j8.js                       4.45 kB │ gzip:   1.92 kB
dist/assets/Dza6XaFp.js                       5.32 kB │ gzip:   1.54 kB
dist/assets/BPq_Dq_e.js                       5.47 kB │ gzip:   2.26 kB
dist/assets/DER1vSv42.js                      6.77 kB │ gzip:   2.82 kB
dist/assets/CoBlSbj9.js                       6.81 kB │ gzip:   3.28 kB
dist/assets/Dxs4XGHg.js                       6.87 kB │ gzip:   2.48 kB
dist/assets/DOEIoDvT2.js                      8.97 kB │ gzip:   3.49 kB
dist/assets/BmXFs_7M2.js                      9.20 kB │ gzip:   2.92 kB
dist/assets/DKmwRQ372.js                      9.70 kB │ gzip:   3.02 kB
dist/assets/BTAKB0c02.js                     10.45 kB │ gzip:   3.93 kB
dist/assets/CXOoKPu1.js                      10.59 kB │ gzip:   3.63 kB
dist/assets/BIQa1S212.js                     12.00 kB │ gzip:   4.60 kB
dist/assets/DjPWTk-z2.js                     13.58 kB │ gzip:   4.80 kB
dist/assets/DSwFy_0_2.js                     13.90 kB │ gzip:   4.56 kB
dist/assets/YSy1Ze9f2.js                     14.53 kB │ gzip:   4.61 kB
dist/assets/BEUgGcGr2.js                     14.56 kB │ gzip:   4.86 kB
dist/assets/DYc9l8vG.js                      15.18 kB │ gzip:   5.66 kB
dist/assets/D55KNaWL.js                      15.61 kB │ gzip:   5.92 kB
dist/assets/Y1SDA8Fi2.js                     15.63 kB │ gzip:   4.88 kB
dist/assets/C2HDhz8-.js                      20.17 kB │ gzip:   6.39 kB
dist/assets/DBttvalW.js                      21.97 kB │ gzip:   7.98 kB
dist/assets/1EUYlyYZ.js                      24.80 kB │ gzip:   6.89 kB
dist/assets/B4ItEjL4.js                      24.96 kB │ gzip:   8.92 kB
dist/assets/PcECzgnM2.js                     25.19 kB │ gzip:   6.71 kB
dist/assets/BbV1xr_y.js                      26.02 kB │ gzip:  10.04 kB
dist/assets/C3jFNYEt2.js                     26.72 kB │ gzip:   9.03 kB
dist/assets/CeV4Zaty.js                      27.46 kB │ gzip:   8.81 kB
dist/assets/CHXLtRhI.js                      31.29 kB │ gzip:  10.45 kB
dist/assets/CtlOVN0x.js                      33.09 kB │ gzip:  11.48 kB
dist/assets/8LStnhI52.js                     33.50 kB │ gzip:  10.88 kB
dist/assets/81xBavPb2.js                     50.11 kB │ gzip:  16.96 kB
dist/assets/B7mxK0iG.js                      53.52 kB │ gzip:  17.42 kB
dist/assets/424KiOnR2.js                     58.07 kB │ gzip:  19.05 kB
dist/assets/DnFTEmrq.js                      62.45 kB │ gzip:  17.92 kB
dist/assets/ECR6mOvu.js                      68.71 kB │ gzip:  22.96 kB
dist/assets/p_KXM5Yd2.js                     73.44 kB │ gzip:  19.24 kB
dist/assets/DBS6dEDT.js                     139.58 kB │ gzip:  45.23 kB
dist/assets/B3xMxyfB.js                     196.53 kB │ gzip:  58.71 kB

[33m[33m[INEFFECTIVE_DYNAMIC_IMPORT] [0msrc/i18n/index.js is dynamically imported by src/services/storageService.js, src/utils/wordAudio.js but also statically imported by src/App.jsx, src/components/AudioLoadingIndicator.jsx, src/components/AudioPlayer.jsx, src/components/AyahActions.jsx, src/components/AyahSharePanel.jsx, ..., dynamic import will not move module into another chunk.
[39m
[33m[33m[PLUGIN_TIMINGS] [0mYour build spent significant time in plugins. Here is a breakdown:
  - vite:css (72%)
  - vite:css-post (15%)
  - @tailwindcss/vite:generate:build (8%)
See https://rolldown.rs/reference/InputOptions.checks#plugintimings for more details.
[39m
[32m✓ built in 8.04s[39m
[shell-manifest] Wrote 37 app-shell assets.
[purge-css] Starting CSS purge...
[purge-css] Found 13 CSS files
[purge-css] Expanding content paths...
[purge-css] Found 61 content files

[purge-css] Processing 5VpcSb5e.css...
   Original size: 27.23 KB
   New size: 24.42 KB
   Reduction: 10.3%
   Removed selectors: 16

[purge-css] Processing B6ZHQdcM.css...
   Original size: 1.00 KB
   New size: 1.00 KB
   Reduction: 0.0%
   Removed selectors: 0

[purge-css] Processing BXflkoKA.css...
   Original size: 46.32 KB
   New size: 46.03 KB
   Reduction: 0.6%
   Removed selectors: 8

[purge-css] Processing Cgh9ymQA.css...
   Original size: 59.00 KB
   New size: 52.10 KB
   Reduction: 11.7%
   Removed selectors: 57

[purge-css] Processing CpJAhvHo.css...
   Original size: 7.78 KB
   New size: 7.78 KB
   Reduction: 0.0%
   Removed selectors: 0

[purge-css] Processing CtxcU65_.css...
   Original size: 7.65 KB
   New size: 7.65 KB
   Reduction: 0.0%
   Removed selectors: 0

[purge-css] Processing D25WmQA6.css...
   Original size: 659.20 KB
   New size: 380.37 KB
   Reduction: 42.3%
   Removed selectors: 1922

[purge-css] Processing DiQASXeM.css...
   Original size: 16.13 KB
   New size: 12.23 KB
   Reduction: 24.2%
   Removed selectors: 22

[purge-css] Processing Ds3ZIgDZ.css...
   Original size: 259.88 KB
   New size: 201.74 KB
   Reduction: 22.4%
   Removed selectors: 382

[purge-css] Processing DyzGxGNz.css...
   Original size: 15.17 KB
   New size: 14.29 KB
   Reduction: 5.8%
   Removed selectors: 10

[purge-css] Processing QX8j7yuu.css...
   Original size: 10.22 KB
   New size: 8.17 KB
   Reduction: 20.1%
   Removed selectors: 10

[purge-css] Processing xr7C9OCn.css...
   Original size: 81.16 KB
   New size: 53.83 KB
   Reduction: 33.7%
   Removed selectors: 167

[purge-css] Processing yMmTGgy2.css...
   Original size: 310.40 KB
   New size: 246.81 KB
   Reduction: 20.5%
   Removed selectors: 380
[purge-css] Live dynamic attribute selectors preserved across 13 files.

[purge-css] CSS purge complete.
[seo] 120 pages indexables + 404 générées, 120 URLs dans le sitemap.
[seo-check] OK — 120 indexable URLs, OG image 77.8 kB.

[perf-audit] Build asset summary
- CSS total: 1056.4 kB
- JS total: 1225.1 kB
- Largest asset: D25WmQA6.css (380.4 kB)
- Largest asset: yMmTGgy2.css (246.8 kB)
- Largest asset: Ds3ZIgDZ.css (201.7 kB)
- Largest asset: B3xMxyfB.js (191.9 kB)
- Largest asset: DBS6dEDT.js (136.3 kB)
[perf-audit] Warning: CSS bundle is still above 500 kB.

[perf-audit] Network probes
- API metadata: 200 in 548 ms
- Quran.com audio CDN: 200 in 277 ms
- QuranPedia Warsh audio: 200 in 504 ms
- EveryAyah CDN audio: 200 in 277 ms
[screen-budget] src/components/HomePage.jsx: 31.8 kB (limit 40 kB) -> OK
[screen-budget] src/components/QuranDisplay.jsx: 20.6 kB (limit 24 kB) -> OK
[screen-budget] src/components/AudioPlayer.jsx: 38.6 kB (limit 42 kB) -> OK
[screen-budget] src/components/SettingsModal.jsx: 34.9 kB (limit 44 kB) -> OK
[screen-budget] src/components/LibraryModal.jsx: 14.3 kB (limit 24 kB) -> OK
[screen-budget] src/components/AyahActions.jsx: 46.1 kB (limit 90 kB) -> OK
[screen-budget] src/services/audioService.js: 44.2 kB (limit 45 kB) -> OK
[screen-budget] src/context/AppContext.jsx: 29.6 kB (limit 34 kB) -> OK
[screen-budget] src/services/quranAPI.js: 27.7 kB (limit 29 kB) -> OK
[screen-budget] src/services/quranComAPI.js: 19.3 kB (limit 20 kB) -> OK
[budget] Aggregate CSS: 1056.4 kB (limit 1060 kB)
[budget] Aggregate JS: 1225.1 kB (limit 1275 kB)
[budget] Aggregate CSS+JS: 2281.6 kB (limit 2285 kB)
[budget] Initial entry: 802.6 kB (JS 422.2 kB, CSS 380.4 kB, gzip 199.5 kB)
[budget] Largest CSS: D25WmQA6.css (380.4 kB, limit 395 kB)
[budget] Largest JS: B3xMxyfB.js (191.9 kB, limit 225 kB)
[budget] deferred CSS: 201.7 kB (limit 205 kB)
[budget] home CSS: 53.8 kB (limit 58 kB)
[budget] reader CSS: 246.8 kB (limit 252 kB)
[budget] Initial JS exceeded by 0.2 kB
