[36mvite v8.2.0 [32mbuilding client environment for production...[36m[39m
[2Ktransforming...Found 22 warnings while optimizing generated CSS:

Issue #1:
[2m│   color: var(--tajwid-idgham-warsh);[22m
[2m│ }[22m
[2m│[22m ::highlight(tajwid-ghunna) {
[2m┆[22m             [33m[2m^--[22m 'highlight' is not recognized as a valid pseudo-element. Did you mean ':highlight' (pseudo-class) or is this a typo?[39m
[2m┆[22m
[2m│   color: var(--tajwid-ghunna);[22m
[2m│ }[22m

Issue #2:
[2m│   color: var(--tajwid-ghunna);[22m
[2m│ }[22m
[2m│[22m ::highlight(tajwid-ikhfa) {
[2m┆[22m             [33m[2m^--[22m 'highlight' is not recognized as a valid pseudo-element. Did you mean ':highlight' (pseudo-class) or is this a typo?[39m
[2m┆[22m
[2m│   color: var(--tajwid-ikhfa);[22m
[2m│ }[22m

Issue #3:
[2m│   color: var(--tajwid-ikhfa);[22m
[2m│ }[22m
[2m│[22m ::highlight(tajwid-qalqala) {
[2m┆[22m             [33m[2m^--[22m 'highlight' is not recognized as a valid pseudo-element. Did you mean ':highlight' (pseudo-class) or is this a typo?[39m
[2m┆[22m
[2m│   color: var(--tajwid-qalqala);[22m
[2m│ }[22m

Issue #4:
[2m│   color: var(--tajwid-qalqala);[22m
[2m│ }[22m
[2m│[22m ::highlight(tajwid-idgham) {
[2m┆[22m             [33m[2m^--[22m 'highlight' is not recognized as a valid pseudo-element. Did you mean ':highlight' (pseudo-class) or is this a typo?[39m
[2m┆[22m
[2m│   color: var(--tajwid-idgham);[22m
[2m│ }[22m

Issue #5:
[2m│   color: var(--tajwid-idgham);[22m
[2m│ }[22m
[2m│[22m ::highlight(tajwid-iqlab) {
[2m┆[22m             [33m[2m^--[22m 'highlight' is not recognized as a valid pseudo-element. Did you mean ':highlight' (pseudo-class) or is this a typo?[39m
[2m┆[22m
[2m│   color: var(--tajwid-iqlab);[22m
[2m│ }[22m

Issue #6:
[2m│   color: var(--tajwid-iqlab);[22m
[2m│ }[22m
[2m│[22m ::highlight(tajwid-madd-normal) {
[2m┆[22m             [33m[2m^--[22m 'highlight' is not recognized as a valid pseudo-element. Did you mean ':highlight' (pseudo-class) or is this a typo?[39m
[2m┆[22m
[2m│   color: var(--tajwid-madd-normal);[22m
[2m│ }[22m

Issue #7:
[2m│   color: var(--tajwid-madd-normal);[22m
[2m│ }[22m
[2m│[22m ::highlight(tajwid-madd-separated) {
[2m┆[22m             [33m[2m^--[22m 'highlight' is not recognized as a valid pseudo-element. Did you mean ':highlight' (pseudo-class) or is this a typo?[39m
[2m┆[22m
[2m│   color: var(--tajwid-madd-separated);[22m
[2m│ }[22m

Issue #8:
[2m│   color: var(--tajwid-madd-separated);[22m
[2m│ }[22m
[2m│[22m ::highlight(tajwid-madd-connected) {
[2m┆[22m             [33m[2m^--[22m 'highlight' is not recognized as a valid pseudo-element. Did you mean ':highlight' (pseudo-class) or is this a typo?[39m
[2m┆[22m
[2m│   color: var(--tajwid-madd-connected);[22m
[2m│ }[22m

Issue #9:
[2m│   color: var(--tajwid-madd-connected);[22m
[2m│ }[22m
[2m│[22m ::highlight(tajwid-madd) {
[2m┆[22m             [33m[2m^--[22m 'highlight' is not recognized as a valid pseudo-element. Did you mean ':highlight' (pseudo-class) or is this a typo?[39m
[2m┆[22m
[2m│   color: var(--tajwid-madd);[22m
[2m│ }[22m

Issue #10:
[2m│   color: var(--tajwid-madd);[22m
[2m│ }[22m
[2m│[22m ::highlight(tajwid-madd-necessary) {
[2m┆[22m             [33m[2m^--[22m 'highlight' is not recognized as a valid pseudo-element. Did you mean ':highlight' (pseudo-class) or is this a typo?[39m
[2m┆[22m
[2m│   color: var(--tajwid-madd-necessary);[22m
[2m│ }[22m

Issue #11:
[2m│   color: var(--tajwid-madd-necessary);[22m
[2m│ }[22m
[2m│[22m ::highlight(tajwid-madd-badal) {
[2m┆[22m             [33m[2m^--[22m 'highlight' is not recognized as a valid pseudo-element. Did you mean ':highlight' (pseudo-class) or is this a typo?[39m
[2m┆[22m
[2m│   color: var(--tajwid-madd-badal);[22m
[2m│ }[22m

Issue #12:
[2m│   color: var(--tajwid-madd-badal);[22m
[2m│ }[22m
[2m│[22m ::highlight(tajwid-lam-shamsiyya) {
[2m┆[22m             [33m[2m^--[22m 'highlight' is not recognized as a valid pseudo-element. Did you mean ':highlight' (pseudo-class) or is this a typo?[39m
[2m┆[22m
[2m│   color: var(--tajwid-lam-shamsiyya);[22m
[2m│ }[22m

Issue #13:
[2m│   color: var(--tajwid-lam-shamsiyya);[22m
[2m│ }[22m
[2m│[22m ::highlight(tajwid-silent) {
[2m┆[22m             [33m[2m^--[22m 'highlight' is not recognized as a valid pseudo-element. Did you mean ':highlight' (pseudo-class) or is this a typo?[39m
[2m┆[22m
[2m│   color: var(--tajwid-silent);[22m
[2m│ }[22m

Issue #14:
[2m│   color: var(--tajwid-silent);[22m
[2m│ }[22m
[2m│[22m ::highlight(tajwid-tafkhim) {
[2m┆[22m             [33m[2m^--[22m 'highlight' is not recognized as a valid pseudo-element. Did you mean ':highlight' (pseudo-class) or is this a typo?[39m
[2m┆[22m
[2m│   color: var(--tajwid-tafkhim);[22m
[2m│ }[22m

Issue #15:
[2m│   color: var(--tajwid-tafkhim);[22m
[2m│ }[22m
[2m│[22m ::highlight(tajwid-naql) {
[2m┆[22m             [33m[2m^--[22m 'highlight' is not recognized as a valid pseudo-element. Did you mean ':highlight' (pseudo-class) or is this a typo?[39m
[2m┆[22m
[2m│   color: var(--tajwid-naql);[22m
[2m│ }[22m

Issue #16:
[2m│   color: var(--tajwid-naql);[22m
[2m│ }[22m
[2m│[22m ::highlight(tajwid-tashil) {
[2m┆[22m             [33m[2m^--[22m 'highlight' is not recognized as a valid pseudo-element. Did you mean ':highlight' (pseudo-class) or is this a typo?[39m
[2m┆[22m
[2m│   color: var(--tajwid-tashil);[22m
[2m│ }[22m

Issue #17:
[2m│   color: var(--tajwid-tashil);[22m
[2m│ }[22m
[2m│[22m ::highlight(tajwid-ibdal) {
[2m┆[22m             [33m[2m^--[22m 'highlight' is not recognized as a valid pseudo-element. Did you mean ':highlight' (pseudo-class) or is this a typo?[39m
[2m┆[22m
[2m│   color: var(--tajwid-ibdal);[22m
[2m│ }[22m

Issue #18:
[2m│   color: var(--tajwid-ibdal);[22m
[2m│ }[22m
[2m│[22m ::highlight(tajwid-sila-kubra) {
[2m┆[22m             [33m[2m^--[22m 'highlight' is not recognized as a valid pseudo-element. Did you mean ':highlight' (pseudo-class) or is this a typo?[39m
[2m┆[22m
[2m│   color: var(--tajwid-sila-kubra);[22m
[2m│ }[22m

Issue #19:
[2m│   color: var(--tajwid-sila-kubra);[22m
[2m│ }[22m
[2m│[22m ::highlight(tajwid-tarqiq-ra) {
[2m┆[22m             [33m[2m^--[22m 'highlight' is not recognized as a valid pseudo-element. Did you mean ':highlight' (pseudo-class) or is this a typo?[39m
[2m┆[22m
[2m│   color: var(--tajwid-tarqiq-ra);[22m
[2m│ }[22m

Issue #20:
[2m│   color: var(--tajwid-tarqiq-ra);[22m
[2m│ }[22m
[2m│[22m ::highlight(tajwid-idgham-warsh) {
[2m┆[22m             [33m[2m^--[22m 'highlight' is not recognized as a valid pseudo-element. Did you mean ':highlight' (pseudo-class) or is this a typo?[39m
[2m┆[22m
[2m│   color: var(--tajwid-idgham-warsh);[22m
[2m│ }[22m

Issue #21:
[2m│   color: var(--tajwid-idgham-warsh);[22m
[2m│ }[22m
[2m│[22m ::highlight(tajwid-hover) {
[2m┆[22m             [33m[2m^--[22m 'highlight' is not recognized as a valid pseudo-element. Did you mean ':highlight' (pseudo-class) or is this a typo?[39m
[2m┆[22m
[2m│   background-color: rgba(var(--primary-rgb), 0.14);[22m
[2m│ }[22m

Issue #22:
[2m│   background-color: rgba(var(--primary-rgb), 0.14);[22m
[2m│ }[22m
[2m│[22m ::highlight(tajwid-playing) {
[2m┆[22m             [33m[2m^--[22m 'highlight' is not recognized as a valid pseudo-element. Did you mean ':highlight' (pseudo-class) or is this a typo?[39m
[2m┆[22m
[2m│   background-color: rgba(var(--primary-rgb), 0.16);[22m
[2m│ }[22m

✓ 2049 modules transformed.
rendering chunks...
computing gzip size...
dist/index.html                              15.08 kB │ gzip:   3.72 kB
dist/assets/searchQuery.worker-DpdIbfTj.js   16.65 kB
dist/.vite/manifest.json                     17.90 kB │ gzip:   2.37 kB
dist/assets/B6ZHQdcM.css                      1.02 kB │ gzip:   0.47 kB
dist/assets/CtxcU65_.css                      7.83 kB │ gzip:   1.96 kB
dist/assets/CpJAhvHo.css                      7.96 kB │ gzip:   1.81 kB
dist/assets/QX8j7yuu.css                     10.46 kB │ gzip:   2.29 kB
dist/assets/DyzGxGNz.css                     15.53 kB │ gzip:   3.49 kB
dist/assets/DiQASXeM.css                     16.51 kB │ gzip:   3.52 kB
dist/assets/5VpcSb5e.css                     27.88 kB │ gzip:   5.61 kB
dist/assets/BXflkoKA.css                     47.43 kB │ gzip:   6.12 kB
dist/assets/Cgh9ymQA.css                     60.41 kB │ gzip:   9.33 kB
dist/assets/xr7C9OCn.css                     83.11 kB │ gzip:  13.46 kB
dist/assets/Ds3ZIgDZ.css                    266.12 kB │ gzip:  39.16 kB
dist/assets/CTNl7ufD.css                    318.56 kB │ gzip:  49.52 kB
dist/assets/D25WmQA6.css                    675.01 kB │ gzip: 113.76 kB
dist/assets/DGLSdz8d2.js                      0.05 kB │ gzip:   0.07 kB
dist/assets/p5mvA6Hr.js                       0.33 kB │ gzip:   0.22 kB
dist/assets/B5mE2qJ-.js                       0.36 kB │ gzip:   0.25 kB
dist/assets/D-BT4nt_.js                       0.74 kB │ gzip:   0.45 kB
dist/assets/DHSGw9LC2.js                      0.80 kB │ gzip:   0.42 kB
dist/assets/DCLj4XDt2.js                      1.07 kB │ gzip:   0.51 kB
dist/assets/Dd_uD5pT.js                       1.10 kB │ gzip:   0.62 kB
dist/assets/CffO-1hT.js                       1.55 kB │ gzip:   0.68 kB
dist/assets/BLqn47dt.js                       1.57 kB │ gzip:   0.78 kB
dist/assets/CmGox3sj.js                       1.61 kB │ gzip:   0.93 kB
dist/assets/BlVoRe_j2.js                      1.70 kB │ gzip:   0.89 kB
dist/assets/Bhr3ut-y.js                       1.78 kB │ gzip:   0.85 kB
dist/assets/DW_gmQKF.js                       1.96 kB │ gzip:   0.87 kB
dist/assets/g_l9oRPJ.js                       2.57 kB │ gzip:   1.22 kB
dist/assets/DkkapY4w2.js                      2.68 kB │ gzip:   1.24 kB
dist/assets/DRMtSZSV.js                       2.82 kB │ gzip:   1.18 kB
dist/assets/BsaS1UVx.js                       2.82 kB │ gzip:   1.10 kB
dist/assets/DcyEpcy22.js                      3.14 kB │ gzip:   1.33 kB
dist/assets/BtcNfqYj.js                       3.32 kB │ gzip:   1.34 kB
dist/assets/Cq8duZ822.js                      4.06 kB │ gzip:   1.35 kB
dist/assets/D5y38FhP.js                       4.40 kB │ gzip:   1.62 kB
dist/assets/SlWkd1j8.js                       4.45 kB │ gzip:   1.92 kB
dist/assets/Dza6XaFp.js                       5.32 kB │ gzip:   1.54 kB
dist/assets/CAsCuU3H.js                       5.47 kB │ gzip:   2.26 kB
dist/assets/DER1vSv42.js                      6.77 kB │ gzip:   2.82 kB
dist/assets/CoBlSbj9.js                       6.81 kB │ gzip:   3.28 kB
dist/assets/BgeSJ07J.js                       6.87 kB │ gzip:   2.48 kB
dist/assets/DeRs9Duc2.js                      8.97 kB │ gzip:   3.49 kB
dist/assets/uC3_Q0Lj2.js                      9.20 kB │ gzip:   2.92 kB
dist/assets/CMy8FkYq2.js                      9.70 kB │ gzip:   3.02 kB
dist/assets/CRwXEA232.js                     10.45 kB │ gzip:   3.93 kB
dist/assets/CXOoKPu1.js                      10.59 kB │ gzip:   3.63 kB
dist/assets/qyPjqC3E2.js                     12.00 kB │ gzip:   4.59 kB
dist/assets/B5-jOISz2.js                     13.67 kB │ gzip:   4.84 kB
dist/assets/CCF6FdcS2.js                     13.90 kB │ gzip:   4.56 kB
dist/assets/CYechcb12.js                     14.53 kB │ gzip:   4.61 kB
dist/assets/CcPxPxtx2.js                     14.56 kB │ gzip:   4.86 kB
dist/assets/DYc9l8vG.js                      15.18 kB │ gzip:   5.66 kB
dist/assets/CFyN-gRY.js                      15.61 kB │ gzip:   5.92 kB
dist/assets/BqnAnTvl2.js                     15.63 kB │ gzip:   4.88 kB
dist/assets/CejbN-vK.js                      20.17 kB │ gzip:   6.39 kB
dist/assets/BSuKobFd.js                      21.97 kB │ gzip:   7.98 kB
dist/assets/Dgg0pZwP.js                      24.80 kB │ gzip:   6.89 kB
dist/assets/B4ItEjL4.js                      24.96 kB │ gzip:   8.92 kB
dist/assets/Bp70qj402.js                     25.19 kB │ gzip:   6.71 kB
dist/assets/BbV1xr_y.js                      26.02 kB │ gzip:  10.04 kB
dist/assets/DWCGoOjw2.js                     26.72 kB │ gzip:   9.03 kB
dist/assets/CeV4Zaty.js                      27.46 kB │ gzip:   8.81 kB
dist/assets/CHXLtRhI.js                      31.29 kB │ gzip:  10.45 kB
dist/assets/CtlOVN0x.js                      33.09 kB │ gzip:  11.48 kB
dist/assets/Bmgcn7lC2.js                     33.50 kB │ gzip:  10.88 kB
dist/assets/DuWtGIf52.js                     50.11 kB │ gzip:  16.95 kB
dist/assets/B7mxK0iG.js                      53.52 kB │ gzip:  17.42 kB
dist/assets/B13Mudrt2.js                     58.07 kB │ gzip:  19.05 kB
dist/assets/nUqx_O6O.js                      62.45 kB │ gzip:  17.92 kB
dist/assets/CioCSI1S.js                      68.71 kB │ gzip:  22.95 kB
dist/assets/DFPhmLid2.js                     73.44 kB │ gzip:  19.24 kB
dist/assets/DBS6dEDT.js                     139.58 kB │ gzip:  45.23 kB
dist/assets/D7jKu_Qo.js                     196.53 kB │ gzip:  58.70 kB

[33m[33m[INEFFECTIVE_DYNAMIC_IMPORT] [0msrc/i18n/index.js is dynamically imported by src/services/storageService.js, src/utils/wordAudio.js but also statically imported by src/App.jsx, src/components/AudioLoadingIndicator.jsx, src/components/AudioPlayer.jsx, src/components/AyahActions.jsx, src/components/AyahSharePanel.jsx, ..., dynamic import will not move module into another chunk.
[39m
[32m✓ built in 6.74s[39m
