[36mvite v8.2.0 [32mbuilding client environment for production...[36m[39m
[2Ktransforming...Found 22 warnings while optimizing generated CSS:

Issue #1:
[2m│   color: var(--tajwid-idgham-warsh);[22m
[2m│ }[22m
[2m│[22m ::highlight(tajwid-ghunna) {
[2m┆[22m             [33m[2m^--[22m 'highlight' is not recognized as a valid pseudo-element. Did you mean ':highlight' (pseudo-class) or is this a typo?[39m
[2m┆[22m
[2m│   color: var(--tajwid-ghunna);[22m
[2m│ }[22m

Issue #2:
[2m│   color: var(--tajwid-ghunna);[22m
[2m│ }[22m
[2m│[22m ::highlight(tajwid-ikhfa) {
[2m┆[22m             [33m[2m^--[22m 'highlight' is not recognized as a valid pseudo-element. Did you mean ':highlight' (pseudo-class) or is this a typo?[39m
[2m┆[22m
[2m│   color: var(--tajwid-ikhfa);[22m
[2m│ }[22m

Issue #3:
[2m│   color: var(--tajwid-ikhfa);[22m
[2m│ }[22m
[2m│[22m ::highlight(tajwid-qalqala) {
[2m┆[22m             [33m[2m^--[22m 'highlight' is not recognized as a valid pseudo-element. Did you mean ':highlight' (pseudo-class) or is this a typo?[39m
[2m┆[22m
[2m│   color: var(--tajwid-qalqala);[22m
[2m│ }[22m

Issue #4:
[2m│   color: var(--tajwid-qalqala);[22m
[2m│ }[22m
[2m│[22m ::highlight(tajwid-idgham) {
[2m┆[22m             [33m[2m^--[22m 'highlight' is not recognized as a valid pseudo-element. Did you mean ':highlight' (pseudo-class) or is this a typo?[39m
[2m┆[22m
[2m│   color: var(--tajwid-idgham);[22m
[2m│ }[22m

Issue #5:
[2m│   color: var(--tajwid-idgham);[22m
[2m│ }[22m
[2m│[22m ::highlight(tajwid-iqlab) {
[2m┆[22m             [33m[2m^--[22m 'highlight' is not recognized as a valid pseudo-element. Did you mean ':highlight' (pseudo-class) or is this a typo?[39m
[2m┆[22m
[2m│   color: var(--tajwid-iqlab);[22m
[2m│ }[22m

Issue #6:
[2m│   color: var(--tajwid-iqlab);[22m
[2m│ }[22m
[2m│[22m ::highlight(tajwid-madd-normal) {
[2m┆[22m             [33m[2m^--[22m 'highlight' is not recognized as a valid pseudo-element. Did you mean ':highlight' (pseudo-class) or is this a typo?[39m
[2m┆[22m
[2m│   color: var(--tajwid-madd-normal);[22m
[2m│ }[22m

Issue #7:
[2m│   color: var(--tajwid-madd-normal);[22m
[2m│ }[22m
[2m│[22m ::highlight(tajwid-madd-separated) {
[2m┆[22m             [33m[2m^--[22m 'highlight' is not recognized as a valid pseudo-element. Did you mean ':highlight' (pseudo-class) or is this a typo?[39m
[2m┆[22m
[2m│   color: var(--tajwid-madd-separated);[22m
[2m│ }[22m

Issue #8:
[2m│   color: var(--tajwid-madd-separated);[22m
[2m│ }[22m
[2m│[22m ::highlight(tajwid-madd-connected) {
[2m┆[22m             [33m[2m^--[22m 'highlight' is not recognized as a valid pseudo-element. Did you mean ':highlight' (pseudo-class) or is this a typo?[39m
[2m┆[22m
[2m│   color: var(--tajwid-madd-connected);[22m
[2m│ }[22m

Issue #9:
[2m│   color: var(--tajwid-madd-connected);[22m
[2m│ }[22m
[2m│[22m ::highlight(tajwid-madd) {
[2m┆[22m             [33m[2m^--[22m 'highlight' is not recognized as a valid pseudo-element. Did you mean ':highlight' (pseudo-class) or is this a typo?[39m
[2m┆[22m
[2m│   color: var(--tajwid-madd);[22m
[2m│ }[22m

Issue #10:
[2m│   color: var(--tajwid-madd);[22m
[2m│ }[22m
[2m│[22m ::highlight(tajwid-madd-necessary) {
[2m┆[22m             [33m[2m^--[22m 'highlight' is not recognized as a valid pseudo-element. Did you mean ':highlight' (pseudo-class) or is this a typo?[39m
[2m┆[22m
[2m│   color: var(--tajwid-madd-necessary);[22m
[2m│ }[22m

Issue #11:
[2m│   color: var(--tajwid-madd-necessary);[22m
[2m│ }[22m
[2m│[22m ::highlight(tajwid-madd-badal) {
[2m┆[22m             [33m[2m^--[22m 'highlight' is not recognized as a valid pseudo-element. Did you mean ':highlight' (pseudo-class) or is this a typo?[39m
[2m┆[22m
[2m│   color: var(--tajwid-madd-badal);[22m
[2m│ }[22m

Issue #12:
[2m│   color: var(--tajwid-madd-badal);[22m
[2m│ }[22m
[2m│[22m ::highlight(tajwid-lam-shamsiyya) {
[2m┆[22m             [33m[2m^--[22m 'highlight' is not recognized as a valid pseudo-element. Did you mean ':highlight' (pseudo-class) or is this a typo?[39m
[2m┆[22m
[2m│   color: var(--tajwid-lam-shamsiyya);[22m
[2m│ }[22m

Issue #13:
[2m│   color: var(--tajwid-lam-shamsiyya);[22m
[2m│ }[22m
[2m│[22m ::highlight(tajwid-silent) {
[2m┆[22m             [33m[2m^--[22m 'highlight' is not recognized as a valid pseudo-element. Did you mean ':highlight' (pseudo-class) or is this a typo?[39m
[2m┆[22m
[2m│   color: var(--tajwid-silent);[22m
[2m│ }[22m

Issue #14:
[2m│   color: var(--tajwid-silent);[22m
[2m│ }[22m
[2m│[22m ::highlight(tajwid-tafkhim) {
[2m┆[22m             [33m[2m^--[22m 'highlight' is not recognized as a valid pseudo-element. Did you mean ':highlight' (pseudo-class) or is this a typo?[39m
[2m┆[22m
[2m│   color: var(--tajwid-tafkhim);[22m
[2m│ }[22m

Issue #15:
[2m│   color: var(--tajwid-tafkhim);[22m
[2m│ }[22m
[2m│[22m ::highlight(tajwid-naql) {
[2m┆[22m             [33m[2m^--[22m 'highlight' is not recognized as a valid pseudo-element. Did you mean ':highlight' (pseudo-class) or is this a typo?[39m
[2m┆[22m
[2m│   color: var(--tajwid-naql);[22m
[2m│ }[22m

Issue #16:
[2m│   color: var(--tajwid-naql);[22m
[2m│ }[22m
[2m│[22m ::highlight(tajwid-tashil) {
[2m┆[22m             [33m[2m^--[22m 'highlight' is not recognized as a valid pseudo-element. Did you mean ':highlight' (pseudo-class) or is this a typo?[39m
[2m┆[22m
[2m│   color: var(--tajwid-tashil);[22m
[2m│ }[22m

Issue #17:
[2m│   color: var(--tajwid-tashil);[22m
[2m│ }[22m
[2m│[22m ::highlight(tajwid-ibdal) {
[2m┆[22m             [33m[2m^--[22m 'highlight' is not recognized as a valid pseudo-element. Did you mean ':highlight' (pseudo-class) or is this a typo?[39m
[2m┆[22m
[2m│   color: var(--tajwid-ibdal);[22m
[2m│ }[22m

Issue #18:
[2m│   color: var(--tajwid-ibdal);[22m
[2m│ }[22m
[2m│[22m ::highlight(tajwid-sila-kubra) {
[2m┆[22m             [33m[2m^--[22m 'highlight' is not recognized as a valid pseudo-element. Did you mean ':highlight' (pseudo-class) or is this a typo?[39m
[2m┆[22m
[2m│   color: var(--tajwid-sila-kubra);[22m
[2m│ }[22m

Issue #19:
[2m│   color: var(--tajwid-sila-kubra);[22m
[2m│ }[22m
[2m│[22m ::highlight(tajwid-tarqiq-ra) {
[2m┆[22m             [33m[2m^--[22m 'highlight' is not recognized as a valid pseudo-element. Did you mean ':highlight' (pseudo-class) or is this a typo?[39m
[2m┆[22m
[2m│   color: var(--tajwid-tarqiq-ra);[22m
[2m│ }[22m

Issue #20:
[2m│   color: var(--tajwid-tarqiq-ra);[22m
[2m│ }[22m
[2m│[22m ::highlight(tajwid-idgham-warsh) {
[2m┆[22m             [33m[2m^--[22m 'highlight' is not recognized as a valid pseudo-element. Did you mean ':highlight' (pseudo-class) or is this a typo?[39m
[2m┆[22m
[2m│   color: var(--tajwid-idgham-warsh);[22m
[2m│ }[22m

Issue #21:
[2m│   color: var(--tajwid-idgham-warsh);[22m
[2m│ }[22m
[2m│[22m ::highlight(tajwid-hover) {
[2m┆[22m             [33m[2m^--[22m 'highlight' is not recognized as a valid pseudo-element. Did you mean ':highlight' (pseudo-class) or is this a typo?[39m
[2m┆[22m
[2m│   background-color: rgba(var(--primary-rgb), 0.14);[22m
[2m│ }[22m

Issue #22:
[2m│   background-color: rgba(var(--primary-rgb), 0.14);[22m
[2m│ }[22m
[2m│[22m ::highlight(tajwid-playing) {
[2m┆[22m             [33m[2m^--[22m 'highlight' is not recognized as a valid pseudo-element. Did you mean ':highlight' (pseudo-class) or is this a typo?[39m
[2m┆[22m
[2m│   background-color: rgba(var(--primary-rgb), 0.16);[22m
[2m│ }[22m

[33m[33m[PLUGIN_TIMINGS] [0mYour build spent significant time in plugin `vite:asset`. See https://rolldown.rs/reference/InputOptions.checks#plugintimings for more details.
[39m
✓ 2048 modules transformed.
rendering chunks...
computing gzip size...
dist/index.html                              15.08 kB │ gzip:   3.72 kB
dist/assets/searchQuery.worker-DpdIbfTj.js   16.65 kB
dist/.vite/manifest.json                     17.77 kB │ gzip:   2.36 kB
dist/assets/B6ZHQdcM.css                      1.02 kB │ gzip:   0.47 kB
dist/assets/AE0l3Cjz.css                      7.82 kB │ gzip:   1.96 kB
dist/assets/C9ynrcZf.css                      7.83 kB │ gzip:   1.79 kB
dist/assets/QX8j7yuu.css                     10.46 kB │ gzip:   2.29 kB
dist/assets/DyzGxGNz.css                     15.53 kB │ gzip:   3.49 kB
dist/assets/CtLdyjX9.css                     16.44 kB │ gzip:   3.50 kB
dist/assets/DODHpFEq.css                     27.48 kB │ gzip:   5.54 kB
dist/assets/HqH0aq0G.css                     47.44 kB │ gzip:   6.12 kB
dist/assets/BLKEXLb0.css                     60.40 kB │ gzip:   9.33 kB
dist/assets/xr7C9OCn.css                     83.11 kB │ gzip:  13.46 kB
dist/assets/CaAiotjL.css                    264.98 kB │ gzip:  38.98 kB
dist/assets/Yax98x11.css                    316.69 kB │ gzip:  49.23 kB
dist/assets/CUrQjL5h.css                    674.09 kB │ gzip: 113.60 kB
dist/assets/DKNNmHbo2.js                      0.05 kB │ gzip:   0.07 kB
dist/assets/p5mvA6Hr.js                       0.33 kB │ gzip:   0.22 kB
dist/assets/B5mE2qJ-.js                       0.36 kB │ gzip:   0.25 kB
dist/assets/D-BT4nt_.js                       0.74 kB │ gzip:   0.45 kB
dist/assets/DWJlPVdR2.js                      0.80 kB │ gzip:   0.42 kB
dist/assets/DCLj4XDt2.js                      1.07 kB │ gzip:   0.51 kB
dist/assets/Dd_uD5pT.js                       1.10 kB │ gzip:   0.62 kB
dist/assets/CffO-1hT.js                       1.55 kB │ gzip:   0.68 kB
dist/assets/lEArJhDY.js                       1.57 kB │ gzip:   0.78 kB
dist/assets/CmGox3sj.js                       1.61 kB │ gzip:   0.93 kB
dist/assets/BlVoRe_j2.js                      1.70 kB │ gzip:   0.89 kB
dist/assets/BdQ82A3_.js                       1.96 kB │ gzip:   0.87 kB
dist/assets/u301Bwlg.js                       2.57 kB │ gzip:   1.22 kB
dist/assets/AD7Lc0QU2.js                      2.68 kB │ gzip:   1.24 kB
dist/assets/DzuytOQ_.js                       2.82 kB │ gzip:   1.18 kB
dist/assets/C1GYOn1E.js                       2.82 kB │ gzip:   1.10 kB
dist/assets/DIiNxhop.js                       3.13 kB │ gzip:   1.10 kB
dist/assets/DcyEpcy22.js                      3.14 kB │ gzip:   1.33 kB
dist/assets/BtcNfqYj.js                       3.32 kB │ gzip:   1.34 kB
dist/assets/D8HvTkW72.js                      4.06 kB │ gzip:   1.35 kB
dist/assets/D5y38FhP.js                       4.40 kB │ gzip:   1.62 kB
dist/assets/SlWkd1j8.js                       4.45 kB │ gzip:   1.92 kB
dist/assets/jtmHrUce.js                       5.47 kB │ gzip:   2.26 kB
dist/assets/DER1vSv42.js                      6.77 kB │ gzip:   2.82 kB
dist/assets/DDQzidt4.js                       6.81 kB │ gzip:   3.28 kB
dist/assets/Dp2UNhzu.js                       6.87 kB │ gzip:   2.48 kB
dist/assets/cYVq7Cfq2.js                      8.97 kB │ gzip:   3.49 kB
dist/assets/WjP6Ye6z.js                       9.20 kB │ gzip:   2.92 kB
dist/assets/DE1QvPWW2.js                      9.70 kB │ gzip:   3.02 kB
dist/assets/g76miNa-2.js                     10.45 kB │ gzip:   3.93 kB
dist/assets/CXOoKPu1.js                      10.59 kB │ gzip:   3.63 kB
dist/assets/DdT0F8ta2.js                     12.00 kB │ gzip:   4.59 kB
dist/assets/KRbiydrP2.js                     13.47 kB │ gzip:   4.73 kB
dist/assets/BbbVK8nQ2.js                     14.05 kB │ gzip:   4.63 kB
dist/assets/DEGQQcuJ2.js                     14.30 kB │ gzip:   4.82 kB
dist/assets/bC0TdA7x2.js                     14.53 kB │ gzip:   4.61 kB
dist/assets/DY-iiVay.js                      14.76 kB │ gzip:   5.52 kB
dist/assets/Bmy1m4Ru2.js                     15.63 kB │ gzip:   4.88 kB
dist/assets/CG7dz6J0.js                      17.12 kB │ gzip:   6.51 kB
dist/assets/tTd0pb_Q.js                      20.07 kB │ gzip:   6.38 kB
dist/assets/CDBkOT0o.js                      21.97 kB │ gzip:   7.98 kB
dist/assets/DjGIiqvL.js                      24.80 kB │ gzip:   6.89 kB
dist/assets/B4ItEjL4.js                      24.96 kB │ gzip:   8.92 kB
dist/assets/DbMtDJC_2.js                     25.18 kB │ gzip:   6.70 kB
dist/assets/BbV1xr_y.js                      26.02 kB │ gzip:  10.04 kB
dist/assets/DQWvpk_x2.js                     26.71 kB │ gzip:   9.01 kB
dist/assets/CeV4Zaty.js                      27.46 kB │ gzip:   8.81 kB
dist/assets/CHXLtRhI.js                      31.29 kB │ gzip:  10.45 kB
dist/assets/CtlOVN0x.js                      33.09 kB │ gzip:  11.48 kB
dist/assets/CdQLvFJ62.js                     33.35 kB │ gzip:  10.85 kB
dist/assets/B7mxK0iG.js                      53.52 kB │ gzip:  17.42 kB
dist/assets/CvoYRFcH2.js                     57.98 kB │ gzip:  19.03 kB
dist/assets/BLFrIRFm2.js                     58.16 kB │ gzip:  19.05 kB
dist/assets/CvDtlCwO.js                      62.45 kB │ gzip:  17.92 kB
dist/assets/D2C-h44r2.js                     64.11 kB │ gzip:  16.41 kB
dist/assets/CDCM_8ba.js                      68.69 kB │ gzip:  22.94 kB
dist/assets/DBS6dEDT.js                     139.58 kB │ gzip:  45.23 kB
dist/assets/C4W32Huo.js                     195.73 kB │ gzip:  58.50 kB

[33m[33m[INEFFECTIVE_DYNAMIC_IMPORT] [0msrc/i18n/index.js is dynamically imported by src/services/storageService.js, src/utils/wordAudio.js but also statically imported by src/App.jsx, src/components/AudioLoadingIndicator.jsx, src/components/AudioPlayer.jsx, src/components/AyahActions.jsx, src/components/AyahSharePanel.jsx, ..., dynamic import will not move module into another chunk.
[39m
[33m[33m[PLUGIN_TIMINGS] [0mYour build spent significant time in plugins. Here is a breakdown:
  - vite:css (29%)
  - @tailwindcss/vite:generate:build (23%)
  - vite:css-post (21%)
  - vite:worker-import-meta-url (18%)
See https://rolldown.rs/reference/InputOptions.checks#plugintimings for more details.
[39m
[32m✓ built in 21.04s[39m
EXIT=0
