
### phone-light {
 "layout": "single",
 "header": {
  "x": 0,
  "y": 0,
  "w": 390,
  "h": 67,
  "fs": "15.063px",
  "lines": "24.854px"
 },
 "headerH2": {
  "x": 67,
  "y": 27,
  "w": 50,
  "h": 14,
  "fs": "12.3517px",
  "lines": "13.5868px"
 },
 "sheet": {
  "x": 9,
  "y": 91,
  "w": 371,
  "h": 646,
  "fs": "15.063px",
  "lines": "24.854px"
 },
 "page": {
  "x": 9,
  "y": 99,
  "w": 371,
  "h": 623,
  "fs": "15.063px",
  "lines": "24.854px"
 },
 "lines": {
  "x": 22,
  "y": 148,
  "w": 346,
  "h": 503,
  "fs": "20.7186px",
  "lines": "20.7186px"
 },
 "line1": {
  "x": 22,
  "y": 148,
  "w": 346,
  "h": 34,
  "fs": "20.7186px",
  "lines": "20.7186px"
 },
 "folio": {
  "x": 177,
  "y": 671,
  "w": 35,
  "h": 35,
  "fs": "15.063px",
  "lines": "15.063px"
 },
 "mobileFooter": {
  "x": 0,
  "y": 779,
  "w": 390,
  "h": 65,
  "fs": "15.063px",
  "lines": "24.854px"
 },
 "vp": {
  "top": 0,
  "bottom": 779,
  "pad": "71.5492px 5.27205px 22.5945px",
  "ovY": 0
 },
 "gapSheetToFooter": 57
}

### phone-dark {
 "layout": "single",
 "header": {
  "x": 0,
  "y": 0,
  "w": 390,
  "h": 67,
  "fs": "15.063px",
  "lines": "24.854px"
 },
 "headerH2": {
  "x": 67,
  "y": 27,
  "w": 50,
  "h": 14,
  "fs": "12.3517px",
  "lines": "13.5868px"
 },
 "sheet": {
  "x": 9,
  "y": 91,
  "w": 371,
  "h": 646,
  "fs": "15.063px",
  "lines": "24.854px"
 },
 "page": {
  "x": 9,
  "y": 99,
  "w": 371,
  "h": 623,
  "fs": "15.063px",
  "lines": "24.854px"
 },
 "lines": {
  "x": 22,
  "y": 148,
  "w": 346,
  "h": 503,
  "fs": "20.7186px",
  "lines": "20.7186px"
 },
 "line1": {
  "x": 22,
  "y": 148,
  "w": 346,
  "h": 34,
  "fs": "20.7186px",
  "lines": "20.7186px"
 },
 "folio": {
  "x": 177,
  "y": 671,
  "w": 35,
  "h": 35,
  "fs": "15.063px",
  "lines": "15.063px"
 },
 "mobileFooter": {
  "x": 0,
  "y": 779,
  "w": 390,
  "h": 65,
  "fs": "15.063px",
  "lines": "24.854px"
 },
 "vp": {
  "top": 0,
  "bottom": 779,
  "pad": "71.5492px 5.27205px 22.5945px",
  "ovY": 0
 },
 "gapSheetToFooter": 57
}

### phone-warsh {
 "layout": "single",
 "header": {
  "x": 0,
  "y": 0,
  "w": 390,
  "h": 67,
  "fs": "15.063px",
  "lines": "24.854px"
 },
 "headerH2": {
  "x": 67,
  "y": 27,
  "w": 50,
  "h": 14,
  "fs": "12.3517px",
  "lines": "13.5868px"
 },
 "sheet": {
  "x": 9,
  "y": 91,
  "w": 371,
  "h": 646,
  "fs": "15.063px",
  "lines": "24.854px"
 },
 "page": {
  "x": 9,
  "y": 99,
  "w": 371,
  "h": 623,
  "fs": "15.063px",
  "lines": "24.854px"
 },
 "lines": {
  "x": 22,
  "y": 148,
  "w": 346,
  "h": 503,
  "fs": "20.7186px",
  "lines": "33.5641px"
 },
 "line1": {
  "x": 22,
  "y": 148,
  "w": 346,
  "h": 34,
  "fs": "20.7186px",
  "lines": "33.5641px"
 },
 "folio": {
  "x": 177,
  "y": 671,
  "w": 35,
  "h": 35,
  "fs": "15.063px",
  "lines": "15.063px"
 },
 "mobileFooter": {
  "x": 0,
  "y": 779,
  "w": 390,
  "h": 65,
  "fs": "15.063px",
  "lines": "24.854px"
 },
 "vp": {
  "top": 0,
  "bottom": 779,
  "pad": "71.5492px 5.27205px 22.5945px",
  "ovY": 0
 },
 "gapSheetToFooter": 57
}

### tablet {
 "layout": "single",
 "header": {
  "x": 0,
  "y": 0,
  "w": 820,
  "h": 68,
  "fs": "15.794px",
  "lines": "26.0601px"
 },
 "headerH2": {
  "x": 78,
  "y": 27,
  "w": 153,
  "h": 14,
  "fs": "12.9511px",
  "lines": "14.2462px"
 },
 "sheet": {
  "x": 67,
  "y": 82,
  "w": 685,
  "h": 1060,
  "fs": "15.794px",
  "lines": "26.0601px"
 },
 "page": {
  "x": 67,
  "y": 93,
  "w": 685,
  "h": 1033,
  "fs": "15.794px",
  "lines": "26.0601px"
 },
 "lines": {
  "x": 102,
  "y": 157,
  "w": 615,
  "h": 896,
  "fs": "36.8548px",
  "lines": "36.8548px"
 },
 "line1": {
  "x": 102,
  "y": 157,
  "w": 615,
  "h": 60,
  "fs": "36.8548px",
  "lines": "36.8548px"
 },
 "folio": {
  "x": 391,
  "y": 1073,
  "w": 37,
  "h": 37,
  "fs": "15.794px",
  "lines": "15.794px"
 },
 "mobileFooter": {
  "x": 0,
  "y": 0,
  "w": 0,
  "h": 0,
  "fs": "15.794px",
  "lines": "26.0601px"
 },
 "vp": {
  "top": 0,
  "bottom": 1180,
  "pad": "75.0215px 7.897px 31.588px",
  "ovY": 0
 },
 "gapSheetToFooter": -1126
}

### desktop {
 "layout": "double",
 "header": {
  "x": 0,
  "y": 0,
  "w": 1440,
  "h": 70,
  "fs": "16.848px",
  "lines": "27.7992px"
 },
 "headerH2": {
  "x": 81,
  "y": 27,
  "w": 163,
  "h": 15,
  "fs": "13.8154px",
  "lines": "15.1969px"
 },
 "sheet": {
  "x": 741,
  "y": 81,
  "w": 644,
  "h": 791,
  "fs": "16.848px",
  "lines": "27.7992px"
 },
 "page": {
  "x": 812,
  "y": 94,
  "w": 512,
  "h": 761,
  "fs": "16.848px",
  "lines": "27.7992px"
 },
 "lines": {
  "x": 854,
  "y": 156,
  "w": 427,
  "h": 621,
  "fs": "25.5645px",
  "lines": "25.5645px"
 },
 "line1": {
  "x": 168,
  "y": 156,
  "w": 427,
  "h": 41,
  "fs": "25.5645px",
  "lines": "25.5645px"
 },
 "folio": {
  "x": 1048,
  "y": 798,
  "w": 40,
  "h": 40,
  "fs": "16.848px",
  "lines": "16.848px"
 },
 "mobileFooter": {
  "x": 0,
  "y": 0,
  "w": 0,
  "h": 0,
  "fs": "16.848px",
  "lines": "27.7992px"
 },
 "vp": {
  "top": 0,
  "bottom": 900,
  "pad": "80.028px 8.424px 27px",
  "ovY": 0
 },
 "gapSheetToFooter": -855
}

### phone-tajwid-off {
 "layout": "single",
 "header": {
  "x": 0,
  "y": 0,
  "w": 390,
  "h": 67,
  "fs": "15.063px",
  "lines": "24.854px"
 },
 "headerH2": {
  "x": 67,
  "y": 27,
  "w": 50,
  "h": 14,
  "fs": "12.3517px",
  "lines": "13.5868px"
 },
 "sheet": {
  "x": 9,
  "y": 91,
  "w": 371,
  "h": 646,
  "fs": "15.063px",
  "lines": "24.854px"
 },
 "page": {
  "x": 9,
  "y": 99,
  "w": 371,
  "h": 623,
  "fs": "15.063px",
  "lines": "24.854px"
 },
 "lines": {
  "x": 22,
  "y": 148,
  "w": 346,
  "h": 503,
  "fs": "20.7186px",
  "lines": "20.7186px"
 },
 "line1": {
  "x": 22,
  "y": 148,
  "w": 346,
  "h": 34,
  "fs": "20.7186px",
  "lines": "20.7186px"
 },
 "folio": {
  "x": 177,
  "y": 671,
  "w": 35,
  "h": 35,
  "fs": "15.063px",
  "lines": "15.063px"
 },
 "mobileFooter": {
  "x": 0,
  "y": 779,
  "w": 390,
  "h": 65,
  "fs": "15.063px",
  "lines": "24.854px"
 },
 "vp": {
  "top": 0,
  "bottom": 779,
  "pad": "71.5492px 5.27205px 22.5945px",
  "ovY": 0
 },
 "gapSheetToFooter": 57
}
done
