
### hafs-1-390 {
 "page": {
  "w": 371,
  "h": 623
 },
 "block": {
  "x": 13,
  "y": 81,
  "w": 346,
  "h": 503
 },
 "fs": "20.7186px",
 "lines": [
  {
   "n": "1",
   "kind": "qcm-line--surah-header",
   "ink": 346,
   "fromRight": 13
  },
  {
   "n": "2",
   "kind": "",
   "ink": 181,
   "fromRight": 93
  },
  {
   "n": "3",
   "kind": "",
   "ink": 232,
   "fromRight": 68
  },
  {
   "n": "4",
   "kind": "",
   "ink": 312,
   "fromRight": 28
  },
  {
   "n": "5",
   "kind": "",
   "ink": 308,
   "fromRight": 31
  },
  {
   "n": "6",
   "kind": "",
   "ink": 294,
   "fromRight": 39
  },
  {
   "n": "7",
   "kind": "",
   "ink": 228,
   "fromRight": 71
  },
  {
   "n": "8",
   "kind": "qcm-line--surah-end",
   "ink": 132,
   "fromRight": 118
  },
  {
   "n": "9",
   "empty": true
  },
  {
   "n": "10",
   "empty": true
  },
  {
   "n": "11",
   "empty": true
  },
  {
   "n": "12",
   "empty": true
  },
  {
   "n": "13",
   "empty": true
  },
  {
   "n": "14",
   "empty": true
  },
  {
   "n": "15",
   "empty": true
  }
 ]
}

### hafs-2-390 {
 "page": {
  "w": 371,
  "h": 623
 },
 "block": {
  "x": 13,
  "y": 81,
  "w": 346,
  "h": 503
 },
 "fs": "20.7186px",
 "lines": [
  {
   "n": "1",
   "kind": "qcm-line--surah-header",
   "ink": 346,
   "fromRight": 13
  },
  {
   "n": "2",
   "kind": "qcm-line--basmala",
   "ink": 150,
   "fromRight": 110
  },
  {
   "n": "3",
   "kind": "",
   "ink": 260,
   "fromRight": 55
  },
  {
   "n": "4",
   "kind": "",
   "ink": 309,
   "fromRight": 31
  },
  {
   "n": "5",
   "kind": "",
   "ink": 322,
   "fromRight": 24
  },
  {
   "n": "6",
   "kind": "",
   "ink": 314,
   "fromRight": 27
  },
  {
   "n": "7",
   "kind": "",
   "ink": 236,
   "fromRight": 68
  },
  {
   "n": "8",
   "kind": "",
   "ink": 136,
   "fromRight": 116
  },
  {
   "n": "9",
   "empty": true
  },
  {
   "n": "10",
   "empty": true
  },
  {
   "n": "11",
   "empty": true
  },
  {
   "n": "12",
   "empty": true
  },
  {
   "n": "13",
   "empty": true
  },
  {
   "n": "14",
   "empty": true
  },
  {
   "n": "15",
   "empty": true
  }
 ]
}

### warsh-1-390 {
 "page": {
  "w": 371,
  "h": 484
 },
 "block": {
  "x": 13,
  "y": 81,
  "w": 346,
  "h": 364
 },
 "fs": "20.7186px",
 "lines": [
  {
   "n": "1",
   "kind": "qcm-line--surah-header",
   "ink": 346,
   "fromRight": 13
  },
  {
   "n": "2",
   "kind": "qcm-line--basmala",
   "ink": 139,
   "fromRight": 116
  }
 ]
}

### hafs-1-1280 {
 "page": {
  "w": 510,
  "h": 759
 },
 "block": {
  "x": 42,
  "y": 100,
  "w": 427,
  "h": 621
 },
 "fs": "25.5645px",
 "lines": [
  {
   "n": "1",
   "kind": "qcm-line--surah-header",
   "ink": 427,
   "fromRight": 42
  },
  {
   "n": "2",
   "kind": "",
   "ink": 223,
   "fromRight": 141
  },
  {
   "n": "3",
   "kind": "",
   "ink": 287,
   "fromRight": 110
  },
  {
   "n": "4",
   "kind": "",
   "ink": 386,
   "fromRight": 60
  },
  {
   "n": "5",
   "kind": "",
   "ink": 380,
   "fromRight": 65
  },
  {
   "n": "6",
   "kind": "",
   "ink": 363,
   "fromRight": 74
  },
  {
   "n": "7",
   "kind": "",
   "ink": 282,
   "fromRight": 114
  },
  {
   "n": "8",
   "kind": "qcm-line--surah-end",
   "ink": 163,
   "fromRight": 171
  },
  {
   "n": "9",
   "empty": true
  },
  {
   "n": "10",
   "empty": true
  },
  {
   "n": "11",
   "empty": true
  },
  {
   "n": "12",
   "empty": true
  },
  {
   "n": "13",
   "empty": true
  },
  {
   "n": "14",
   "empty": true
  },
  {
   "n": "15",
   "empty": true
  },
  {
   "n": "1",
   "kind": "qcm-line--surah-header",
   "ink": 427,
   "fromRight": 699
  },
  {
   "n": "2",
   "kind": "qcm-line--basmala",
   "ink": 186,
   "fromRight": 819
  },
  {
   "n": "3",
   "kind": "",
   "ink": 321,
   "fromRight": 752
  },
  {
   "n": "4",
   "kind": "",
   "ink": 381,
   "fromRight": 721
  },
  {
   "n": "5",
   "kind": "",
   "ink": 398,
   "fromRight": 713
  },
  {
   "n": "6",
   "kind": "",
   "ink": 387,
   "fromRight": 716
  },
  {
   "n": "7",
   "kind": "",
   "ink": 291,
   "fromRight": 767
  },
  {
   "n": "8",
   "kind": "",
   "ink": 167,
   "fromRight": 826
  },
  {
   "n": "9",
   "empty": true
  },
  {
   "n": "10",
   "empty": true
  },
  {
   "n": "11",
   "empty": true
  },
  {
   "n": "12",
   "empty": true
  },
  {
   "n": "13",
   "empty": true
  },
  {
   "n": "14",
   "empty": true
  },
  {
   "n": "15",
   "empty": true
  }
 ]
}
