
> mushafplus@1.1.0 test:e2e:responsive
> playwright test tests/e2e/responsive-density.spec.mjs


Running 37 tests using 1 worker

  ok  1 [chromium] › tests\e2e\responsive-density.spec.mjs:167:1 › home density: mobile and tablet text, icons and cards scale with viewport (6.1s)
  ok  2 [chromium] › tests\e2e\responsive-density.spec.mjs:184:1 › mobile surah rows keep names, metadata, Arabic labels and play controls aligned (6.6s)
  ok  3 [chromium] › tests\e2e\responsive-density.spec.mjs:240:1 › tablet and desktop surah cards give Arabic names a clear visual column (17.2s)
  ok  4 [chromium] › tests\e2e\responsive-density.spec.mjs:290:1 › home audit breakpoints preserve hierarchy without horizontal overflow (18.1s)
  ok  5 [chromium] › tests\e2e\responsive-density.spec.mjs:329:1 › reader header stays stable and visually centered across breakpoints (17.7s)
  ok  6 [chromium] › tests\e2e\responsive-density.spec.mjs:369:1 › reader header keeps the Arabic title and search affordance legible (8.1s)
  ok  7 [chromium] › tests\e2e\responsive-density.spec.mjs:396:1 › reader chrome yields the screen while scrolling and remains easy to reveal (3.5s)
  ok  8 [chromium] › tests\e2e\responsive-density.spec.mjs:417:1 › Mushaf mode mounts only the pages near the reading viewport (3.3s)
  ok  9 [chromium] › tests\e2e\responsive-density.spec.mjs:436:1 › reader typography and action glyphs follow the connected device scale (13.5s)
  ok 10 [chromium] › tests\e2e\responsive-density.spec.mjs:471:1 › mobile QCF4 Mushaf mode reveals the complete reader command bar on demand (3.5s)
  ok 11 [chromium] › tests\e2e\responsive-density.spec.mjs:497:1 › mobile Mushaf keeps desktop proportions at the largest text preference (2.9s)
  ok 12 [chromium] › tests\e2e\responsive-density.spec.mjs:513:1 › compact tablet reader keeps one surface, an independent surah identity and a contained player (4.5s)
  ok 13 [chromium] › tests\e2e\responsive-density.spec.mjs:557:3 › qpc-hafs keeps exactly one canonical ayah medallion (2.9s)
  ok 14 [chromium] › tests\e2e\responsive-density.spec.mjs:557:3 › qpc-indopak keeps exactly one canonical ayah medallion (3.6s)
  ok 15 [chromium] › tests\e2e\responsive-density.spec.mjs:557:3 › scheherazade-new keeps exactly one canonical ayah medallion (2.7s)
  ok 16 [chromium] › tests\e2e\responsive-density.spec.mjs:557:3 › amiri-quran keeps exactly one canonical ayah medallion (4.0s)
  ok 17 [chromium] › tests\e2e\responsive-density.spec.mjs:557:3 › noto-naskh-arabic keeps exactly one canonical ayah medallion (3.3s)
  ok 18 [chromium] › tests\e2e\responsive-density.spec.mjs:557:3 › qpc-warsh keeps exactly one canonical ayah medallion (3.9s)
  ok 19 [chromium] › tests\e2e\responsive-density.spec.mjs:557:3 › kfgqpc-warsh keeps exactly one canonical ayah medallion (3.5s)
  ok 20 [chromium] › tests\e2e\responsive-density.spec.mjs:557:3 › scheherazade-new-warsh keeps exactly one canonical ayah medallion (3.1s)
  ok 21 [chromium] › tests\e2e\responsive-density.spec.mjs:574:1 › surah information dossier stays accessible and contained on mobile (4.5s)
  ok 22 [chromium] › tests\e2e\responsive-density.spec.mjs:610:1 › Tajweed guide stays compact and explains coloured rules on hover (7.3s)
  ok 23 [chromium] › tests\e2e\responsive-density.spec.mjs:686:1 › verse list cards preserve touch targets while typography scales with the device (6.7s)
  ok 24 [chromium] › tests\e2e\responsive-density.spec.mjs:713:1 › mobile density: header, reading toolbar and audio player fit without horizontal overflow (5.8s)
  ok 25 [chromium] › tests\e2e\responsive-density.spec.mjs:770:1 › mobile reader header keeps Home visible and exposes only contextual quick actions (8.6s)
  ok 26 [chromium] › tests\e2e\responsive-density.spec.mjs:807:1 › tiny phone keeps the quick menu and compact player calm and dismissible (4.9s)
  ok 27 [chromium] › tests\e2e\responsive-density.spec.mjs:838:1 › general pages use a compact quick-command palette on narrow phones (5.2s)
  x  28 [chromium] › tests\e2e\responsive-density.spec.mjs:873:1 › compact player is a full-width bottom bar on tablet and desktop (2.0h)
  -  29 [chromium] › tests\e2e\responsive-density.spec.mjs:891:1 › tiny mobile density keeps the reader usable at 280px
  -  30 [chromium] › tests\e2e\responsive-density.spec.mjs:922:1 › mobile surfaces: sidebar, settings drawer and audio modal fit the viewport
  -  31 [chromium] › tests\e2e\responsive-density.spec.mjs:972:1 › tablet density: header controls and audio options modal remain compact
  -  32 [chromium] › tests\e2e\responsive-density.spec.mjs:1001:1 › small phone: verse actions and search stay usable inside the viewport
  -  33 [chromium] › tests\e2e\responsive-density.spec.mjs:1052:1 › device typography: interface and Quran text scale progressively
  -  34 [chromium] › tests\e2e\responsive-density.spec.mjs:1081:1 › Arabic reading controls visibly reduce and enlarge device-aware text
  -  35 [chromium] › tests\e2e\responsive-density.spec.mjs:1130:1 › duas page: cards, Arabic text and controls adapt to phone and tablet
  -  36 [chromium] › tests\e2e\responsive-density.spec.mjs:1163:1 › duas dark theme keeps its devotional palette on a direct load
  -  37 [chromium] › tests\e2e\responsive-density.spec.mjs:1190:1 › short landscape: reader search remains fully reachable
  ok 38 [chromium] › tests\e2e\responsive-density.spec.mjs:167:1 › home density: mobile and tablet text, icons and cards scale with viewport (retry #1) (10.8s)
  ok 39 [chromium] › tests\e2e\responsive-density.spec.mjs:184:1 › mobile surah rows keep names, metadata, Arabic labels and play controls aligned (retry #1) (9.4s)
  ok 40 [chromium] › tests\e2e\responsive-density.spec.mjs:240:1 › tablet and desktop surah cards give Arabic names a clear visual column (retry #1) (15.9s)
  ok 41 [chromium] › tests\e2e\responsive-density.spec.mjs:290:1 › home audit breakpoints preserve hierarchy without horizontal overflow (retry #1) (20.6s)
  ok 42 [chromium] › tests\e2e\responsive-density.spec.mjs:329:1 › reader header stays stable and visually centered across breakpoints (retry #1) (25.7s)
  ok 43 [chromium] › tests\e2e\responsive-density.spec.mjs:369:1 › reader header keeps the Arabic title and search affordance legible (retry #1) (9.5s)
  ok 44 [chromium] › tests\e2e\responsive-density.spec.mjs:396:1 › reader chrome yields the screen while scrolling and remains easy to reveal (retry #1) (2.1s)
  ok 45 [chromium] › tests\e2e\responsive-density.spec.mjs:417:1 › Mushaf mode mounts only the pages near the reading viewport (retry #1) (5.7s)
  ok 46 [chromium] › tests\e2e\responsive-density.spec.mjs:436:1 › reader typography and action glyphs follow the connected device scale (retry #1) (15.7s)
  ok 47 [chromium] › tests\e2e\responsive-density.spec.mjs:471:1 › mobile QCF4 Mushaf mode reveals the complete reader command bar on demand (retry #1) (4.9s)
  ok 48 [chromium] › tests\e2e\responsive-density.spec.mjs:497:1 › mobile Mushaf keeps desktop proportions at the largest text preference (retry #1) (3.8s)
  ok 49 [chromium] › tests\e2e\responsive-density.spec.mjs:513:1 › compact tablet reader keeps one surface, an independent surah identity and a contained player (retry #1) (6.5s)
  ok 50 [chromium] › tests\e2e\responsive-density.spec.mjs:557:3 › qpc-hafs keeps exactly one canonical ayah medallion (retry #1) (3.6s)
  ok 51 [chromium] › tests\e2e\responsive-density.spec.mjs:557:3 › qpc-indopak keeps exactly one canonical ayah medallion (retry #1) (2.9s)
  ok 52 [chromium] › tests\e2e\responsive-density.spec.mjs:557:3 › scheherazade-new keeps exactly one canonical ayah medallion (retry #1) (4.3s)
  ok 53 [chromium] › tests\e2e\responsive-density.spec.mjs:557:3 › amiri-quran keeps exactly one canonical ayah medallion (retry #1) (4.1s)
  ok 54 [chromium] › tests\e2e\responsive-density.spec.mjs:557:3 › noto-naskh-arabic keeps exactly one canonical ayah medallion (retry #1) (4.5s)
  ok 55 [chromium] › tests\e2e\responsive-density.spec.mjs:557:3 › qpc-warsh keeps exactly one canonical ayah medallion (retry #1) (4.9s)
  ok 56 [chromium] › tests\e2e\responsive-density.spec.mjs:557:3 › kfgqpc-warsh keeps exactly one canonical ayah medallion (retry #1) (4.9s)
  ok 57 [chromium] › tests\e2e\responsive-density.spec.mjs:557:3 › scheherazade-new-warsh keeps exactly one canonical ayah medallion (retry #1) (3.8s)
  ok 58 [chromium] › tests\e2e\responsive-density.spec.mjs:574:1 › surah information dossier stays accessible and contained on mobile (retry #1) (5.3s)
  ok 59 [chromium] › tests\e2e\responsive-density.spec.mjs:610:1 › Tajweed guide stays compact and explains coloured rules on hover (retry #1) (8.4s)
  ok 60 [chromium] › tests\e2e\responsive-density.spec.mjs:686:1 › verse list cards preserve touch targets while typography scales with the device (retry #1) (7.1s)
  ok 61 [chromium] › tests\e2e\responsive-density.spec.mjs:713:1 › mobile density: header, reading toolbar and audio player fit without horizontal overflow (retry #1) (6.3s)
  ok 62 [chromium] › tests\e2e\responsive-density.spec.mjs:770:1 › mobile reader header keeps Home visible and exposes only contextual quick actions (retry #1) (6.7s)
  ok 63 [chromium] › tests\e2e\responsive-density.spec.mjs:807:1 › tiny phone keeps the quick menu and compact player calm and dismissible (retry #1) (4.8s)
  ok 64 [chromium] › tests\e2e\responsive-density.spec.mjs:838:1 › general pages use a compact quick-command palette on narrow phones (retry #1) (3.6s)
  ok 65 [chromium] › tests\e2e\responsive-density.spec.mjs:873:1 › compact player is a full-width bottom bar on tablet and desktop (retry #1) (6.8s)
  ok 66 [chromium] › tests\e2e\responsive-density.spec.mjs:891:1 › tiny mobile density keeps the reader usable at 280px (retry #1) (4.2s)
  ok 67 [chromium] › tests\e2e\responsive-density.spec.mjs:922:1 › mobile surfaces: sidebar, settings drawer and audio modal fit the viewport (retry #1) (18.2s)
  ok 68 [chromium] › tests\e2e\responsive-density.spec.mjs:972:1 › tablet density: header controls and audio options modal remain compact (retry #1) (13.5s)
  ok 69 [chromium] › tests\e2e\responsive-density.spec.mjs:1001:1 › small phone: verse actions and search stay usable inside the viewport (retry #1) (6.1s)
  ok 70 [chromium] › tests\e2e\responsive-density.spec.mjs:1052:1 › device typography: interface and Quran text scale progressively (retry #1) (14.6s)
  ok 71 [chromium] › tests\e2e\responsive-density.spec.mjs:1081:1 › Arabic reading controls visibly reduce and enlarge device-aware text (retry #1) (10.2s)
  ok 72 [chromium] › tests\e2e\responsive-density.spec.mjs:1130:1 › duas page: cards, Arabic text and controls adapt to phone and tablet (retry #1) (19.0s)
  ok 73 [chromium] › tests\e2e\responsive-density.spec.mjs:1163:1 › duas dark theme keeps its devotional palette on a direct load (retry #1) (3.9s)
  ok 74 [chromium] › tests\e2e\responsive-density.spec.mjs:1190:1 › short landscape: reader search remains fully reachable (retry #1) (6.7s)


  1) [chromium] › tests\e2e\responsive-density.spec.mjs:873:1 › compact player is a full-width bottom bar on tablet and desktop 

    Test timeout of 60000ms exceeded.

    Error: expect(locator).toBeVisible() failed

    Locator: locator('.mp-header').first()
    Expected: visible
    Timeout: 30000ms
    Error: element(s) not found

    Call log:
      - Expect "toBeVisible" with timeout 30000ms
      - waiting for locator('.mp-header').first()


      53 |   await page.setViewportSize(viewport);
      54 |   await page.goto("/surah/3");
    > 55 |   await expect(page.locator(".mp-header").first()).toBeVisible({ timeout: 30_000 });
         |                                                    ^
      56 |   await expect(page.locator(".quran-display--platform").first()).toBeVisible({ timeout: 30_000 });
      57 |   await expect(page.locator(".qc-ayah-text-ar").first()).toBeVisible({ timeout: 30_000 });
      58 |   // The polish stylesheet lands right after first paint; measure once it has
        at openReader (C:\Users\amirou\Documents\Quran App\tests\e2e\responsive-density.spec.mjs:55:52)
        at C:\Users\amirou\Documents\Quran App\tests\e2e\responsive-density.spec.mjs:879:5

    Tearing down "context" exceeded the test timeout of 60000ms.

    attachment #1: screenshot (image/png) ──────────────────────────────────────────────────────────
    test-results\responsive-density-compact-d0971-m-bar-on-tablet-and-desktop-chromium\test-failed-1.png
    ────────────────────────────────────────────────────────────────────────────────────────────────

    Error Context: test-results\responsive-density-compact-d0971-m-bar-on-tablet-and-desktop-chromium\error-context.md

  1 flaky
    [chromium] › tests\e2e\responsive-density.spec.mjs:873:1 › compact player is a full-width bottom bar on tablet and desktop 
  36 passed (2.2h)
