
> mushafplus@1.1.0 test:security
> node --test tests/*.test.mjs

✔ Arabic typography clamps unsafe preferences (1.6501ms)
✔ Arabic typography scales progressively with the connected device (Phone, Tablet, Desktop) (1.3488ms)
✔ Arabic typography preserves user reductions and increases on every device (0.2841ms)
✔ Mushaf typography stays responsive without exceeding layout safety caps (0.2279ms)
✔ continuous Mushaf line height stays compact for every exposed Quran font (0.3756ms)
✔ page routes keep the same compact leading as continuous Mushaf routes (0.2132ms)
✔ every exposed Hafs text path removes internal dotted-circle anchors (1.3695ms)
✔ Yusuf 12:11 keeps its Quranic sign in the form each reading face can draw (0.3743ms)
✔ a silent letter keeps the QPC sukun in the Hafs face and the rounded zero elsewhere (0.4035ms)
✔ Al-Mulk pause signs stay attached to the preceding Uthmani glyph (0.4236ms)
✔ font-locked Hafs payloads stay out of generic word chains (0.3229ms)
✔ all supported embedded ayah marker forms collapse to one generated marker (2.9824ms)
✔ waqf signs remain Quran content while the standalone medallion stays canonical (0.327ms)
✔ mobile playback requests a playback audio session and advances without animation frames (11.0944ms)
✔ a blocked native play is reported as paused, never as successful playback (1.1306ms)
✔ flat equalizer preserves the native audio path (0.3401ms)
✔ OS pause and resume events update the controls without forcing playback (0.6339ms)
✔ a verse that fails to load in the background retries on return to the foreground (2.9956ms)
✔ an OS interruption is not mistaken for the user pausing (0.8518ms)
✔ playback progress keeps reporting without requestAnimationFrame (624.7542ms)
✔ audio navigation scopes identify surah, page and juz playlists (1.1784ms)
✔ a stale playlist end cannot navigate a newly selected reading scope (0.2675ms)
✔ audio utils: formats playback time safely (1.6977ms)
✔ audio utils: reciter cooldown grows within defined bounds (0.7097ms)
✔ audio labels: core controls are available in every UI language (0.3305ms)
✔ audio player exposes only compact and expanded positions (1.9782ms)
✔ audio defaults stay in settings while advanced controls adapt inside the player (1.1157ms)
✔ retired audio maker and reciter comparator components are deleted (0.3852ms)
✔ karaoke frame loop cancels all animation work while paused (1.2267ms)
✔ each riwaya gets its own canonical basmala spelling (1.3287ms)
✔ Hafs basmala uses alif-wasl, Warsh basmala uses the Warsh wasla marks (0.2625ms)
✔ the Warsh basmala stays verbatim from the project Warsh source (3.0014ms)
✔ mushaf page and continuous reader resolve basmala through the riwaya (1.399ms)
✔ crypto: authenticated device envelopes reject tampering (9.0048ms)
✔ crypto: protected migrations can purge the persisted fallback device key (0.2599ms)
✔ crypto: protected mode locks the key and validates the passphrase (488.0397ms)
✔ crypto: passphrases enforce a meaningful minimum and plaintext migrates (26.9179ms)
✔ crypto: locked settings cannot be overwritten by defaults (282.082ms)
✔ direction intents: LTR arrow mapping (1.0908ms)
✔ direction intents: Arabic swaps horizontal arrows only (0.2127ms)
✔ direction intents: Home/End recognized, other keys ignored (0.175ms)
✔ direction targets: step and clamp match the original slider math (0.2624ms)
✔ AudioPlayer consumes the hook instead of inlining the RTL swap (0.9189ms)
✔ editorial hub exposes the five published destinations and real actions (29.2032ms)
✔ privacy and source copy match the implemented local-first behavior (1.9741ms)
✔ English and Arabic editorial copy remains complete and cacheable (9.1424ms)
✔ complete Quran downloads merge progress from concurrent workers (213.6767ms)
✔ a Warsh surah is counted with the Warsh denominator (22.2225ms)
✔ a lost connection parks the surah instead of failing every verse (0.5053ms)
✔ every static t() key in src/ resolves in fr, en and ar (338 keys) (3.4666ms)
✔ French, English and Arabic locale trees expose exactly the same keys (3.9071ms)
✔ all translated leaf values are usable strings or plural maps (1.4729ms)
✔ new accessibility labels resolve without falling back to their keys (0.405ms)
✔ navigation: parses reading, duas and legal routes safely (2.7781ms)
✔ navigation: rejects invalid route numbers (0.4974ms)
✔ navigation: rejects partial route matches (0.2377ms)
✔ storage: settings round-trip encrypted and sanitized (15.1396ms)
✔ storage: retired comparison pins are discarded (6.5807ms)
✔ storage: preserves per-riwaya Quran font choices (2.9232ms)
✔ storage: migrates removed local-only Warsh font aliases (2.4864ms)
✔ fonts: exposes riwaya-safe native ayah markers (0.5784ms)
✔ fonts: appends native ayah markers without duplicates (0.9515ms)
✔ fonts: strips source markers before a separate ayah marker is rendered (0.5964ms)
✔ fonts: selects Quran.com text compatible with the active Hafs font (0.6052ms)
✔ network policy disables background work and audio warming with data saver (1.7988ms)
✔ network policy scales audio warming to the connection (0.3781ms)
✔ low performance detection combines device and viewport signals (0.3426ms)
✔ performance metrics remain local and aggregate repeated samples (3.1659ms)
✔ performance metrics reject unsafe names and non-finite values (1.9685ms)
✔ removed progression tools are not mounted by the application (5.9155ms)
✔ reader keeps only the resume position and records no progression metrics (0.9264ms)
✔ service worker waits for user confirmation before activating an update (2.6269ms)
✔ service worker accepts commands only from a same-origin scoped client (0.3597ms)
✔ service worker keeps an installable entry shell when the shell manifest is unavailable (0.2324ms)
✔ service worker bounds runtime caches and awaits cache writes (0.2824ms)
✔ runtime cache does not persist opaque network responses (41.6786ms)
✔ service worker does not precache optional PWA gallery screenshots (0.4123ms)
✔ deployment headers allow same-origin device features for explicit opt-in (1.1153ms)
✔ PWA manifest exposes stable identity, coherent colors and dedicated install assets (1.2057ms)
✔ iOS startup images are declared and available for phone and tablet formats (8.4023ms)
✔ online audio still streams when Cache Storage is unavailable (48.5312ms)
✔ offline audio serves a usable body for bytes=0-999 (8.6637ms)
✔ offline audio serves a usable body for bytes=-3 (5.2633ms)
✔ offline audio serves a usable body for bytes=4- (2.9481ms)
✔ offline audio serves a usable body for bytes=20- (2.8649ms)
✔ offline audio serves a usable body for bytes=invalid (2.2071ms)
✔ offline audio serves a usable body for bytes=0-1,4-5 (1.526ms)
✔ boot recovery preserves cached data when network is unavailable (online hint: false) (9.3456ms)
✔ boot recovery preserves cached data when network is unavailable (online hint: true) (1.8493ms)
✔ worker uses the correct Vary policy for https://qa.test/assets/app.js (3.6758ms)
✔ worker uses the correct Vary policy for https://api.alquran.cloud/v1/surah/1 (1.8525ms)
✔ worker and downloader open the same offline audio cache (0.6098ms)
✔ trim keeps the precached shell and evicts the oldest runtime entries (1.478ms)
✔ note: rejects a record whose key points to another verse (1.022ms)
✔ bookmark: rejects a record whose key points to another verse (0.3106ms)
✔ fetch timeout: an already cancelled navigation never sends a request (1.7355ms)
✔ fetch timeout: caller cancellation retains AbortError (0.8479ms)
✔ fetch timeout: finished requests release their cancellation listeners (28.3793ms)
✔ fetch timeout: actual timeout is still reported (30.2196ms)
✔ surah information is normalized before reaching the UI (48.6504ms)
✔ an aborted reader does not cancel a shared Quran.com request (3.3824ms)
✔ healthy reader sources stay out of the reading interface (1.8227ms)
✔ reader typography controls remain explicit and mobile-accessible (0.8906ms)
✔ the unified reader header remains available in mobile QCF4 Mushaf mode (1.1584ms)
✔ dua cards keep a single compact reader action (1.8802ms)
✔ surah information opens as an accessible responsive dossier (1.823ms)
✔ reciter cards keep technical providers in the detail view (0.7087ms)
✔ verse action modal renders a reduced, responsive action grid (2.1864ms)
✔ Tajweed legend groups rules without compressing their labels (1.4689ms)
✔ page atmospheres remain contextual, theme-aware and asset-free (1.1961ms)
✔ mobile reader shell follows the Tajweed card and keeps an explicit home logo (1.3254ms)
✔ verse reference and primary actions keep one production-safe row (0.8361ms)
✔ home mobile hierarchy progressively discloses secondary content (1.7103ms)
✔ Mushaf pages keep a compact, theme-aware reading hierarchy (1.0361ms)
✔ reciter details expose a resumable complete Quran offline download (1.0409ms)
✔ immersive Mushaf opens on the verse in view and leafs right to left like a printed book (3.6087ms)
✔ immersive Mushaf keeps a quiet chrome: dialog, close, zoom and page controls (0.862ms)
✔ immersive Mushaf is edge-to-edge and theme-aware through its own portal sheet (3.102ms)
✔ surah headings keep an accessible Arabic title while calligraphic selectors stay hidden from assistive tech (1.7773ms)
✔ the active surah name keeps its meaning animated without harming accessibility (2.2773ms)
✔ home quick suggestions stay compact and available responsively (1.1612ms)
✔ home surah play controls expose and toggle the real playback state (3.3951ms)
✔ retired word analysis CSS is absent from the application shell (3.9664ms)
✔ continuous Mushaf text strips embedded markers before rendering its marker (1.0298ms)
✔ Warsh page data and fullscreen share one renderer with one marker owner (1.6376ms)
✔ continuous Mushaf markers leave a readable gap before the next ayah (0.6528ms)
✔ ayah numbers keep one canonical glyph regardless of the reading font (0.4793ms)
✖ Tajweed legend and Quran.com markup share the same eight rule families (3.5142ms)
✔ the visual system separates brand, gold, Warsh and transliteration roles (1.4741ms)
✔ the application-wide design system owns themes, surfaces and responsive fallbacks (1.306ms)
✔ recitation performance: Warsh playlists are built locally without text fetches (3.052ms)
✔ recitation performance: surah-stream radio keeps one item per surah (3.2008ms)
✔ audio sync: a full-surah stream exposes and advances the active ayah (17.4197ms)
✔ audio sync: selecting an ayah seeks within a full-surah stream (7.2411ms)
✔ audio performance: a rapid verse change supersedes the stale load cleanly (1.6618ms)
✔ audio performance: rapid reciter changes are serialized and latest wins (1.5055ms)
✔ audio correctness: switching reciter never reuses the previous reciter timing URL (1.0685ms)
✔ audio resilience: EveryAyah primary failure falls back to its mirror (0.6241ms)
✔ audio lifecycle: play and pause subscribers drive pausable consumers (2.1912ms)
✔ reciters: Hafs and Warsh catalogues are complete (9.8456ms)
✔ reciters: removed voices no longer resolve (7.3713ms)
✔ reciters: Hafs streams only from the Quran.com CDN, EveryAyah or approved MP3Quran surah feeds (1.0454ms)
✔ reciters: only the approved voices stream whole surahs (0.3914ms)
✔ reciters: ids are unique and metadata is compatible with the player (9.6246ms)
✔ reciters: QuranPedia cdn values are numeric recitation ids (0.2657ms)
✔ reciters: every catalogue entry has a visual and localized biography (1.9251ms)
✔ reciters: curated portrait URLs replace every known text thumbnail (1.0502ms)
✔ reciters: portrait attribution matches the actual image host (5.056ms)
✔ reciters: Al-Matrood and Al-Sudais have verified biography sources (0.3804ms)
✔ reciters: requested voices are discoverable through common spellings (0.3863ms)
✔ reciters: every biography exposes a reviewed HTTPS source (0.5981ms)
✔ reciters: reciter profiles match the catalogue exactly (0.2395ms)
✔ reciters: attributed portraits and biography sources are wired (1.1328ms)
✔ reciters: Warsh additions are marked as verified Warsh (0.1504ms)
✔ audio: per-ayah URLs are built for every CDN type (17.466ms)
✔ audio: fallback candidates stay within the approved sources (1.6048ms)
✔ all 114 surah routes resolve without clamping or redirection (3.532ms)
✔ invalid reading routes return a real not-found state (0.4259ms)
✔ published transparency routes resolve explicitly (0.309ms)
✔ search preparation sanitizes input and resolves candidates without a worker (2.4369ms)
✔ search preparation falls back when worker messaging is unavailable (4.5504ms)
✔ a positional query is read as a jump target in every supported form (1.9197ms)
✔ out-of-range and textual queries stay on the text search path (0.377ms)
✔ Arabic-Indic digits are folded to the digits the rest of the app uses (0.2094ms)
✔ the shared fold collapses accents, tashkeel and letter variants (0.2366ms)
✔ every surah search box resolves the same query to the same surahs (1.0763ms)
✔ security: allows only whitelisted https hosts (5.1331ms)
✔ security: production CSP excludes dev-only and unused risky sources (0.7491ms)
✔ fonts: the Hafs and Warsh faces are self-hosted as valid WOFF2 assets (1.2404ms)
✔ security: the HTML meta CSP stays compatible with local WebKit previews (0.6157ms)
✔ security: deployment CSP headers match the generated production policy (0.7195ms)
✔ security: all deployable root headers match the centralized policy (1.9378ms)
✔ security: deployment assets use CORP and unused browser capabilities are denied (0.5918ms)
✔ security: reader failures do not expose raw provider errors to the UI (0.7425ms)
✔ security: SVG sanitizer strips active content and external references (6.8262ms)
✔ security: sanitizers reject encoded SVG URLs and dangerous HTML (2.569ms)
✔ security: source avoids raw HTML injection sinks (40.7629ms)
✔ storage: rejects invalid localStorage key format (0.6089ms)
✔ storage: validates a saved note and returns fallback on corruption (0.6061ms)
✔ storage: keeps a valid offline download registry across reloads (0.6595ms)
✔ storage: accepts an explicitly cancelled offline download (0.2678ms)
✔ storage quota reports usage, remaining capacity and persistence (3.0592ms)
✔ storage quota blocks a download that would consume the reserve (0.9816ms)
✔ audio estimates account for stream and verse downloads (1.0971ms)
✔ tafsir: exposes stable keys for selector values (5.2076ms)
✔ tafsir: accepts numeric resource ids and keeps selected source (1.7524ms)
✔ tafsir: falls back when the selected resource fails (0.542ms)
✔ tajwid segments keep leading Arabic marks attached to their base glyph (2.1109ms)
✔ tajwid segments retain the coloured base after moving a leading harakah (0.2775ms)
✔ stand-in superscript alef is normalized without creating an isolated mark (0.1952ms)
✔ QPC dotted-circle anchors never leak into the rendered Quran text (0.2796ms)
✔ QPC filled fallback dots are normalized to the canonical Quranic sign (0.1742ms)
✔ Al-Mulk waqf marks cannot be isolated by a zero-width separator (0.2308ms)
✔ interactive waqf signs preserve their canonical Quran code point on a safe anchor (0.1932ms)
✖ Hafs and Warsh use the shared Quran.com Tajweed color semantics (1.3244ms)
✔ the edition is served from 114 local surah files plus one index (2.1327ms)
✔ every surah file covers its Hafs verses densely, in Hafs numbering (2.5909ms)
✔ the mushaf adds up to 6236 Hafs verses (0.2688ms)
✔ the reading line is latin text only, free of markup and numbering (14.5383ms)
✔ a verse is the space-joined stream of its word transliterations (4.0672ms)
✔ the basmala belongs to Al-Fatiha's numbered verses, not to a surah opening (1.2012ms)
✔ the recitation letters stay readable on the sampled verses (0.2406ms)
✔ index.json pins the SHA-256 of the files actually shipped (25.0283ms)
✔ the edition is registered in the legal attribution ledger (0.4411ms)
✔ the loader reads a surah offline, in Hafs numbering, and parses it once (52.2153ms)
✔ the synchronous read answers from memory only (1.681ms)
✔ a request schedules the load and notifies subscribers when the lines land (65.5589ms)
✔ the attribution is read from the pinned index (0.2955ms)
✔ an incomplete surah is refused instead of shown, even with a matching digest (17.1443ms)
✔ a tampered file fails its pinned digest and is never served (29.058ms)
✔ out-of-range surahs are rejected (0.569ms)
✔ the reading cards take their line from the getter, not from the approximation (4.1365ms)
✔ every populated surah notifies the readers, cache hit included (0.4671ms)
✔ Warsh never receives a Hafs-derived transliteration (0.3712ms)
✔ the loader keeps a single entry point and default export (0.1331ms)
✔ shared modal.jsx close control follows the active language (2.476ms)
✔ shared sheet.jsx close control follows the active language (0.4856ms)
✔ compact mobile player uses the safe-area dock and a visible progress rail (2.0022ms)
✔ reader and mobile settings keep a compact, labelled hierarchy (0.8277ms)
✔ feature-level accessibility labels use the active locale (0.7871ms)
✔ verse sharing: builds a stable MushafPlus deep link (2.203ms)
✔ verse sharing: creates clean localized content (1.0375ms)
✔ verse sharing: provides valid destinations for every supported network (0.8872ms)
✔ verse sharing: strips markup and normalizes whitespace (0.2497ms)
✔ verse sharing: the product flow is image-first (1.5657ms)
✔ voice recognition follows the selected search language (1.5605ms)
✔ voice recognition supports standard and prefixed browser APIs (0.289ms)
✔ search modal exposes an accessible voice control and live feedback (1.1436ms)
✔ setup: the Warsh everyayah reciter really is a per-ayah CDN (10.0707ms)
✔ surahs whose numbering is identical keep producing the old URLs (1.3202ms)
✔ past a divergence point the requested file is the Hafs verse, not the displayed one (1.6892ms)
✔ no Warsh item anywhere in the mushaf asks for a file outside its surah (14.9648ms)
✔ Quran.com CDN URLs and their everyayah fallback keep the Hafs keys (2.1583ms)
✔ QuranPedia URLs ask for the displayed Warsh verse, not the Hafs one (0.7986ms)
✔ loadPlaylist builds Warsh tracks on the Hafs file and keeps the Warsh position (1.8659ms)
✔ the two global numbering spaces really differ for Warsh (0.318ms)
✔ Warsh playback anchors on the Warsh verse, not on the Hafs global (0.6512ms)
✔ Hafs playback is unchanged and still falls back to the global number (0.4368ms)
✔ a verse the provider does not serve never enters the playlist (0.4516ms)
✔ declared audio gaps are catalogue verses, not invented numbers (0.4793ms)
✔ segments are well-formed ranges without overlaps (2.1095ms)
✔ per-surah segment coverage reconciles both ayah totals (6.8457ms)
✔ Al-Fatiha: the ornamental basmala has no numbered Warsh ayah (1.1982ms)
✔ Al-Baqarah: Alif-Lam-Mim merges with the following verse in Warsh (1.4254ms)
✔ Ar-Rum: one Warsh ayah recites the first three Hafs verses (0.5571ms)
✔ Al-Haqqah: the split of hafs 25 shows both pieces as that verse (0.4354ms)
✔ Ar-Rahman refrain pairs stay mapped through the merge at the top (4.678ms)
✔ Al-Inshiqaq: the hafs 16 split keeps both Warsh pieces on hafs 16 (0.2837ms)
✔ pure identity surahs map to themselves; offset surahs shift after the first divergence (0.2561ms)
✔ invalid coordinates return null instead of guessing a verse (0.3014ms)
✔ round-tripping a warsh ayah through hafs returns its own neighbourhood (8.394ms)
✔ warshRangeToHafsRange spans merged endpoints (0.3242ms)
✔ every surah reports a reliable mapping (0.2301ms)
✔ warsh coordinates: Hafs ayahs map to themselves (2.1847ms)
✔ warsh coordinates: a mapped Warsh ayah resolves through hafsNumbers (0.3314ms)
✔ warsh coordinates: an unplaced Warsh ayah yields null, never a neighbour (0.2663ms)
✔ warsh coordinates: invalid or missing verse numbers yield null (0.2074ms)
✔ warsh coordinates: every numbered Warsh ayah resolves to Hafs numbers (9.9932ms)
✔ warsh coordinates: the documented divergence anchor stays exact (0.2376ms)
✔ warsh coordinates: all action surfaces hand AyahActions the mapped number (0.8611ms)
✔ warsh coordinates: useQuranDisplayData attaches the mapping on every path (0.5183ms)
✔ legacy Warsh corpus: stripping the marker never removes a Quran letter (106.1358ms)
✔ legacy Warsh corpus: markers attach in every whitespace form (12.7801ms)
✔ presentation forms are content unless they are the proven ayah number (0.3773ms)
✔ without ayah-number evidence no presentation form is stripped (0.4077ms)
✔ digit and bracketed marker forms still collapse (0.342ms)
✔ waqf and recitation signs survive marker stripping (0.1367ms)
✔ append then strip round-trips for Warsh ayahs (6.1097ms)
✔ the new Unicode Warsh source carries no presentation forms to strip (5.3981ms)
✔ Warsh ayahs next to a divergence point resolve to the Hafs verses they recite (2.6268ms)
✔ unplaceable Warsh verses resolve to null instead of a neighbouring verse (0.2819ms)
✔ the Hafs join keeps raw verse numbers untouched (2.0054ms)
✔ mergeHafsSupport resolves its lookup key through the mapping (2.3219ms)
✔ per-surah Warsh totals reconcile the 6214-ayah mushaf (6.1106ms)
✔ the reading header quotes the verse total of the riwaya being read (0.4754ms)
✔ home mushaf totals quote the active riwaya (4.1435ms)
✔ buildSurahAudioPlaylist for Warsh Al-Baqara yields 285 verses, not 286 (0.6109ms)
✔ the Hafs playlist shape is unchanged (1.383ms)
✔ the async playlist builders honour the riwaya without new I/O (0.9287ms)
✔ displayed Warsh ayahs normalize onto hafs-keyed global numbers (0.4662ms)
✔ both Warsh text sources are pinned to immutable commits (4.8781ms)
✔ warshService requires the exact verse count and verifies the digest (1.4806ms)
✔ Quran.com stripping keeps presentation-form ligatures as content (22.0228ms)
✔ the Quran.com strip rule no longer covers presentation-form ranges (0.8616ms)
✔ the edition is served from 114 local surah files plus one index (2.4287ms)
✔ every surah file covers its Warsh verses densely, in Warsh numbering (4.8569ms)
✔ Al-Baqara holds 285 Warsh verses and the whole mushaf 6214 (0.674ms)
✔ each verse carries the Hafs numbers the app's mapping assigns to it (9.7435ms)
✔ every Hafs verse of a surah is recited by exactly one Warsh verse (3.2928ms)
✔ Warsh 1:1 is the Fatiha verse the Madinah mushaf numbers first (0.8001ms)
✔ a merged Warsh verse is the single-space join of its two Hafs sources (1.9572ms)
✔ markup, note markers and verse numbering never reach the reading line (12.2885ms)
✔ tags and translator notes are stripped out of the text, notes kept aside (1.1378ms)
✔ a split Hafs verse repeats its text on each Warsh verse covering it (0.6401ms)
✔ index.json pins the SHA-256 of the files actually shipped (35.23ms)
✔ the loader reads surahs offline and keeps them in Warsh numbering (12.4586ms)
✔ the edition document is stamped warsh and keyed per surah (8.241ms)
✔ a payload whose digest no longer matches the pinned one is refused (1.7514ms)
✔ only Warsh edition ids resolve through the local service (0.1417ms)
✔ the translation chooser advertises the edition as a Warsh option (0.469ms)
✔ fetchTranslations routes the local edition and keeps remote ones remote (0.3001ms)
✔ the selection survives a reload and every locale names the edition (0.4231ms)
✔ the attribution register declares the translation and its rights (0.26ms)
✔ the English edition is served from 114 local surah files plus one index (0.2614ms)
✔ every English surah recites exactly the Warsh verses the French edition recites (3.3827ms)
✔ English reading lines stay free of markup, note markers and numbering (4.3414ms)
✔ the English index.json pins the SHA-256 of the files actually shipped (19.75ms)
✔ the English chooser, storage token, locale labels and attribution are wired (0.8443ms)
✔ the loader serves the English edition offline under its own cache keys (3.585ms)
✔ Hafs word audio keeps its existing url and never warns (44.2416ms)
✔ a warsh word tap still plays but discloses the hafs-only notice once (184.758ms)
✔ invalid coordinates stay no-ops even in warsh (94.1547ms)
✔ WCAG: action sheets expose dialog semantics and focus management (3.7062ms)
✔ WCAG: forms, tabs and audio status keep programmatic names (1.289ms)
✔ WCAG: the unified library dialog isolates its interactions (0.423ms)
✔ WCAG: splash respects language, reduced motion and target size (0.5995ms)
✔ WCAG: reinforced reading colors meet AA contrast on light surfaces (1.3828ms)
✔ the captured field glues two words the list divides (1.3707ms)
✔ a verse field that loses a word boundary is detected, not recited blind (0.7969ms)
✔ the painted Hafs text regains the authoritative word division (0.9399ms)
✔ restoring the division changes segmentation only, never a letter (0.3029ms)
✔ a real wording difference is left alone (0.4776ms)
✔ word data from another verse revokes per-word recitation (0.3014ms)
✔ an absent word array or empty text has nothing to align against (0.3671ms)
✔ ayah-end markers are never recitable words (0.224ms)
ℹ tests 325
ℹ suites 0
ℹ pass 323
ℹ fail 2
ℹ cancelled 0
ℹ skipped 0
ℹ todo 0
ℹ duration_ms 1360.6104

✖ failing tests:

test at tests\reader-ui-contract.test.mjs:460:1
✖ Tajweed legend and Quran.com markup share the same eight rule families (3.5142ms)
  AssertionError [ERR_ASSERTION]: The input did not match the regular expression /--tajwid-silent: #9e9e9e;/. Input:
  
  '\n' +
    '\n' +
    ':root[data-theme="light"],\n' +
    '[data-theme="light"] {\n' +
    '    --brand-bg: #f6f8f4;\n' +
    '    --brand-ink: #19251f;\n' +
    '    --brand-accent: #0f6a43;\n' +
    '    --brand-accent-rgb: 15, 106, 67;\n' +
    '    --brand-gold: #b48732;\n' +
    '    --theme-arabic-base: #121914;\n' +
    '    --theme-scene-a: radial-gradient(\n' +
    '        circle at 12% -14%,\n' +
    '        rgba(15, 106, 67, 0.1),\n' +
    '        transparent 38%\n' +
    '    );\n' +
    '    --theme-scene-b: radial-gradient(\n' +
    '        circle at 88% -12%,\n' +
    '        rgba(180, 135, 50, 0.07),\n' +
    '        transparent 34%\n' +
    '    );\n' +
    '    --theme-pattern:\n' +
    '        linear-gradient(90deg, rgba(31, 40, 50, 0.02) 1px, transparent 1px) 0\n' +
    '            0 / 92px 92px,\n' +
    '        linear-gradient(rgba(47, 158, 167, 0.022) 1px, transparent 1px) 0 0 /\n' +
    '            92px 92px,\n' +
    '        radial-gradient(\n' +
    '                circle at 46px 46px,\n' +
    '                rgba(47, 158, 167, 0.055) 0 1.1px,\n' +
    '                transparent 1.35px\n' +
    '            )\n' +
    '            0 0 / 92px 92px;\n' +
    '    --theme-veil: linear-gradient(\n' +
    '        180deg,\n' +
    '        rgba(255, 255, 255, 0.45),\n' +
    '        transparent 22%,\n' +
    '        transparent 78%,\n' +
    '        rgba(246, 250, 251, 0.34)\n' +
    '    );\n' +
    '    --theme-ornament:\n' +
    '        linear-gradient(\n' +
    '            125deg,\n' +
    '            rgba(255, 255, 255, 0.18),\n' +
    '            transparent 32%,\n' +
    '            transparent 68%,\n' +
    '            rgba(47, 158, 167, 0.065)\n' +
    '        ),\n' +
    '        radial-gradient(\n' +
    '            circle at 16% 20%,\n' +
    '            rgba(47, 158, 167, 0.085),\n' +
    '            transparent 20%\n' +
    '        ),\n' +
    '        radial-gradient(\n' +
    '            circle at 84% 16%,\n' +
    '            rgba(110, 127, 145, 0.065),\n' +
    '            transparent 17%\n' +
    '        );\n' +
    '    --theme-hero-wash:\n' +
    '        linear-gradient(140deg, rgba(255, 255, 255, 0.22), transparent 54%),\n' +
    '        radial-gradient(\n' +
    '            circle at 86% 12%,\n' +
    '            rgba(47, 158, 167, 0.11),\n' +
    '            transparent 30%\n' +
    '        );\n' +
    '\n' +
    '\n' +
    '    --tajwid-silent: #6f6f6f;\n' +
    '    --tajwid-lam-shamsiyya: #6f6f6f;\n' +
    '    --tajwid-ghunna: #1e8e4e;\n' +
    '    --tajwid-idgham: #1e8e4e;\n' +
    '    --tajwid-ikhfa: #1e8e4e;\n' +
    '    --tajwid-iqlab: #1e8e4e;\n' +
    '    --tajwid-qalqala: #0369a1;\n' +
    '    --tajwid-tafkhim: #2e86de;\n' +
    '    --tajwid-madd-normal: #8e44ad;\n' +
    '    --tajwid-madd: #e53935;\n' +
    '    --tajwid-madd-separated: #c75b00;\n' +
    '    --tajwid-madd-connected: #e91e63;\n' +
    '    --tajwid-madd-necessary: #e53935;\n' +
    '    --tajwid-madd-badal: #8e44ad;\n' +
    '    --tajwid-naql: #c75b00;\n' +
    '    --tajwid-tashil: #1e8e4e;\n' +
    '    --tajwid-ibdal: #c75b00;\n' +
    '    --tajwid-sila-kubra: #e91e63;\n' +
    '    --tajwid-tarqiq-ra: #1e8e4e;\n' +
    '    --tajwid-idgham-warsh: #6f6f6f;\n' +
    '}\n' +
    '\n' +
    ':root[data-theme="sepia"],\n' +
    '[data-theme="sepia"] {\n' +
    '    --brand-bg: #f3ead8;\n' +
    '    --brand-ink: #2b2117;\n' +
    '    --brand-accent: #77552c;\n' +
    '    --brand-accent-rgb: 119, 85, 44;\n' +
    '    --brand-gold: #a9782f;\n' +
    '    --theme-arabic-base: #21170e;\n' +
    '\n' +
    '\n' +
    '    --emerald: #7c4a17;\n' +
    '    --emerald-lit: #9a6425;\n' +
    '    --emerald-pale: #ead9b8;\n' +
    '\n' +
    '    --theme-scene-a: radial-gradient(\n' +
    '        circle at 12% -10%,\n' +
    '        rgba(139, 107, 62, 0.22),\n' +
    '        transparent 38%\n' +
    '    );\n' +
    '    --theme-scene-b: radial-gradient(\n' +
    '        circle at 88% -16%,\n' +
    '        rgba(168, 132, 82, 0.16),\n' +
    '        transparent 36%\n' +
    '    );\n' +
    '    --theme-pattern:\n' +
    '        linear-gradient(90deg, rgba(72, 55, 35, 0.025) 1px, transparent 1px) 0\n' +
    '            0 / 92px 92px,\n' +
    '        linear-gradient(rgba(139, 107, 62, 0.025) 1px, transparent 1px) 0 0 /\n' +
    '            92px 92px,\n' +
    '        radial-gradient(\n' +
    '                circle at 24px 24px,\n' +
    '                rgba(168, 132, 82, 0.08) 0 1.1px,\n' +
    '                transparent 1.35px\n' +
    '            )\n' +
    '            0 0 / 92px 92px;\n' +
    '    --theme-veil: linear-gradient(\n' +
    '        180deg,\n' +
    '        rgba(255, 250, 242, 0.5),\n' +
    '        transparent 24%,\n' +
    '        transparent 76%,\n' +
    '        rgba(120, 89, 52, 0.2)\n' +
    '    );\n' +
    '    --theme-ornament:\n' +
    '        linear-gradient(\n' +
    '            125deg,\n' +
    '            rgba(255, 248, 238, 0.2),\n' +
    '            transparent 30%,\n' +
    '            transparent 70%,\n' +
    '            rgba(139, 107, 62, 0.12)\n' +
    '        ),\n' +
    '        radial-gradient(\n' +
    '            circle at 14% 18%,\n' +
    '            rgba(168, 132, 82, 0.15),\n' +
    '            transparent 18%\n' +
    '        ),\n' +
    '        radial-gradient(\n' +
    '            circle at 84% 18%,\n' +
    '            rgba(72, 55, 35, 0.1),\n' +
    '            transparent 18%\n' +
    '        );\n' +
    '    --theme-hero-wash:\n' +
    '        linear-gradient(145deg, rgba(255, 252, 244, 0.2), transparent 56%),\n' +
    '        radial-gradient(\n' +
    '            circle at 84% 14%,\n' +
    '            rgba(139, 107, 62, 0.16),\n' +
    '            transparent 28%\n' +
    '        );\n' +
    '\n' +
    '\n' +
    '    --tajwid-silent: #475569;\n' +
    '    --tajwid-lam-shamsiyya: #475569;\n' +
    '    --tajwid-ghunna: #169777;\n' +
    '    --tajwid-idgham: #169777;\n' +
    '    --tajwid-ikhfa: #169777;\n' +
    '    --tajwid-iqlab: #169777;\n' +
    '    --tajwid-qalqala: #0369a1;\n' +
    '    --tajwid-tafkhim: #2563eb;\n' +
    '    --tajwid-madd-normal: #b45309;\n' +
    '    --tajwid-madd: #d13b83;\n' +
    '    --tajwid-madd-separated: #d13b83;\n' +
    '    --tajwid-madd-connected: #d13b83;\n' +
    '    --tajwid-madd-necessary: #d13b83;\n' +
    '    --tajwid-madd-badal: #b45309;\n' +
    '    --tajwid-naql: #b45309;\n' +
    '    --tajwid-tashil: #169777;\n' +
    '    --tajwid-ibdal: #b45309;\n' +
    '    --tajwid-sila-kubra: #d13b83;\n' +
    '    --tajwid-tarqiq-ra: #169777;\n' +
    '    --tajwid-idgham-warsh: #475569;\n' +
    '}\n' +
    '\n' +
    ':root[data-theme="dark"],\n' +
    '[data-theme="dark"] {\n' +
    '    --brand-bg: #0c1511;\n' +
    '    --brand-ink: #f0eee6;\n' +
    '    --brand-accent: #38a675;\n' +
    '    --brand-accent-rgb: 56, 166, 117;\n' +
    '    --brand-gold: #d0ad62;\n' +
    '    --theme-arabic-base: #f5f0e5;\n' +
    '    --theme-scene-a: radial-gradient(\n' +
    '        circle at 12% -14%,\n' +
    '        rgba(47, 159, 107, 0.11),\n' +
    '        transparent 36%\n' +
    '    );\n' +
    '    --theme-scene-b: radial-gradient(\n' +
    '        circle at 86% -16%,\n' +
    '        rgba(214, 180, 92, 0.07),\n' +
    '        transparent 32%\n' +
    '    );\n' +
    '    --theme-pattern:\n' +
    '        linear-gradient(90deg, rgba(238, 235, 225, 0.024) 1px, transparent 1px) 0\n' +
    '            0 / 92px 92px,\n' +
    '        linear-gradient(rgba(47, 159, 107, 0.025) 1px, transparent 1px) 0 0 /\n' +
    '            92px 92px,\n' +
    '        radial-gradient(\n' +
    '                circle at 46px 46px,\n' +
    '                rgba(47, 159, 107, 0.1) 0 1.05px,\n' +
    '                transparent 1.3px\n' +
    '            )\n' +
    '            0 0 / 92px 92px;\n' +
    '    --theme-veil: linear-gradient(\n' +
    '        180deg,\n' +
    '        rgba(7, 16, 12, 0.16),\n' +
    '        transparent 20%,\n' +
    '        transparent 78%,\n' +
    '        rgba(5, 9, 7, 0.36)\n' +
    '    );\n' +
    '    --theme-ornament:\n' +
    '        linear-gradient(\n' +
    '            125deg,\n' +
    '            rgba(255, 255, 255, 0.04),\n' +
    '            transparent 34%,\n' +
    '            transparent 66%,\n' +
    '            rgba(47, 159, 107, 0.08)\n' +
    '        ),\n' +
    '        radial-gradient(\n' +
    '            circle at 14% 20%,\n' +
    '            rgba(47, 159, 107, 0.11),\n' +
    '            transparent 18%\n' +
    '        ),\n' +
    '        radial-gradient(\n' +
    '            circle at 84% 16%,\n' +
    '            rgba(214, 180, 92, 0.07),\n' +
    '            transparent 17%\n' +
    '        );\n' +
    '    --theme-hero-wash:\n' +
    '        linear-gradient(145deg, rgba(255, 255, 255, 0.04), transparent 54%),\n' +
    '        radial-gradient(\n' +
    '            circle at 84% 14%,\n' +
    '            rgba(47, 159, 107, 0.13),\n' +
    '            transparent 28%\n' +
    '        );\n' +
    '\n' +
    '\n' +
    '    --tajwid-silent: #94a3b8;\n' +
    '    --tajwid-lam-shamsiyya: #94a3b8;\n' +
    '    --tajwid-ghunna: #169777;\n' +
    '    --tajwid-idgham: #169777;\n' +
    '    --tajwid-ikhfa: #169777;\n' +
    '    --tajwid-iqlab: #169777;\n' +
    '    --tajwid-qalqala: #22d3ee;\n' +
    '    --tajwid-tafkhim: #60a5fa;\n' +
    '    --tajwid-madd-normal: #e67e22;\n' +
    '    --tajwid-madd: #f472b6;\n' +
    '    --tajwid-madd-separated: #f472b6;\n' +
    '    --tajwid-madd-connected: #f472b6;\n' +
    '    --tajwid-madd-necessary: #f472b6;\n' +
    '    --tajwid-madd-badal: #e67e22;\n' +
    '    --tajwid-naql: #e67e22;\n' +
    '    --tajwid-tashil: #169777;\n' +
    '    --tajwid-ibdal: #e67e22;\n' +
    '    --tajwid-sila-kubra: #f472b6;\n' +
    '    --tajwid-tarqiq-ra: #169777;\n' +
    '    --tajwid-idgham-warsh: #94a3b8;\n' +
    '}\n' +
    '\n' +
    ':root[data-theme="quran-night"],\n' +
    ':root[data-theme],\n' +
    '[data-theme] {\n' +
    '    --theme-bg: var(--brand-bg);\n' +
    '    --theme-bg-alt: color-mix(\n' +
    '        in srgb,\n' +
    '        var(--brand-bg) 95%,\n' +
    '        var(--brand-ink) 5%\n' +
    '    );\n' +
    '    --theme-surface: color-mix(\n' +
    '        in srgb,\n' +
    '        var(--brand-bg) 93%,\n' +
    '        var(--brand-ink) 7%\n' +
    '    );\n' +
    '    --theme-surface-soft: color-mix(\n' +
    '        in srgb,\n' +
    '        var(--brand-bg) 89%,\n' +
    '        var(--brand-ink) 11%\n' +
    '    );\n' +
    '    --theme-surface-glass: color-mix(\n' +
    '        in srgb,\n' +
    '        var(--theme-surface) 84%,\n' +
    '        transparent 16%\n' +
    '    );\n' +
    '    --theme-text: var(--brand-ink);\n' +
    '    --theme-text-soft: color-mix(\n' +
    '        in srgb,\n' +
    '        var(--brand-ink) 78%,\n' +
    '        var(--brand-bg) 22%\n' +
    '    );\n' +
    '    --theme-text-muted: color-mix(\n' +
    '        in srgb,\n' +
    '        var(--brand-ink) 64%,\n' +
    '        var(--brand-bg) 36%\n' +
    '    );\n' +
    '    --theme-text-inverse: color-mix(in srgb, #ffffff 88%, var(--brand-bg) 12%);\n' +
    '    --theme-primary: var(--brand-accent);\n' +
    '    --theme-primary-rgb: var(--brand-accent-rgb);\n' +
    '    --theme-accent: var(--brand-accent);\n' +
    '    --theme-accent-bright: color-mix(\n' +
    '        in srgb,\n' +
    '        var(--brand-accent) 80%,\n' +
    '        #ffffff 20%\n' +
    '    );\n' +
    '    --theme-border: color-mix(in srgb, var(--brand-ink) 20%, transparent 80%);\n' +
    '    --theme-border-strong: color-mix(\n' +
    '        in srgb,\n' +
    '        var(--brand-ink) 36%,\n' +
    '        var(--brand-accent) 64%\n' +
    '    );\n' +
    '    --theme-arabic: var(\n' +
    '        --theme-arabic-base,\n' +
    '        color-mix(in srgb, var(--brand-accent) 68%, var(--brand-ink) 32%)\n' +
    '    );\n' +
    '    --theme-glow-a: color-mix(\n' +
    '        in srgb,\n' +
    '        var(--brand-accent) 24%,\n' +
    '        transparent 76%\n' +
    '    );\n' +
    '    --theme-glow-b: color-mix(in srgb, var(--brand-ink) 10%, transparent 90%);\n' +
    '    --theme-shadow-panel:\n' +
    '        0 18px 42px rgba(2, 8, 23, 0.18),\n' +
    '        0 1px 0 rgba(255, 255, 255, 0.09) inset;\n' +
    '    --theme-shadow-soft:\n' +
    '        0 10px 24px rgba(2, 8, 23, 0.12),\n' +
    '        0 1px 0 rgba(255, 255, 255, 0.08) inset;\n' +
    '    --theme-app-bg:\n' +
    '        var(--theme-pattern), var(--theme-scene-a), var(--theme-scene-b),\n' +
    '        linear-gradient(\n' +
    '            180deg,\n' +
    '            var(--brand-bg) 0%,\n' +
    '            color-mix(in srgb, var(--brand-bg) 90%, var(--brand-ink) 10%) 52%,\n' +
    '            var(--brand-bg) 100%\n' +
    '        );\n' +
    '\n' +
    '\n' +
    '    --bg: var(--theme-bg);\n' +
    '    --bg-primary: var(--theme-bg);\n' +
    '    --bg-secondary: var(--theme-bg-alt);\n' +
    '    --bg-tertiary: color-mix(\n' +
    '        in srgb,\n' +
    '        var(--theme-bg-alt) 76%,\n' +
    '        var(--theme-surface) 24%\n' +
    '    );\n' +
    '    --bg-card: var(--theme-surface);\n' +
    '    --surface: var(--theme-surface);\n' +
    '    --glass-bg: var(--theme-surface-glass);\n' +
    '    --header-bg: var(--'... 36940 more characters
  
      at TestContext.<anonymous> (file:///C:/Users/amirou/Documents/Quran%20App/tests/reader-ui-contract.test.mjs:501:12)
      at Test.runInAsyncScope (node:async_hooks:227:14)
      at Test.run (node:internal/test_runner/test:1382:25)
      at Test.processPendingSubtests (node:internal/test_runner/test:960:18)
      at Test.postRun (node:internal/test_runner/test:1522:19)
      at Test.run (node:internal/test_runner/test:1447:12)
      at async Test.processPendingSubtests (node:internal/test_runner/test:960:7) {
    generatedMessage: true,
    code: 'ERR_ASSERTION',
    actual: '\n\n:root[data-theme="light"],\n[data-theme="light"] {\n    --brand-bg: #f6f8f4;\n    --brand-ink: #19251f;\n    --brand-accent: #0f6a43;\n    --brand-accent-rgb: 15, 106, 67;\n    --brand-gold: #b48732;\n    --theme-arabic-base: #121914;\n    --theme-scene-a: radial-gradient(\n        circle at 12% -14%,\n        rgba(15, 106, 67, 0.1),\n        transparent 38%\n    );\n    --theme-scene-b: radial-gradient(\n        circle at 88% -12%,\n        rgba(180, 135, 50, 0.07),\n        transparent 34%\n    );\n    --theme-pattern:\n        linear-gradient(90deg, rgba(31, 40, 50, 0.02) 1px, transparent 1px) 0\n            0 / 92px 92px,\n        linear-gradient(rgba(47, 158, 167, 0.022) 1px, transparent 1px) 0 0 /\n            92px 92px,\n        radial-gradient(\n                circle at 46px 46px,\n                rgba(47, 158, 167, 0.055) 0 1.1px,\n                transparent 1.35px\n            )\n            0 0 / 92px 92px;\n    --theme-veil: linear-gradient(\n        180deg,\n        rgba(255, 255, 255, 0.45),\n        transparent 22%,\n        transparent 78%,\n        rgba(246, 250, 251, 0.34)\n    );\n    --theme-ornament:\n        linear-gradient(\n            125deg,\n            rgba(255, 255, 255, 0.18),\n            transparent 32%,\n            transparent 68%,\n            rgba(47, 158, 167, 0.065)\n        ),\n        radial-gradient(\n            circle at 16% 20%,\n            rgba(47, 158, 167, 0.085),\n            transparent 20%\n        ),\n        radial-gradient(\n            circle at 84% 16%,\n            rgba(110, 127, 145, 0.065),\n            transparent 17%\n        );\n    --theme-hero-wash:\n        linear-gradient(140deg, rgba(255, 255, 255, 0.22), transparent 54%),\n        radial-gradient(\n            circle at 86% 12%,\n            rgba(47, 158, 167, 0.11),\n            transparent 30%\n        );\n\n\n    --tajwid-silent: #6f6f6f;\n    --tajwid-lam-shamsiyya: #6f6f6f;\n    --tajwid-ghunna: #1e8e4e;\n    --tajwid-idgham: #1e8e4e;\n    --tajwid-ikhfa: #1e8e4e;\n    --tajwid-iqlab: #1e8e4e;\n    --tajwid-qalqala: #0369a1;\n    --tajwid-tafkhim: #2e86de;\n    --tajwid-madd-normal: #8e44ad;\n    --tajwid-madd: #e53935;\n    --tajwid-madd-separated: #c75b00;\n    --tajwid-madd-connected: #e91e63;\n    --tajwid-madd-necessary: #e53935;\n    --tajwid-madd-badal: #8e44ad;\n    --tajwid-naql: #c75b00;\n    --tajwid-tashil: #1e8e4e;\n    --tajwid-ibdal: #c75b00;\n    --tajwid-sila-kubra: #e91e63;\n    --tajwid-tarqiq-ra: #1e8e4e;\n    --tajwid-idgham-warsh: #6f6f6f;\n}\n\n:root[data-theme="sepia"],\n[data-theme="sepia"] {\n    --brand-bg: #f3ead8;\n    --brand-ink: #2b2117;\n    --brand-accent: #77552c;\n    --brand-accent-rgb: 119, 85, 44;\n    --brand-gold: #a9782f;\n    --theme-arabic-base: #21170e;\n\n\n    --emerald: #7c4a17;\n    --emerald-lit: #9a6425;\n    --emerald-pale: #ead9b8;\n\n    --theme-scene-a: radial-gradient(\n        circle at 12% -10%,\n        rgba(139, 107, 62, 0.22),\n        transparent 38%\n    );\n    --theme-scene-b: radial-gradient(\n        circle at 88% -16%,\n        rgba(168, 132, 82, 0.16),\n        transparent 36%\n    );\n    --theme-pattern:\n        linear-gradient(90deg, rgba(72, 55, 35, 0.025) 1px, transparent 1px) 0\n            0 / 92px 92px,\n        linear-gradient(rgba(139, 107, 62, 0.025) 1px, transparent 1px) 0 0 /\n            92px 92px,\n        radial-gradient(\n                circle at 24px 24px,\n                rgba(168, 132, 82, 0.08) 0 1.1px,\n                transparent 1.35px\n            )\n            0 0 / 92px 92px;\n    --theme-veil: linear-gradient(\n        180deg,\n        rgba(255, 250, 242, 0.5),\n        transparent 24%,\n        transparent 76%,\n        rgba(120, 89, 52, 0.2)\n    );\n    --theme-ornament:\n        linear-gradient(\n            125deg,\n            rgba(255, 248, 238, 0.2),\n            transparent 30%,\n            transparent 70%,\n            rgba(139, 107, 62, 0.12)\n        ),\n        radial-gradient(\n            circle at 14% 18%,\n            rgba(168, 132, 82, 0.15),\n            transparent 18%\n        ),\n        radial-gradient(\n            circle at 84% 18%,\n            rgba(72, 55, 35, 0.1),\n            transparent 18%\n        );\n    --theme-hero-wash:\n        linear-gradient(145deg, rgba(255, 252, 244, 0.2), transparent 56%),\n        radial-gradient(\n            circle at 84% 14%,\n            rgba(139, 107, 62, 0.16),\n            transparent 28%\n        );\n\n\n    --tajwid-silent: #475569;\n    --tajwid-lam-shamsiyya: #475569;\n    --tajwid-ghunna: #169777;\n    --tajwid-idgham: #169777;\n    --tajwid-ikhfa: #169777;\n    --tajwid-iqlab: #169777;\n    --tajwid-qalqala: #0369a1;\n    --tajwid-tafkhim: #2563eb;\n    --tajwid-madd-normal: #b45309;\n    --tajwid-madd: #d13b83;\n    --tajwid-madd-separated: #d13b83;\n    --tajwid-madd-connected: #d13b83;\n    --tajwid-madd-necessary: #d13b83;\n    --tajwid-madd-badal: #b45309;\n    --tajwid-naql: #b45309;\n    --tajwid-tashil: #169777;\n    --tajwid-ibdal: #b45309;\n    --tajwid-sila-kubra: #d13b83;\n    --tajwid-tarqiq-ra: #169777;\n    --tajwid-idgham-warsh: #475569;\n}\n\n:root[data-theme="dark"],\n[data-theme="dark"] {\n    --brand-bg: #0c1511;\n    --brand-ink: #f0eee6;\n    --brand-accent: #38a675;\n    --brand-accent-rgb: 56, 166, 117;\n    --brand-gold: #d0ad62;\n    --theme-arabic-base: #f5f0e5;\n    --theme-scene-a: radial-gradient(\n        circle at 12% -14%,\n        rgba(47, 159, 107, 0.11),\n        transparent 36%\n    );\n    --theme-scene-b: radial-gradient(\n        circle at 86% -16%,\n        rgba(214, 180, 92, 0.07),\n        transparent 32%\n    );\n    --theme-pattern:\n        linear-gradient(90deg, rgba(238, 235, 225, 0.024) 1px, transparent 1px) 0\n            0 / 92px 92px,\n        linear-gradient(rgba(47, 159, 107, 0.025) 1px, transparent 1px) 0 0 /\n            92px 92px,\n        radial-gradient(\n                circle at 46px 46px,\n                rgba(47, 159, 107, 0.1) 0 1.05px,\n                transparent 1.3px\n            )\n            0 0 / 92px 92px;\n    --theme-veil: linear-gradient(\n        180deg,\n        rgba(7, 16, 12, 0.16),\n        transparent 20%,\n        transparent 78%,\n        rgba(5, 9, 7, 0.36)\n    );\n    --theme-ornament:\n        linear-gradient(\n            125deg,\n            rgba(255, 255, 255, 0.04),\n            transparent 34%,\n            transparent 66%,\n            rgba(47, 159, 107, 0.08)\n        ),\n        radial-gradient(\n            circle at 14% 20%,\n            rgba(47, 159, 107, 0.11),\n            transparent 18%\n        ),\n        radial-gradient(\n            circle at 84% 16%,\n            rgba(214, 180, 92, 0.07),\n            transparent 17%\n        );\n    --theme-hero-wash:\n        linear-gradient(145deg, rgba(255, 255, 255, 0.04), transparent 54%),\n        radial-gradient(\n            circle at 84% 14%,\n            rgba(47, 159, 107, 0.13),\n            transparent 28%\n        );\n\n\n    --tajwid-silent: #94a3b8;\n    --tajwid-lam-shamsiyya: #94a3b8;\n    --tajwid-ghunna: #169777;\n    --tajwid-idgham: #169777;\n    --tajwid-ikhfa: #169777;\n    --tajwid-iqlab: #169777;\n    --tajwid-qalqala: #22d3ee;\n    --tajwid-tafkhim: #60a5fa;\n    --tajwid-madd-normal: #e67e22;\n    --tajwid-madd: #f472b6;\n    --tajwid-madd-separated: #f472b6;\n    --tajwid-madd-connected: #f472b6;\n    --tajwid-madd-necessary: #f472b6;\n    --tajwid-madd-badal: #e67e22;\n    --tajwid-naql: #e67e22;\n    --tajwid-tashil: #169777;\n    --tajwid-ibdal: #e67e22;\n    --tajwid-sila-kubra: #f472b6;\n    --tajwid-tarqiq-ra: #169777;\n    --tajwid-idgham-warsh: #94a3b8;\n}\n\n:root[data-theme="quran-night"],\n:root[data-theme],\n[data-theme] {\n    --theme-bg: var(--brand-bg);\n    --theme-bg-alt: color-mix(\n        in srgb,\n        var(--brand-bg) 95%,\n        var(--brand-ink) 5%\n    );\n    --theme-surface: color-mix(\n        in srgb,\n        var(--brand-bg) 93%,\n        var(--brand-ink) 7%\n    );\n    --theme-surface-soft: color-mix(\n        in srgb,\n        var(--brand-bg) 89%,\n        var(--brand-ink) 11%\n    );\n    --theme-surface-glass: color-mix(\n        in srgb,\n        var(--theme-surface) 84%,\n        transparent 16%\n    );\n    --theme-text: var(--brand-ink);\n    --theme-text-soft: color-mix(\n        in srgb,\n        var(--brand-ink) 78%,\n        var(--brand-bg) 22%\n    );\n    --theme-text-muted: color-mix(\n        in srgb,\n        var(--brand-ink) 64%,\n        var(--brand-bg) 36%\n    );\n    --theme-text-inverse: color-mix(in srgb, #ffffff 88%, var(--brand-bg) 12%);\n    --theme-primary: var(--brand-accent);\n    --theme-primary-rgb: var(--brand-accent-rgb);\n    --theme-accent: var(--brand-accent);\n    --theme-accent-bright: color-mix(\n        in srgb,\n        var(--brand-accent) 80%,\n        #ffffff 20%\n    );\n    --theme-border: color-mix(in srgb, var(--brand-ink) 20%, transparent 80%);\n    --theme-border-strong: color-mix(\n        in srgb,\n        var(--brand-ink) 36%,\n        var(--brand-accent) 64%\n    );\n    --theme-arabic: var(\n        --theme-arabic-base,\n        color-mix(in srgb, var(--brand-accent) 68%, var(--brand-ink) 32%)\n    );\n    --theme-glow-a: color-mix(\n        in srgb,\n        var(--brand-accent) 24%,\n        transparent 76%\n    );\n    --theme-glow-b: color-mix(in srgb, var(--brand-ink) 10%, transparent 90%);\n    --theme-shadow-panel:\n        0 18px 42px rgba(2, 8, 23, 0.18),\n        0 1px 0 rgba(255, 255, 255, 0.09) inset;\n    --theme-shadow-soft:\n        0 10px 24px rgba(2, 8, 23, 0.12),\n        0 1px 0 rgba(255, 255, 255, 0.08) inset;\n    --theme-app-bg:\n        var(--theme-pattern), var(--theme-scene-a), var(--theme-scene-b),\n        linear-gradient(\n            180deg,\n            var(--brand-bg) 0%,\n            color-mix(in srgb, var(--brand-bg) 90%, var(--brand-ink) 10%) 52%,\n            var(--brand-bg) 100%\n        );\n\n\n    --bg: var(--theme-bg);\n    --bg-primary: var(--theme-bg);\n    --bg-secondary: var(--theme-bg-alt);\n    --bg-tertiary: color-mix(\n        in srgb,\n        var(--theme-bg-alt) 76%,\n        var(--theme-surface) 24%\n    );\n    --bg-card: var(--theme-surface);\n    --surface: var(--theme-surface);\n    --glass-bg: var(--theme-surface-glass);\n    --header-bg: var(--'... 36940 more characters,
    expected: /--tajwid-silent: #9e9e9e;/,
    operator: 'match',
    diff: 'simple'
  }

test at tests\tajwid-segments.test.mjs:98:1
✖ Hafs and Warsh use the shared Quran.com Tajweed color semantics (1.3244ms)
  AssertionError [ERR_ASSERTION]: hafs:ghunna
  + actual - expected
  
  + '#1e8e4e'
  - '#27ae60'
  
      at TestContext.<anonymous> (file:///C:/Users/amirou/Documents/Quran%20App/tests/tajwid-segments.test.mjs:119:14)
      at Test.runInAsyncScope (node:async_hooks:227:14)
      at Test.run (node:internal/test_runner/test:1382:25)
      at Test.processPendingSubtests (node:internal/test_runner/test:960:18)
      at Test.postRun (node:internal/test_runner/test:1522:19)
      at Test.run (node:internal/test_runner/test:1447:12)
      at async Test.processPendingSubtests (node:internal/test_runner/test:960:7) {
    generatedMessage: false,
    code: 'ERR_ASSERTION',
    actual: '#1e8e4e',
    expected: '#27ae60',
    operator: 'strictEqual',
    diff: 'simple'
  }
