
> mushafplus@1.1.0 build
> vite build && node scripts/generate-shell-manifest.mjs && node scripts/purge-css.mjs && node scripts/generate-seo-pages.mjs && node scripts/check-seo-output.mjs && node scripts/audit-performance.mjs

[36mvite v8.2.0 [32mbuilding client environment for production...[36m[39m
[2Ktransforming...Found 22 warnings while optimizing generated CSS:

Issue #1:
[2m│   color: var(--tajwid-idgham-warsh);[22m
[2m│ }[22m
[2m│[22m ::highlight(tajwid-ghunna) {
[2m┆[22m             [33m[2m^--[22m 'highlight' is not recognized as a valid pseudo-element. Did you mean ':highlight' (pseudo-class) or is this a typo?[39m
[2m┆[22m
[2m│   color: var(--tajwid-ghunna);[22m
[2m│ }[22m

Issue #2:
[2m│   color: var(--tajwid-ghunna);[22m
[2m│ }[22m
[2m│[22m ::highlight(tajwid-ikhfa) {
[2m┆[22m             [33m[2m^--[22m 'highlight' is not recognized as a valid pseudo-element. Did you mean ':highlight' (pseudo-class) or is this a typo?[39m
[2m┆[22m
[2m│   color: var(--tajwid-ikhfa);[22m
[2m│ }[22m

Issue #3:
[2m│   color: var(--tajwid-ikhfa);[22m
[2m│ }[22m
[2m│[22m ::highlight(tajwid-qalqala) {
[2m┆[22m             [33m[2m^--[22m 'highlight' is not recognized as a valid pseudo-element. Did you mean ':highlight' (pseudo-class) or is this a typo?[39m
[2m┆[22m
[2m│   color: var(--tajwid-qalqala);[22m
[2m│ }[22m

Issue #4:
[2m│   color: var(--tajwid-qalqala);[22m
[2m│ }[22m
[2m│[22m ::highlight(tajwid-idgham) {
[2m┆[22m             [33m[2m^--[22m 'highlight' is not recognized as a valid pseudo-element. Did you mean ':highlight' (pseudo-class) or is this a typo?[39m
[2m┆[22m
[2m│   color: var(--tajwid-idgham);[22m
[2m│ }[22m

Issue #5:
[2m│   color: var(--tajwid-idgham);[22m
[2m│ }[22m
[2m│[22m ::highlight(tajwid-iqlab) {
[2m┆[22m             [33m[2m^--[22m 'highlight' is not recognized as a valid pseudo-element. Did you mean ':highlight' (pseudo-class) or is this a typo?[39m
[2m┆[22m
[2m│   color: var(--tajwid-iqlab);[22m
[2m│ }[22m

Issue #6:
[2m│   color: var(--tajwid-iqlab);[22m
[2m│ }[22m
[2m│[22m ::highlight(tajwid-madd-normal) {
[2m┆[22m             [33m[2m^--[22m 'highlight' is not recognized as a valid pseudo-element. Did you mean ':highlight' (pseudo-class) or is this a typo?[39m
[2m┆[22m
[2m│   color: var(--tajwid-madd-normal);[22m
[2m│ }[22m

Issue #7:
[2m│   color: var(--tajwid-madd-normal);[22m
[2m│ }[22m
[2m│[22m ::highlight(tajwid-madd-separated) {
[2m┆[22m             [33m[2m^--[22m 'highlight' is not recognized as a valid pseudo-element. Did you mean ':highlight' (pseudo-class) or is this a typo?[39m
[2m┆[22m
[2m│   color: var(--tajwid-madd-separated);[22m
[2m│ }[22m

Issue #8:
[2m│   color: var(--tajwid-madd-separated);[22m
[2m│ }[22m
[2m│[22m ::highlight(tajwid-madd-connected) {
[2m┆[22m             [33m[2m^--[22m 'highlight' is not recognized as a valid pseudo-element. Did you mean ':highlight' (pseudo-class) or is this a typo?[39m
[2m┆[22m
[2m│   color: var(--tajwid-madd-connected);[22m
[2m│ }[22m

Issue #9:
[2m│   color: var(--tajwid-madd-connected);[22m
[2m│ }[22m
[2m│[22m ::highlight(tajwid-madd) {
[2m┆[22m             [33m[2m^--[22m 'highlight' is not recognized as a valid pseudo-element. Did you mean ':highlight' (pseudo-class) or is this a typo?[39m
[2m┆[22m
[2m│   color: var(--tajwid-madd);[22m
[2m│ }[22m

Issue #10:
[2m│   color: var(--tajwid-madd);[22m
[2m│ }[22m
[2m│[22m ::highlight(tajwid-madd-necessary) {
[2m┆[22m             [33m[2m^--[22m 'highlight' is not recognized as a valid pseudo-element. Did you mean ':highlight' (pseudo-class) or is this a typo?[39m
[2m┆[22m
[2m│   color: var(--tajwid-madd-necessary);[22m
[2m│ }[22m

Issue #11:
[2m│   color: var(--tajwid-madd-necessary);[22m
[2m│ }[22m
[2m│[22m ::highlight(tajwid-madd-badal) {
[2m┆[22m             [33m[2m^--[22m 'highlight' is not recognized as a valid pseudo-element. Did you mean ':highlight' (pseudo-class) or is this a typo?[39m
[2m┆[22m
[2m│   color: var(--tajwid-madd-badal);[22m
[2m│ }[22m

Issue #12:
[2m│   color: var(--tajwid-madd-badal);[22m
[2m│ }[22m
[2m│[22m ::highlight(tajwid-lam-shamsiyya) {
[2m┆[22m             [33m[2m^--[22m 'highlight' is not recognized as a valid pseudo-element. Did you mean ':highlight' (pseudo-class) or is this a typo?[39m
[2m┆[22m
[2m│   color: var(--tajwid-lam-shamsiyya);[22m
[2m│ }[22m

Issue #13:
[2m│   color: var(--tajwid-lam-shamsiyya);[22m
[2m│ }[22m
[2m│[22m ::highlight(tajwid-silent) {
[2m┆[22m             [33m[2m^--[22m 'highlight' is not recognized as a valid pseudo-element. Did you mean ':highlight' (pseudo-class) or is this a typo?[39m
[2m┆[22m
[2m│   color: var(--tajwid-silent);[22m
[2m│ }[22m

Issue #14:
[2m│   color: var(--tajwid-silent);[22m
[2m│ }[22m
[2m│[22m ::highlight(tajwid-tafkhim) {
[2m┆[22m             [33m[2m^--[22m 'highlight' is not recognized as a valid pseudo-element. Did you mean ':highlight' (pseudo-class) or is this a typo?[39m
[2m┆[22m
[2m│   color: var(--tajwid-tafkhim);[22m
[2m│ }[22m

Issue #15:
[2m│   color: var(--tajwid-tafkhim);[22m
[2m│ }[22m
[2m│[22m ::highlight(tajwid-naql) {
[2m┆[22m             [33m[2m^--[22m 'highlight' is not recognized as a valid pseudo-element. Did you mean ':highlight' (pseudo-class) or is this a typo?[39m
[2m┆[22m
[2m│   color: var(--tajwid-naql);[22m
[2m│ }[22m

Issue #16:
[2m│   color: var(--tajwid-naql);[22m
[2m│ }[22m
[2m│[22m ::highlight(tajwid-tashil) {
[2m┆[22m             [33m[2m^--[22m 'highlight' is not recognized as a valid pseudo-element. Did you mean ':highlight' (pseudo-class) or is this a typo?[39m
[2m┆[22m
[2m│   color: var(--tajwid-tashil);[22m
[2m│ }[22m

Issue #17:
[2m│   color: var(--tajwid-tashil);[22m
[2m│ }[22m
[2m│[22m ::highlight(tajwid-ibdal) {
[2m┆[22m             [33m[2m^--[22m 'highlight' is not recognized as a valid pseudo-element. Did you mean ':highlight' (pseudo-class) or is this a typo?[39m
[2m┆[22m
[2m│   color: var(--tajwid-ibdal);[22m
[2m│ }[22m

Issue #18:
[2m│   color: var(--tajwid-ibdal);[22m
[2m│ }[22m
[2m│[22m ::highlight(tajwid-sila-kubra) {
[2m┆[22m             [33m[2m^--[22m 'highlight' is not recognized as a valid pseudo-element. Did you mean ':highlight' (pseudo-class) or is this a typo?[39m
[2m┆[22m
[2m│   color: var(--tajwid-sila-kubra);[22m
[2m│ }[22m

Issue #19:
[2m│   color: var(--tajwid-sila-kubra);[22m
[2m│ }[22m
[2m│[22m ::highlight(tajwid-tarqiq-ra) {
[2m┆[22m             [33m[2m^--[22m 'highlight' is not recognized as a valid pseudo-element. Did you mean ':highlight' (pseudo-class) or is this a typo?[39m
[2m┆[22m
[2m│   color: var(--tajwid-tarqiq-ra);[22m
[2m│ }[22m

Issue #20:
[2m│   color: var(--tajwid-tarqiq-ra);[22m
[2m│ }[22m
[2m│[22m ::highlight(tajwid-idgham-warsh) {
[2m┆[22m             [33m[2m^--[22m 'highlight' is not recognized as a valid pseudo-element. Did you mean ':highlight' (pseudo-class) or is this a typo?[39m
[2m┆[22m
[2m│   color: var(--tajwid-idgham-warsh);[22m
[2m│ }[22m

Issue #21:
[2m│   color: var(--tajwid-idgham-warsh);[22m
[2m│ }[22m
[2m│[22m ::highlight(tajwid-hover) {
[2m┆[22m             [33m[2m^--[22m 'highlight' is not recognized as a valid pseudo-element. Did you mean ':highlight' (pseudo-class) or is this a typo?[39m
[2m┆[22m
[2m│   background-color: rgba(var(--primary-rgb), 0.14);[22m
[2m│ }[22m

Issue #22:
[2m│   background-color: rgba(var(--primary-rgb), 0.14);[22m
[2m│ }[22m
[2m│[22m ::highlight(tajwid-playing) {
[2m┆[22m             [33m[2m^--[22m 'highlight' is not recognized as a valid pseudo-element. Did you mean ':highlight' (pseudo-class) or is this a typo?[39m
[2m┆[22m
[2m│   background-color: rgba(var(--primary-rgb), 0.16);[22m
[2m│ }[22m

✓ 2050 modules transformed.
rendering chunks...
computing gzip size...
dist/index.html                              15.51 kB │ gzip:   4.09 kB
dist/assets/searchQuery.worker-DpdIbfTj.js   16.65 kB
dist/.vite/manifest.json                     17.95 kB │ gzip:   2.38 kB
dist/assets/B6ZHQdcM.css                      1.02 kB │ gzip:   0.47 kB
dist/assets/CtxcU65_.css                      7.83 kB │ gzip:   1.96 kB
dist/assets/CpJAhvHo.css                      7.96 kB │ gzip:   1.81 kB
dist/assets/QX8j7yuu.css                     10.46 kB │ gzip:   2.29 kB
dist/assets/DyzGxGNz.css                     15.53 kB │ gzip:   3.49 kB
dist/assets/DiQASXeM.css                     16.51 kB │ gzip:   3.52 kB
dist/assets/5VpcSb5e.css                     27.88 kB │ gzip:   5.61 kB
dist/assets/CBHt_HZR.css                     47.62 kB │ gzip:   6.15 kB
dist/assets/Cgh9ymQA.css                     60.41 kB │ gzip:   9.33 kB
dist/assets/xr7C9OCn.css                     83.11 kB │ gzip:  13.46 kB
dist/assets/CjA40RDD.css                    265.92 kB │ gzip:  39.09 kB
dist/assets/DAw2l-PI.css                    320.89 kB │ gzip:  49.91 kB
dist/assets/BHhS3kmR.css                    681.30 kB │ gzip: 114.59 kB
dist/assets/ClUpt0SC2.js                      0.05 kB │ gzip:   0.07 kB
dist/assets/p5mvA6Hr.js                       0.33 kB │ gzip:   0.22 kB
dist/assets/B5mE2qJ-.js                       0.36 kB │ gzip:   0.25 kB
dist/assets/D-BT4nt_.js                       0.74 kB │ gzip:   0.45 kB
dist/assets/9w0rRzAF2.js                      0.80 kB │ gzip:   0.42 kB
dist/assets/DCLj4XDt2.js                      1.07 kB │ gzip:   0.51 kB
dist/assets/Dd_uD5pT.js                       1.10 kB │ gzip:   0.62 kB
dist/assets/CffO-1hT.js                       1.55 kB │ gzip:   0.68 kB
dist/assets/BlxHmhlA.js                       1.57 kB │ gzip:   0.78 kB
dist/assets/CmGox3sj.js                       1.61 kB │ gzip:   0.93 kB
dist/assets/BlVoRe_j2.js                      1.70 kB │ gzip:   0.89 kB
dist/assets/Bhr3ut-y.js                       1.78 kB │ gzip:   0.85 kB
dist/assets/QuJRy3DR.js                       1.96 kB │ gzip:   0.87 kB
dist/assets/AB89TYzq.js                       2.57 kB │ gzip:   1.22 kB
dist/assets/C1ySIIRK2.js                      2.67 kB │ gzip:   1.24 kB
dist/assets/DbTTnPmv.js                       2.82 kB │ gzip:   1.18 kB
dist/assets/Dw3Segvz.js                       2.82 kB │ gzip:   1.10 kB
dist/assets/DcyEpcy22.js                      3.14 kB │ gzip:   1.33 kB
dist/assets/BtcNfqYj.js                       3.32 kB │ gzip:   1.34 kB
dist/assets/CMh3Glre2.js                      4.06 kB │ gzip:   1.35 kB
dist/assets/D5y38FhP.js                       4.40 kB │ gzip:   1.62 kB
dist/assets/SlWkd1j8.js                       4.45 kB │ gzip:   1.92 kB
dist/assets/Dza6XaFp.js                       5.32 kB │ gzip:   1.54 kB
dist/assets/CASDHMi7.js                       5.51 kB │ gzip:   2.28 kB
dist/assets/DER1vSv42.js                      6.77 kB │ gzip:   2.82 kB
dist/assets/CoBlSbj9.js                       6.81 kB │ gzip:   3.28 kB
dist/assets/BtaniEWA.js                       6.87 kB │ gzip:   2.48 kB
dist/assets/tpfJkNVl2.js                      8.97 kB │ gzip:   3.49 kB
dist/assets/Ds0Blew72.js                      9.20 kB │ gzip:   2.92 kB
dist/assets/C2NCjGVs2.js                      9.70 kB │ gzip:   3.01 kB
dist/assets/Bf3qGpeM2.js                     10.45 kB │ gzip:   3.93 kB
dist/assets/CXOoKPu1.js                      10.59 kB │ gzip:   3.63 kB
dist/assets/Cptt0wla2.js                     12.05 kB │ gzip:   4.61 kB
dist/assets/D7VbXNAm2.js                     13.90 kB │ gzip:   4.56 kB
dist/assets/BIeKzYH-2.js                     14.53 kB │ gzip:   4.61 kB
dist/assets/B3fqmT9s2.js                     14.56 kB │ gzip:   4.86 kB
dist/assets/J3cIt8AX.js                      15.47 kB │ gzip:   5.73 kB
dist/assets/C1gU_nio.js                      15.61 kB │ gzip:   5.92 kB
dist/assets/CRp_K0z12.js                     15.82 kB │ gzip:   5.51 kB
dist/assets/BeTJotw92.js                     15.88 kB │ gzip:   5.00 kB
dist/assets/CbziUFpl.js                      20.19 kB │ gzip:   6.39 kB
dist/assets/H8YnjSTZ.js                      23.93 kB │ gzip:   8.70 kB
dist/assets/CbraHorm.js                      24.80 kB │ gzip:   6.89 kB
dist/assets/B4ItEjL4.js                      24.96 kB │ gzip:   8.92 kB
dist/assets/SKWAfNH82.js                     25.19 kB │ gzip:   6.71 kB
dist/assets/BbV1xr_y.js                      26.02 kB │ gzip:  10.04 kB
dist/assets/DguL-l4m2.js                     26.71 kB │ gzip:   9.01 kB
dist/assets/CeV4Zaty.js                      27.46 kB │ gzip:   8.81 kB
dist/assets/CHXLtRhI.js                      31.29 kB │ gzip:  10.45 kB
dist/assets/CtlOVN0x.js                      33.09 kB │ gzip:  11.48 kB
dist/assets/CdAjvqRY2.js                     33.50 kB │ gzip:  10.88 kB
dist/assets/CNW1sDJa2.js                     49.86 kB │ gzip:  16.75 kB
dist/assets/B7mxK0iG.js                      53.52 kB │ gzip:  17.42 kB
dist/assets/bYhXP_7G2.js                     58.37 kB │ gzip:  19.12 kB
dist/assets/BB11I7HL.js                      62.45 kB │ gzip:  17.92 kB
dist/assets/BqwKJt8n.js                      69.42 kB │ gzip:  23.10 kB
dist/assets/DB7kiapt2.js                     73.43 kB │ gzip:  19.23 kB
dist/assets/DBS6dEDT.js                     139.58 kB │ gzip:  45.23 kB
dist/assets/DOdX93Fg.js                     196.85 kB │ gzip:  58.85 kB

[33m[33m[INEFFECTIVE_DYNAMIC_IMPORT] [0msrc/i18n/index.js is dynamically imported by src/services/storageService.js, src/utils/wordAudio.js but also statically imported by src/App.jsx, src/components/AudioLoadingIndicator.jsx, src/components/AudioPlayer.jsx, src/components/AyahActions.jsx, src/components/AyahSharePanel.jsx, ..., dynamic import will not move module into another chunk.
[39m
[33m[33m[PLUGIN_TIMINGS] [0mYour build spent significant time in plugins. Here is a breakdown:
  - vite:css (79%)
  - vite:css-post (9%)
  - @tailwindcss/vite:generate:build (7%)
See https://rolldown.rs/reference/InputOptions.checks#plugintimings for more details.
[39m
[32m✓ built in 5.44s[39m
[shell-manifest] Wrote 38 app-shell assets.
[purge-css] Starting CSS purge...
[purge-css] Found 13 CSS files
[purge-css] Expanding content paths...
[purge-css] Found 61 content files

[purge-css] Processing 5VpcSb5e.css...
   Original size: 27.23 KB
   New size: 24.42 KB
   Reduction: 10.3%
   Removed selectors: 16

[purge-css] Processing B6ZHQdcM.css...
   Original size: 1.00 KB
   New size: 1.00 KB
   Reduction: 0.0%
   Removed selectors: 0

[purge-css] Processing BHhS3kmR.css...
   Original size: 665.34 KB
   New size: 383.58 KB
   Reduction: 42.3%
   Removed selectors: 1963

[purge-css] Processing CBHt_HZR.css...
   Original size: 46.51 KB
   New size: 46.23 KB
   Reduction: 0.6%
   Removed selectors: 8

[purge-css] Processing Cgh9ymQA.css...
   Original size: 59.00 KB
   New size: 52.10 KB
   Reduction: 11.7%
   Removed selectors: 57

[purge-css] Processing CjA40RDD.css...
   Original size: 259.69 KB
   New size: 201.68 KB
   Reduction: 22.3%
   Removed selectors: 379

[purge-css] Processing CpJAhvHo.css...
   Original size: 7.78 KB
   New size: 7.78 KB
   Reduction: 0.0%
   Removed selectors: 0

[purge-css] Processing CtxcU65_.css...
   Original size: 7.65 KB
   New size: 7.65 KB
   Reduction: 0.0%
   Removed selectors: 0

[purge-css] Processing DAw2l-PI.css...
   Original size: 313.37 KB
   New size: 249.78 KB
   Reduction: 20.3%
   Removed selectors: 380

[purge-css] Processing DiQASXeM.css...
   Original size: 16.13 KB
   New size: 12.23 KB
   Reduction: 24.2%
   Removed selectors: 22

[purge-css] Processing DyzGxGNz.css...
   Original size: 15.17 KB
   New size: 14.29 KB
   Reduction: 5.8%
   Removed selectors: 10

[purge-css] Processing QX8j7yuu.css...
   Original size: 10.22 KB
   New size: 8.17 KB
   Reduction: 20.1%
   Removed selectors: 10

[purge-css] Processing xr7C9OCn.css...
   Original size: 81.16 KB
   New size: 53.83 KB
   Reduction: 33.7%
   Removed selectors: 167
[purge-css] Live dynamic attribute selectors preserved across 13 files.

[purge-css] CSS purge complete.
[seo] 120 pages indexables + 404 générées, 120 URLs dans le sitemap.
[seo-check] OK — 120 indexable URLs, OG image 77.8 kB.

[perf-audit] Build asset summary
- CSS total: 1062.7 kB
- JS total: 1230.9 kB
- Largest asset: BHhS3kmR.css (383.6 kB)
- Largest asset: DAw2l-PI.css (249.8 kB)
- Largest asset: CjA40RDD.css (201.7 kB)
- Largest asset: DOdX93Fg.js (192.2 kB)
- Largest asset: DBS6dEDT.js (136.3 kB)
[perf-audit] Warning: CSS bundle is still above 500 kB.

[perf-audit] Network probes
- API metadata: 200 in 498 ms
- Quran.com audio CDN: 200 in 272 ms
- QuranPedia Warsh audio: 200 in 403 ms
- EveryAyah CDN audio: 200 in 308 ms
